[Product Info]
Name=ExpressForumLibrary Suite
Version=1.2.1
Key=ExpressForumLibrary
BP=Delphi
[ExpressForumLibrary]
C:\Arquivos de programas\Borland\Delphi5\Bin\dxForumLibD5.bpl= 
C:\Arquivos de programas\Borland\Delphi5\Lib\dxfBackGround.dcu= 
C:\Arquivos de programas\Borland\Delphi5\Lib\dxfCheckBox.dcu= 
C:\Arquivos de programas\Borland\Delphi5\Lib\dxfClock.dcu= 
C:\Arquivos de programas\Borland\Delphi5\Lib\dxfColorButton.dcu= 
C:\Arquivos de programas\Borland\Delphi5\Lib\dxfComboBox.dcu= 
C:\Arquivos de programas\Borland\Delphi5\Lib\dxfComboItemsEditor.dcu= 
C:\Arquivos de programas\Borland\Delphi5\Lib\dxfConnection.dcu= 
C:\Arquivos de programas\Borland\Delphi5\Lib\dxfDesigner.dcu= 
C:\Arquivos de programas\Borland\Delphi5\Lib\dxfExplorer.dcu= 
C:\Arquivos de programas\Borland\Delphi5\Lib\dxfGroupBox.dcu= 
C:\Arquivos de programas\Borland\Delphi5\Lib\dxfLabel.dcu= 
C:\Arquivos de programas\Borland\Delphi5\Lib\dxfLib.res= 
C:\Arquivos de programas\Borland\Delphi5\Lib\dxForumLibD5.dcp= 
C:\Arquivos de programas\Borland\Delphi5\Lib\dxForumLibReg.res= 
C:\Arquivos de programas\Borland\Delphi5\Lib\dxfOutlookBar.dcu= 
C:\Arquivos de programas\Borland\Delphi5\Lib\dxfPictureButton.dcu= 
C:\Arquivos de programas\Borland\Delphi5\Lib\dxfProgressBar.dcu= 
C:\Arquivos de programas\Borland\Delphi5\Lib\dxfQTyperEditor.dcu= 
C:\Arquivos de programas\Borland\Delphi5\Lib\dxfQuickTyp.dcu= 
C:\Arquivos de programas\Borland\Delphi5\Lib\dxfRes.dcu= 
C:\Arquivos de programas\Borland\Delphi5\Lib\dxfShapedForm.dcu= 
C:\Arquivos de programas\Borland\Delphi5\Lib\dxfTimer.dcu= 
[Sample Files]
C:\ProjetosCM5\Cm\ComponentesXT\Developer Express\ExpressForumLibrary\Demos\Delphi 5\All\BkGraund.dfm= 
C:\ProjetosCM5\Cm\ComponentesXT\Developer Express\ExpressForumLibrary\Demos\Delphi 5\All\BkGraund.pas= 
C:\ProjetosCM5\Cm\ComponentesXT\Developer Express\ExpressForumLibrary\Demos\Delphi 5\All\Design.dfm= 
C:\ProjetosCM5\Cm\ComponentesXT\Developer Express\ExpressForumLibrary\Demos\Delphi 5\All\Design.pas= 
C:\ProjetosCM5\Cm\ComponentesXT\Developer Express\ExpressForumLibrary\Demos\Delphi 5\All\DxfLib.dpr= 
C:\ProjetosCM5\Cm\ComponentesXT\Developer Express\ExpressForumLibrary\Demos\Delphi 5\All\DxfLib.res= 
C:\ProjetosCM5\Cm\ComponentesXT\Developer Express\ExpressForumLibrary\Demos\Delphi 5\All\main.dfm= 
C:\ProjetosCM5\Cm\ComponentesXT\Developer Express\ExpressForumLibrary\Demos\Delphi 5\All\main.pas= 
C:\ProjetosCM5\Cm\ComponentesXT\Developer Express\ExpressForumLibrary\Demos\Delphi 5\BackGround\Project1.dpr= 
C:\ProjetosCM5\Cm\ComponentesXT\Developer Express\ExpressForumLibrary\Demos\Delphi 5\BackGround\Project1.res= 
C:\ProjetosCM5\Cm\ComponentesXT\Developer Express\ExpressForumLibrary\Demos\Delphi 5\BackGround\Unit1.dfm= 
C:\ProjetosCM5\Cm\ComponentesXT\Developer Express\ExpressForumLibrary\Demos\Delphi 5\BackGround\Unit1.pas= 
C:\ProjetosCM5\Cm\ComponentesXT\Developer Express\ExpressForumLibrary\Demos\Delphi 5\ColorButton\Project1.dpr= 
C:\ProjetosCM5\Cm\ComponentesXT\Developer Express\ExpressForumLibrary\Demos\Delphi 5\ColorButton\Project1.res= 
C:\ProjetosCM5\Cm\ComponentesXT\Developer Express\ExpressForumLibrary\Demos\Delphi 5\ColorButton\Unit1.dfm= 
C:\ProjetosCM5\Cm\ComponentesXT\Developer Express\ExpressForumLibrary\Demos\Delphi 5\ColorButton\Unit1.pas= 
C:\ProjetosCM5\Cm\ComponentesXT\Developer Express\ExpressForumLibrary\Demos\Delphi 5\Designer\Project1.dpr= 
C:\ProjetosCM5\Cm\ComponentesXT\Developer Express\ExpressForumLibrary\Demos\Delphi 5\Designer\Project1.res= 
C:\ProjetosCM5\Cm\ComponentesXT\Developer Express\ExpressForumLibrary\Demos\Delphi 5\Designer\Unit1.dfm= 
C:\ProjetosCM5\Cm\ComponentesXT\Developer Express\ExpressForumLibrary\Demos\Delphi 5\Designer\Unit1.pas= 
C:\ProjetosCM5\Cm\ComponentesXT\Developer Express\ExpressForumLibrary\Demos\Delphi 5\dxfLabel\Project1.dpr= 
C:\ProjetosCM5\Cm\ComponentesXT\Developer Express\ExpressForumLibrary\Demos\Delphi 5\dxfLabel\Project1.res= 
C:\ProjetosCM5\Cm\ComponentesXT\Developer Express\ExpressForumLibrary\Demos\Delphi 5\dxfLabel\Unit1.dfm= 
C:\ProjetosCM5\Cm\ComponentesXT\Developer Express\ExpressForumLibrary\Demos\Delphi 5\dxfLabel\Unit1.pas= 
C:\ProjetosCM5\Cm\ComponentesXT\Developer Express\ExpressForumLibrary\Demos\Delphi 5\dxfProgressBar\Project1.dpr= 
C:\ProjetosCM5\Cm\ComponentesXT\Developer Express\ExpressForumLibrary\Demos\Delphi 5\dxfProgressBar\Project1.res= 
C:\ProjetosCM5\Cm\ComponentesXT\Developer Express\ExpressForumLibrary\Demos\Delphi 5\dxfProgressBar\Unit1.dfm= 
C:\ProjetosCM5\Cm\ComponentesXT\Developer Express\ExpressForumLibrary\Demos\Delphi 5\dxfProgressBar\Unit1.pas= 
C:\ProjetosCM5\Cm\ComponentesXT\Developer Express\ExpressForumLibrary\Demos\Delphi 5\ExpExp\Project1.dpr= 
C:\ProjetosCM5\Cm\ComponentesXT\Developer Express\ExpressForumLibrary\Demos\Delphi 5\ExpExp\Project1.res= 
C:\ProjetosCM5\Cm\ComponentesXT\Developer Express\ExpressForumLibrary\Demos\Delphi 5\ExpExp\Unit1.dfm= 
C:\ProjetosCM5\Cm\ComponentesXT\Developer Express\ExpressForumLibrary\Demos\Delphi 5\ExpExp\Unit1.pas= 
C:\ProjetosCM5\Cm\ComponentesXT\Developer Express\ExpressForumLibrary\Demos\Delphi 5\PictureButton\Project1.dpr= 
C:\ProjetosCM5\Cm\ComponentesXT\Developer Express\ExpressForumLibrary\Demos\Delphi 5\PictureButton\Project1.res= 
C:\ProjetosCM5\Cm\ComponentesXT\Developer Express\ExpressForumLibrary\Demos\Delphi 5\PictureButton\Unit1.dfm= 
C:\ProjetosCM5\Cm\ComponentesXT\Developer Express\ExpressForumLibrary\Demos\Delphi 5\PictureButton\Unit1.pas= 
C:\ProjetosCM5\Cm\ComponentesXT\Developer Express\ExpressForumLibrary\Demos\Delphi 5\QuickTyper\dbform.dfm= 
C:\ProjetosCM5\Cm\ComponentesXT\Developer Express\ExpressForumLibrary\Demos\Delphi 5\QuickTyper\dbform.pas= 
C:\ProjetosCM5\Cm\ComponentesXT\Developer Express\ExpressForumLibrary\Demos\Delphi 5\QuickTyper\main.dfm= 
C:\ProjetosCM5\Cm\ComponentesXT\Developer Express\ExpressForumLibrary\Demos\Delphi 5\QuickTyper\main.pas= 
C:\ProjetosCM5\Cm\ComponentesXT\Developer Express\ExpressForumLibrary\Demos\Delphi 5\QuickTyper\Qtypepr.dpr= 
C:\ProjetosCM5\Cm\ComponentesXT\Developer Express\ExpressForumLibrary\Demos\Delphi 5\QuickTyper\Qtypepr.res= 
C:\ProjetosCM5\Cm\ComponentesXT\Developer Express\ExpressForumLibrary\Demos\Delphi 5\ShapedForm\Project1.dpr= 
C:\ProjetosCM5\Cm\ComponentesXT\Developer Express\ExpressForumLibrary\Demos\Delphi 5\ShapedForm\Project1.res= 
C:\ProjetosCM5\Cm\ComponentesXT\Developer Express\ExpressForumLibrary\Demos\Delphi 5\ShapedForm\Unit1.dfm= 
C:\ProjetosCM5\Cm\ComponentesXT\Developer Express\ExpressForumLibrary\Demos\Delphi 5\ShapedForm\Unit1.pas= 
C:\ProjetosCM5\Cm\ComponentesXT\Developer Express\ExpressForumLibrary\Demos\Delphi 5\ComboBox\ComboBoxes.dpr= 
C:\ProjetosCM5\Cm\ComponentesXT\Developer Express\ExpressForumLibrary\Demos\Delphi 5\ComboBox\ComboBoxes.res= 
C:\ProjetosCM5\Cm\ComponentesXT\Developer Express\ExpressForumLibrary\Demos\Delphi 5\ComboBox\main.dfm= 
C:\ProjetosCM5\Cm\ComponentesXT\Developer Express\ExpressForumLibrary\Demos\Delphi 5\ComboBox\main.pas= 
[Common Files]
C:\ProjetosCM5\Cm\ComponentesXT\Developer Express\ExpressForumLibrary\EULA.txt= 
[Registry]
Software\Microsoft\Windows\CurrentVersion\Uninstall\ExpressForumLibrary Suite by Developer Express Inc. (Delphi)= 
Software\Developer Express Inc.\Delphi\ExpressForumLibrary by Developer Express Inc.=ExpressForumLibrary
Software\Borland\Delphi\5.0\Known Packages@C:\Arquivos de programas\Borland\Delphi5\Bin\dxForumLibD5.bpl=ExpressForumLibrary
[Folders]
C:\Documents and Settings\desenv0042\Menu Iniciar\Programas\Developer Express Inc.\ExpressForumLibrary Suite\License Agreement= 
C:\Documents and Settings\desenv0042\Menu Iniciar\Programas\Developer Express Inc.\ExpressForumLibrary Suite\Uninstall ExpressForumLibrary(Delphi)= 
C:\Documents and Settings\desenv0042\Menu Iniciar\Programas\Developer Express Inc.\ExpressForumLibrary Suite\Full Library Demo\Delphi 5= 
C:\Documents and Settings\desenv0042\Menu Iniciar\Programas\Developer Express Inc.\ExpressForumLibrary Suite\Background Demo\Delphi 5= 
C:\Documents and Settings\desenv0042\Menu Iniciar\Programas\Developer Express Inc.\ExpressForumLibrary Suite\Color Button Demo\Delphi 5= 
C:\Documents and Settings\desenv0042\Menu Iniciar\Programas\Developer Express Inc.\ExpressForumLibrary Suite\Designer Demo\Delphi 5= 
C:\Documents and Settings\desenv0042\Menu Iniciar\Programas\Developer Express Inc.\ExpressForumLibrary Suite\Express Label Demo\Delphi 5= 
C:\Documents and Settings\desenv0042\Menu Iniciar\Programas\Developer Express Inc.\ExpressForumLibrary Suite\Express ProgressBar Demo\Delphi 5= 
C:\Documents and Settings\desenv0042\Menu Iniciar\Programas\Developer Express Inc.\ExpressForumLibrary Suite\Expression Explorer Demo\Delphi 5= 
C:\Documents and Settings\desenv0042\Menu Iniciar\Programas\Developer Express Inc.\ExpressForumLibrary Suite\Picture Button Demo\Delphi 5= 
C:\Documents and Settings\desenv0042\Menu Iniciar\Programas\Developer Express Inc.\ExpressForumLibrary Suite\Quick Typer Demo\Delphi 5= 
C:\Documents and Settings\desenv0042\Menu Iniciar\Programas\Developer Express Inc.\ExpressForumLibrary Suite\Shaped Form Demo\Delphi 5= 
C:\Documents and Settings\desenv0042\Menu Iniciar\Programas\Developer Express Inc.\ExpressForumLibrary Suite\ComboBoxes Demo\Delphi 5= 
[Dirs]
C:\ProjetosCM5\Cm\ComponentesXT\Developer Express\ExpressForumLibrary= 
