=========================================================
Debug nº 1 ==>[ Regra -> 6205    Passo -> 90   Campo -> "TABTAXAEMP" não encontrada ]<== 09/10/2013 14:56:21
Debug nº 2 ==>[ Regra -> 6204    Passo -> 60   Campo -> "TABTAXAEMP" não encontrada ]<== 09/10/2013 14:56:41
Debug nº 3 ==>[ Regra -> 6205    Passo -> 90   Campo -> "TABTAXAEMP" não encontrada ]<== 09/10/2013 14:57:45
Debug nº 4 ==>[ Regra -> 6204    Passo -> 60   Campo -> "TABTAXAEMP" não encontrada ]<== 09/10/2013 14:58:04
Debug nº 5 ==>[ Regra -> 6205    Passo -> 90   Campo -> "TABTAXAEMP" não encontrada ]<== 09/10/2013 14:59:05
Debug nº 6 ==>[ Regra -> 6204    Passo -> 60   Campo -> "TABTAXAEMP" não encontrada ]<== 09/10/2013 14:59:23
Debug nº 7 ==>[ Regra -> 6205    Passo -> 90   Campo -> "TABTAXAEMP" não encontrada ]<== 09/10/2013 15:00:24
Debug nº 8 ==>[ Regra -> 6204    Passo -> 60   Campo -> "TABTAXAEMP" não encontrada ]<== 09/10/2013 15:00:42
Debug nº 9 ==>[ Regra -> 6205    Passo -> 90   Campo -> "TABTAXAEMP" não encontrada ]<== 09/10/2013 15:01:38
Debug nº 10 ==>[ Regra -> 6204    Passo -> 60   Campo -> "TABTAXAEMP" não encontrada ]<== 09/10/2013 15:01:56
Debug nº 11 ==>[ Regra -> 6205    Passo -> 90   Campo -> "TABTAXAEMP" não encontrada ]<== 09/10/2013 15:02:52
Debug nº 12 ==>[ Regra -> 6204    Passo -> 60   Campo -> "TABTAXAEMP" não encontrada ]<== 09/10/2013 15:03:10
Debug nº 13 ==>[ Regra -> 6205    Passo -> 90   Campo -> "TABTAXAEMP" não encontrada ]<== 09/10/2013 15:04:05
Debug nº 14 ==>[ Regra -> 6204    Passo -> 60   Campo -> "TABTAXAEMP" não encontrada ]<== 09/10/2013 15:04:21
Debug nº 15 ==>[ Regra -> 6205    Passo -> 90   Campo -> "TABTAXAEMP" não encontrada ]<== 09/10/2013 15:05:12
Debug nº 16 ==>[ Regra -> 6204    Passo -> 60   Campo -> "TABTAXAEMP" não encontrada ]<== 09/10/2013 15:05:28
Debug nº 17 ==>[ Regra -> 6205    Passo -> 90   Campo -> "TABTAXAEMP" não encontrada ]<== 09/10/2013 15:06:16
Debug nº 18 ==>[ Regra -> 6204    Passo -> 60   Campo -> "TABTAXAEMP" não encontrada ]<== 09/10/2013 15:06:30
Debug nº 19 ==>[ Regra -> 6205    Passo -> 90   Campo -> "TABTAXAEMP" não encontrada ]<== 09/10/2013 15:07:18
Debug nº 20 ==>[ Regra -> 6204    Passo -> 60   Campo -> "TABTAXAEMP" não encontrada ]<== 09/10/2013 15:07:33
Debug nº 21 ==>[ Regra -> 6205    Passo -> 90   Campo -> "TABTAXAEMP" não encontrada ]<== 09/10/2013 15:08:17
Debug nº 22 ==>[ Regra -> 6204    Passo -> 60   Campo -> "TABTAXAEMP" não encontrada ]<== 09/10/2013 15:08:29
=========================================================
Debug nº 1 ==>[ Regra -> 25653   Passo -> 140  Campo -> "R" não encontrada ]<== 08/01/2014 14:47:08
Debug nº 2 ==>[ Regra -> 25653   Passo -> 160  Campo -> "NOVOPLANO" não encontrada ]<== 08/01/2014 14:47:08
Debug nº 3 ==>[ Regra -> 25653   Passo -> 190  Campo -> "NOVOPLANO" não encontrada ]<== 08/01/2014 14:47:09
=========================================================
Debug nº 1 ==>[ Regra -> 25782   Passo -> 550  Campo -> "R" não encontrada ]<== 12/02/2014 14:32:25
Debug nº 2 ==>[ Regra -> 25782   Passo -> 600  Campo -> "MG30" não encontrada ]<== 12/02/2014 14:32:25
Debug nº 3 ==>[ Regra -> 25525   Passo -> 80   Variavel -> "                      " não encontrada ]<== 12/02/2014 14:32:30
Debug nº 4 ==>[ Regra -> 24400   Passo -> 60   Campo -> "EM_TABQUANTREM" não encontrada ]<== 12/02/2014 14:32:31
Debug nº 5 ==>[ Regra -> 24400   Passo -> 110  Campo -> "EM_LIMITE" não encontrada ]<== 12/02/2014 14:32:32
Debug nº 6 ==>[ Regra -> 4948    Passo -> 30   Campo -> "EMPR_SEGURO" não encontrada ]<== 12/02/2014 14:32:35
=========================================================
Debug nº 1 ==>[ Regra -> 25782   Passo -> 550  Campo -> "R" não encontrada ]<== 13/02/2014 12:49:35
Debug nº 2 ==>[ Regra -> 25782   Passo -> 600  Campo -> "MG30" não encontrada ]<== 13/02/2014 12:49:35
Debug nº 3 ==>[ Regra -> 25525   Passo -> 80   Variavel -> "                      " não encontrada ]<== 13/02/2014 12:49:38
Debug nº 4 ==>[ Regra -> 24400   Passo -> 60   Campo -> "EM_TABQUANTREM" não encontrada ]<== 13/02/2014 12:49:38
Debug nº 5 ==>[ Regra -> 24400   Passo -> 110  Campo -> "EM_LIMITE" não encontrada ]<== 13/02/2014 12:49:39
Debug nº 6 ==>[ Regra -> 4948    Passo -> 30   Campo -> "EMPR_SEGURO" não encontrada ]<== 13/02/2014 12:49:41
=========================================================
Debug nº 1 ==>[ Regra -> 25071   Passo -> 100  Variavel -> "                      " não encontrada ]<== 25/06/2014 07:39:47
