Microsoft (R) Help Compiler
HCRTF 4.01.0950
Copyright (c) Microsoft Corp 1990 - 1995. All rights reserved.
CmParamReport.hpj
    HC2002: Note: 
	The keywords "Fheight property" and "FHeight property" are identical except for case. Help Workshop has modified one keyword to match the other.
    HC2002: Note: 
	The keywords "height property" and "Height property" are identical except for case. Help Workshop has modified one keyword to match the other.
    HC2002: Note: 
	The keywords "Setheight method" and "SetHeight method" are identical except for case. Help Workshop has modified one keyword to match the other.
    HC2002: Note: 
	The keywords "Fheight" and "FHeight" are identical except for case. Help Workshop has modified one keyword to match the other.
    HC2002: Note: 
	The keywords "Fheight_prop" and "FHeight_prop" are identical except for case. Help Workshop has modified one keyword to match the other.
    HC2002: Note: 
	The keywords "height" and "Height" are identical except for case. Help Workshop has modified one keyword to match the other.
    HC2002: Note: 
	The keywords "height_prop" and "Height_prop" are identical except for case. Help Workshop has modified one keyword to match the other.
235	Topics
737	Jumps
306	Keywords
0	Bitmaps


File size: 125,181
Compile time: 0 minutes, 0 seconds
7 notes, 0 warnings
