Comparing files PicEdt.pas and m:\1strel\source\fcpicedt.pas
****** PicEdt.pas
unit PicEdt;

****** m:\1strel\source\fcpicedt.pas
unit fcPicEdt;

******

****** PicEdt.pas
  Windows, Messages, SysUtils, Classes, Graphics, Controls, Forms, Dialogs,
  ExtCtrls, StdCtrls, ExtDlgs, TypInfo, fcCommon;

****** m:\1strel\source\fcpicedt.pas
  Windows, Messages, SysUtils, Classes, Graphics, Controls, Forms, Dialogs,
  ExtCtrls, StdCtrls, ExtDlgs, TypInfo, fcCommon, fcBitmap;

******

****** PicEdt.pas
type
  TPicEditor = class(TForm)
    OKButton: TButton;
****** m:\1strel\source\fcpicedt.pas
type
  TfcPictureEditor = class(TForm)
    OKButton: TButton;
******

****** PicEdt.pas
    { Public declarations }
    StoredImage: TBitmap;
  end;
****** m:\1strel\source\fcpicedt.pas
    { Public declarations }
    StoredImage: TPicture;
  end;
******

****** PicEdt.pas

  function ExecutePictureEditor(AGraphic: TGraphic;
    DestGraphic: TGraphic): Boolean;

****** m:\1strel\source\fcpicedt.pas

  function fcExecutePictureEditor(AGraphic: TGraphic;
    DestGraphic: TPersistent): Boolean;

******

****** PicEdt.pas
var
  PicEditor: TPicEditor;

****** m:\1strel\source\fcpicedt.pas
var
  fcPictureEditor: TfcPictureEditor;

******

****** PicEdt.pas

function ExecutePictureEditor(AGraphic: TGraphic;
  DestGraphic: TGraphic): Boolean;
begin
****** m:\1strel\source\fcpicedt.pas

function fcExecutePictureEditor(AGraphic: TGraphic;
  DestGraphic: TPersistent): Boolean;
begin
******

****** PicEdt.pas
  result := False;
  with TPicEditor.Create(Application) do
  begin
****** m:\1strel\source\fcpicedt.pas
  result := False;
  with TfcPictureEditor.Create(Application) do
  begin
******

****** PicEdt.pas
      result := True;
      DestGraphic.Assign(StoredImage);
    end;
****** m:\1strel\source\fcpicedt.pas
      result := True;
      DestGraphic.Assign(StoredImage.Graphic);
    end;
******

****** PicEdt.pas

procedure TPicEditor.UpdateImage;
var s: TSize;
****** m:\1strel\source\fcpicedt.pas

procedure TfcPictureEditor.UpdateImage;
var s: TSize;
******

****** PicEdt.pas
begin
  if not StoredImage.Empty then
  begin
****** m:\1strel\source\fcpicedt.pas
begin
  if (StoredImage.Graphic <> nil) and not StoredImage.Graphic.Empty then
  begin
******

****** PicEdt.pas
    Image.Picture.Bitmap.Height := s.cy;
    Image.Picture.Bitmap.Canvas.StretchDraw(Rect(0, 0, s.cx, s.cy), StoredImage);
  end;
  if StoredImage.Empty then ImagePanel.Caption := '(None)' else ImagePanel.Caption := '';
end;
****** m:\1strel\source\fcpicedt.pas
    Image.Picture.Bitmap.Height := s.cy;
    Image.Picture.Bitmap.Canvas.StretchDraw(Rect(0, 0, s.cx, s.cy), StoredImage.Graphic);
    ImagePanel.Caption := '';
  end else begin
    Image.Picture.Bitmap.Assign(nil);
    Image.Repaint;
    ImagePanel.Caption := '(None)';
  end;
end;
******

****** PicEdt.pas

procedure TPicEditor.LoadButtonClick(Sender: TObject);
begin
****** m:\1strel\source\fcpicedt.pas

procedure TfcPictureEditor.LoadButtonClick(Sender: TObject);
begin
******

****** PicEdt.pas

procedure TPicEditor.SaveButtonClick(Sender: TObject);
begin
****** m:\1strel\source\fcpicedt.pas

procedure TfcPictureEditor.SaveButtonClick(Sender: TObject);
begin
******

****** PicEdt.pas

procedure TPicEditor.ClearButtonClick(Sender: TObject);
begin
****** m:\1strel\source\fcpicedt.pas

procedure TfcPictureEditor.ClearButtonClick(Sender: TObject);
begin
******

****** PicEdt.pas
  StoredImage.Free;
  StoredImage := TBitmap.Create;
end;
****** m:\1strel\source\fcpicedt.pas
  StoredImage.Free;
  StoredImage := TPicture.Create;
//  StoredImage.RespectPalette := True;
  UpdateImage;
end;
******

****** PicEdt.pas

procedure TPicEditor.HelpButtonClick(Sender: TObject);
var KLinkMacro: PChar;
****** m:\1strel\source\fcpicedt.pas

procedure TfcPictureEditor.HelpButtonClick(Sender: TObject);
var KLinkMacro: PChar;
******

****** PicEdt.pas

procedure TPicEditor.FormCreate(Sender: TObject);
begin
  StoredImage := TBitmap.Create;
end;
****** m:\1strel\source\fcpicedt.pas

procedure TfcPictureEditor.FormCreate(Sender: TObject);
begin
  StoredImage := TPicture.Create;
//  StoredImage.RespectPalette := True;
end;
******

****** PicEdt.pas

procedure TPicEditor.FormDestroy(Sender: TObject);
begin
****** m:\1strel\source\fcpicedt.pas

procedure TfcPictureEditor.FormDestroy(Sender: TObject);
begin
******


