***  Installation Started 11/28/2000 16:37  ***
Title: 1stClass 2000 Pro. for Delphi 5/Builder 5 Installation
Source: \\Cmbdc\Produtos\InfoPower\Delphi5\1stclass2000ProVcl5.exe | 11-23-2000 | 15:28:18 | 4278514
Made Dir: C:\ProjetosCM5\CM\ComponentesXT\1stClass2000vcl5
File Copy: C:\ProjetosCM5\CM\ComponentesXT\1stClass2000vcl5\UNWISE.EXE | 06-25-1999 | 10:55:30 | | 149504 | 30fdd633
RegDB Key: Software\Microsoft\Windows\CurrentVersion\Uninstall\1stClass 2000 Pro. for Delphi 5/C++ Builder 5
RegDB Val: 1stClass 2000 Pro. for Delphi 5/C++ Builder 5
RegDB Name: DisplayName
RegDB Root: 2
RegDB Key: Software\Microsoft\Windows\CurrentVersion\Uninstall\1stClass 2000 Pro. for Delphi 5/C++ Builder 5
RegDB Val: C:\PROJET~1\CM\COMPON~2\1STCLA~1\UNWISE.EXE C:\PROJET~1\CM\COMPON~2\1STCLA~1\INSTALL.LOG
RegDB Name: UninstallString
RegDB Root: 2
Made Dir: C:\ProjetosCM5\CM\ComponentesXT\1stClass2000vcl5\demos
Made Dir: C:\ProjetosCM5\CM\ComponentesXT\1stClass2000vcl5\demos\ButtonGroup
File Copy: C:\ProjetosCM5\CM\ComponentesXT\1stClass2000vcl5\demos\ButtonGroup\about.dfm | 06-18-1998 | 05:00:00 | | 881 | 68d78353
File Copy: C:\ProjetosCM5\CM\ComponentesXT\1stClass2000vcl5\demos\ButtonGroup\about.pas | 06-18-1998 | 05:00:00 | | 475 | 9501fb01
File Copy: C:\ProjetosCM5\CM\ComponentesXT\1stClass2000vcl5\demos\ButtonGroup\buttongroupdemo.dfm | 02-11-2000 | 17:25:14 | | 178307 | 22aa7c1b
File Copy: C:\ProjetosCM5\CM\ComponentesXT\1stClass2000vcl5\demos\ButtonGroup\buttongroupdemo.pas | 08-20-1999 | 16:51:52 | | 11639 | 2db583df
File Copy: C:\ProjetosCM5\CM\ComponentesXT\1stClass2000vcl5\demos\ButtonGroup\CHILDWIN.dfm | 04-02-1999 | 11:45:44 | | 1938 | 1934894b
File Copy: C:\ProjetosCM5\CM\ComponentesXT\1stClass2000vcl5\demos\ButtonGroup\Childwin.pas | 03-25-1999 | 15:21:48 | | 1490 | 59bb68e5
File Copy: C:\ProjetosCM5\CM\ComponentesXT\1stClass2000vcl5\demos\ButtonGroup\Demo1stClassMDI.cfg | 02-08-2000 | 14:17:56 | | 440 | 18b8369e
File Copy: C:\ProjetosCM5\CM\ComponentesXT\1stClass2000vcl5\demos\ButtonGroup\Demo1stClassMDI.dof | 02-11-2000 | 09:15:18 | | 1230 | 2f1f6e0c
File Copy: C:\ProjetosCM5\CM\ComponentesXT\1stClass2000vcl5\demos\ButtonGroup\Demo1stClassMDI.dpr | 03-30-1999 | 00:48:00 | | 289 | 8fce0d53
File Copy: C:\ProjetosCM5\CM\ComponentesXT\1stClass2000vcl5\demos\ButtonGroup\Demo1stClassMDI.res | 02-08-2000 | 14:17:36 | | 1876 | e0be5005
File Copy: C:\ProjetosCM5\CM\ComponentesXT\1stClass2000vcl5\demos\ButtonGroup\MAIN.dfm | 03-16-1999 | 17:20:22 | | 13283 | d02a385d
File Copy: C:\ProjetosCM5\CM\ComponentesXT\1stClass2000vcl5\demos\ButtonGroup\Main.pas | 04-02-1999 | 11:47:20 | | 3022 | 51e7d281
File Copy: C:\ProjetosCM5\CM\ComponentesXT\1stClass2000vcl5\demos\ButtonGroup\mdiapp.ico | 06-18-1998 | 05:00:00 | | 766 | ff6434d0
File Copy: C:\ProjetosCM5\CM\ComponentesXT\1stClass2000vcl5\demos\ButtonGroup\pbuttongroupdemo.cfg | 02-11-2000 | 17:21:26 | | 386 | c70cca5a
File Copy: C:\ProjetosCM5\CM\ComponentesXT\1stClass2000vcl5\demos\ButtonGroup\pbuttongroupdemo.dof | 02-11-2000 | 17:21:30 | | 924 | 263d9f70
File Copy: C:\ProjetosCM5\CM\ComponentesXT\1stClass2000vcl5\demos\ButtonGroup\pbuttongroupdemo.dpr | 03-25-1999 | 15:25:40 | | 249 | c5492968
File Copy: C:\ProjetosCM5\CM\ComponentesXT\1stClass2000vcl5\demos\ButtonGroup\pbuttongroupdemo.res | 03-29-1999 | 11:38:34 | | 876 | 24de9315
File Copy: C:\ProjetosCM5\CM\ComponentesXT\1stClass2000vcl5\demos\ButtonGroup\ptabbuttons.dof | 04-02-1999 | 11:38:16 | | 804 | 651385e4
File Copy: C:\ProjetosCM5\CM\ComponentesXT\1stClass2000vcl5\demos\ButtonGroup\ptabbuttons.dpr | 01-27-1999 | 11:24:54 | | 231 | 130801e3
File Copy: C:\ProjetosCM5\CM\ComponentesXT\1stClass2000vcl5\demos\ButtonGroup\ptabbuttons.res | 03-25-1999 | 15:26:58 | | 876 | cb4d809
File Copy: C:\ProjetosCM5\CM\ComponentesXT\1stClass2000vcl5\demos\ButtonGroup\tabbuttons.dfm | 04-02-1999 | 11:37:24 | | 20693 | 18079b36
File Copy: C:\ProjetosCM5\CM\ComponentesXT\1stClass2000vcl5\demos\ButtonGroup\tabbuttons.pas | 04-15-1999 | 14:08:48 | | 1766 | a5c672a
Made Dir: C:\ProjetosCM5\CM\ComponentesXT\1stClass2000vcl5\demos\Buttons
File Copy: C:\ProjetosCM5\CM\ComponentesXT\1stClass2000vcl5\demos\Buttons\ImgButtonDemo.dfm | 04-14-1999 | 23:00:06 | | 240296 | 1a8ea0fa
File Copy: C:\ProjetosCM5\CM\ComponentesXT\1stClass2000vcl5\demos\Buttons\ImgButtonDemo.pas | 04-15-1999 | 14:12:34 | | 9420 | 5a3ad976
File Copy: C:\ProjetosCM5\CM\ComponentesXT\1stClass2000vcl5\demos\Buttons\mapu.dfm | 03-02-1999 | 10:52:16 | | 109168 | 88d09699
File Copy: C:\ProjetosCM5\CM\ComponentesXT\1stClass2000vcl5\demos\Buttons\mapu.pas | 03-31-1999 | 11:43:42 | | 2674 | 87bcfefc
File Copy: C:\ProjetosCM5\CM\ComponentesXT\1stClass2000vcl5\demos\Buttons\PImgDemo.cfg | 01-12-1999 | 11:34:12 | | 316 | 834c2a43
File Copy: C:\ProjetosCM5\CM\ComponentesXT\1stClass2000vcl5\demos\Buttons\PImgDemo.dof | 04-06-1999 | 10:37:32 | | 803 | ad6f11f1
File Copy: C:\ProjetosCM5\CM\ComponentesXT\1stClass2000vcl5\demos\Buttons\PImgDemo.dpr | 03-25-1999 | 15:52:24 | | 237 | cb5148e0
File Copy: C:\ProjetosCM5\CM\ComponentesXT\1stClass2000vcl5\demos\Buttons\PImgDemo.res | 03-25-1999 | 15:45:52 | | 876 | 24de9315
File Copy: C:\ProjetosCM5\CM\ComponentesXT\1stClass2000vcl5\demos\Buttons\pmap.BCE | 01-29-1999 | 16:57:56 | | 12429 | 6c4ba9df
File Copy: C:\ProjetosCM5\CM\ComponentesXT\1stClass2000vcl5\demos\Buttons\pmap.dof | 05-11-1999 | 14:13:02 | | 782 | d8ea5772
File Copy: C:\ProjetosCM5\CM\ComponentesXT\1stClass2000vcl5\demos\Buttons\pmap.dpr | 01-25-1999 | 18:09:10 | | 188 | dc65979b
File Copy: C:\ProjetosCM5\CM\ComponentesXT\1stClass2000vcl5\demos\Buttons\pmap.res | 01-08-1999 | 16:03:00 | | 876 | cb4d809
File Copy: C:\ProjetosCM5\CM\ComponentesXT\1stClass2000vcl5\demos\Buttons\pshapebuttons.cfg | 02-08-1999 | 12:03:12 | | 311 | 5ebb97be
File Copy: C:\ProjetosCM5\CM\ComponentesXT\1stClass2000vcl5\demos\Buttons\pshapebuttons.dof | 03-25-1999 | 15:55:40 | | 803 | 1a644196
File Copy: C:\ProjetosCM5\CM\ComponentesXT\1stClass2000vcl5\demos\Buttons\pshapebuttons.dpr | 03-25-1999 | 15:52:38 | | 228 | 2a6dc518
File Copy: C:\ProjetosCM5\CM\ComponentesXT\1stClass2000vcl5\demos\Buttons\pshapebuttons.res | 03-25-1999 | 15:55:36 | | 876 | 24de9315
File Copy: C:\ProjetosCM5\CM\ComponentesXT\1stClass2000vcl5\demos\Buttons\Shapeu.dfm | 04-20-1999 | 16:02:28 | | 101593 | 174d263b
File Copy: C:\ProjetosCM5\CM\ComponentesXT\1stClass2000vcl5\demos\Buttons\Shapeu.pas | 04-20-1999 | 16:03:00 | | 6796 | 345eef0d
Made Dir: C:\ProjetosCM5\CM\ComponentesXT\1stClass2000vcl5\demos\ColorDemo
File Copy: C:\ProjetosCM5\CM\ComponentesXT\1stClass2000vcl5\demos\ColorDemo\colordemou.dfm | 03-30-1999 | 00:34:52 | | 12312 | c52783fa
File Copy: C:\ProjetosCM5\CM\ComponentesXT\1stClass2000vcl5\demos\ColorDemo\colordemou.pas | 03-25-1999 | 15:58:22 | | 7540 | e540f69c
File Copy: C:\ProjetosCM5\CM\ComponentesXT\1stClass2000vcl5\demos\ColorDemo\pcolordemo.dof | 03-25-1999 | 16:01:36 | | 803 | 391955f9
File Copy: C:\ProjetosCM5\CM\ComponentesXT\1stClass2000vcl5\demos\ColorDemo\pcolordemo.dpr | 03-25-1999 | 15:58:14 | | 224 | 528534f
File Copy: C:\ProjetosCM5\CM\ComponentesXT\1stClass2000vcl5\demos\ColorDemo\pcolordemo.res | 03-25-1999 | 16:01:34 | | 876 | 2d37e273
Made Dir: C:\ProjetosCM5\CM\ComponentesXT\1stClass2000vcl5\demos\dbtreeview
File Copy: C:\ProjetosCM5\CM\ComponentesXT\1stClass2000vcl5\demos\dbtreeview\DBTreeSample1.dfm | 05-07-1999 | 11:46:02 | | 91108 | ca745dbf
File Copy: C:\ProjetosCM5\CM\ComponentesXT\1stClass2000vcl5\demos\dbtreeview\DBTreeSample1.pas | 05-07-1999 | 10:31:16 | | 10771 | 5de787e4
File Copy: C:\ProjetosCM5\CM\ComponentesXT\1stClass2000vcl5\demos\dbtreeview\PrjDBSample1.dof | 04-02-1999 | 15:24:46 | | 1006 | 80a12213
File Copy: C:\ProjetosCM5\CM\ComponentesXT\1stClass2000vcl5\demos\dbtreeview\PrjDBSample1.dpr | 03-25-1999 | 16:05:12 | | 235 | ac71092e
File Copy: C:\ProjetosCM5\CM\ComponentesXT\1stClass2000vcl5\demos\dbtreeview\PrjDBSample1.res | 03-25-1999 | 16:05:42 | | 876 | 899a5672
File Copy: C:\ProjetosCM5\CM\ComponentesXT\1stClass2000vcl5\demos\Demo1stClass.cfg | 02-04-2000 | 17:16:06 | | 386 | b1c3f9fd
File Copy: C:\ProjetosCM5\CM\ComponentesXT\1stClass2000vcl5\demos\Demo1stClass.dof | 02-08-2000 | 15:54:32 | | 1116 | aa19ccb8
File Copy: C:\ProjetosCM5\CM\ComponentesXT\1stClass2000vcl5\demos\Demo1stClass.dpr | 02-04-2000 | 17:15:44 | | 1545 | 999a097
File Copy: C:\ProjetosCM5\CM\ComponentesXT\1stClass2000vcl5\demos\Demo1stClass.res | 02-03-2000 | 13:14:18 | | 3780 | c42556d5
Made Dir: C:\ProjetosCM5\CM\ComponentesXT\1stClass2000vcl5\demos\framing
File Copy: C:\ProjetosCM5\CM\ComponentesXT\1stClass2000vcl5\demos\framing\Frameu.dfm | 02-10-2000 | 16:39:36 | | 206669 | a0f37a37
File Copy: C:\ProjetosCM5\CM\ComponentesXT\1stClass2000vcl5\demos\framing\Frameu.pas | 02-09-2000 | 13:00:34 | | 5389 | b723a12c
File Copy: C:\ProjetosCM5\CM\ComponentesXT\1stClass2000vcl5\demos\framing\graydots.BMP | 02-03-2000 | 17:21:38 | | 598 | e8abe93c
File Copy: C:\ProjetosCM5\CM\ComponentesXT\1stClass2000vcl5\demos\framing\linen.BMP | 02-03-2000 | 17:14:12 | | 2558 | 2b21f5f5
File Copy: C:\ProjetosCM5\CM\ComponentesXT\1stClass2000vcl5\demos\framing\linenform.BMP | 02-02-2000 | 15:21:34 | | 83942 | 4b0c6ab5
File Copy: C:\ProjetosCM5\CM\ComponentesXT\1stClass2000vcl5\demos\framing\mosaic.BMP | 02-03-2000 | 17:12:28 | | 27702 | 2d90da7d
File Copy: C:\ProjetosCM5\CM\ComponentesXT\1stClass2000vcl5\demos\framing\mosaicform.BMP | 02-02-2000 | 13:36:18 | | 83942 | 41cf888d
File Copy: C:\ProjetosCM5\CM\ComponentesXT\1stClass2000vcl5\demos\framing\parchment.BMP | 02-03-2000 | 17:16:00 | | 8310 | b36b9407
File Copy: C:\ProjetosCM5\CM\ComponentesXT\1stClass2000vcl5\demos\framing\parchmentform.bmp | 02-01-2000 | 17:09:12 | | 83942 | f12273b5
File Copy: C:\ProjetosCM5\CM\ComponentesXT\1stClass2000vcl5\demos\framing\pFrame.cfg | 02-08-2000 | 18:17:00 | | 386 | b1c3f9fd
File Copy: C:\ProjetosCM5\CM\ComponentesXT\1stClass2000vcl5\demos\framing\pFrame.dof | 02-08-2000 | 18:17:06 | | 1160 | 138384d0
File Copy: C:\ProjetosCM5\CM\ComponentesXT\1stClass2000vcl5\demos\framing\pFrame.dpr | 02-03-2000 | 11:03:00 | | 200 | 1b5aa09a
File Copy: C:\ProjetosCM5\CM\ComponentesXT\1stClass2000vcl5\demos\framing\pFrame.res | 02-08-2000 | 18:16:56 | | 876 | cb4d809
File Copy: C:\ProjetosCM5\CM\ComponentesXT\1stClass2000vcl5\demos\framing\plain.BMP | 02-03-2000 | 17:10:10 | | 238 | 507f1d03
File Copy: C:\ProjetosCM5\CM\ComponentesXT\1stClass2000vcl5\demos\framing\PlainForm.BMP | 02-02-2000 | 15:00:44 | | 83942 | af6ccb1d
File Copy: C:\ProjetosCM5\CM\ComponentesXT\1stClass2000vcl5\demos\framing\wrinkle.BMP | 02-03-2000 | 17:10:50 | | 37558 | 898c4d31
File Copy: C:\ProjetosCM5\CM\ComponentesXT\1stClass2000vcl5\demos\framing\wrinkleform.BMP | 02-02-2000 | 15:21:44 | | 83942 | 440c918c
Made Dir: C:\ProjetosCM5\CM\ComponentesXT\1stClass2000vcl5\demos\ImageCombo
File Copy: C:\ProjetosCM5\CM\ComponentesXT\1stClass2000vcl5\demos\ImageCombo\ImgCombos.dfm | 05-07-1999 | 11:52:16 | | 15456 | 68e42f58
File Copy: C:\ProjetosCM5\CM\ComponentesXT\1stClass2000vcl5\demos\ImageCombo\ImgCombos.pas | 05-07-1999 | 12:00:58 | | 3053 | 232c41b8
File Copy: C:\ProjetosCM5\CM\ComponentesXT\1stClass2000vcl5\demos\ImageCombo\ImgCombosDemo.dof | 04-14-1999 | 23:01:28 | | 803 | 391955f9
File Copy: C:\ProjetosCM5\CM\ComponentesXT\1stClass2000vcl5\demos\ImageCombo\ImgCombosDemo.dpr | 03-25-1999 | 16:08:00 | | 237 | d1953b6a
File Copy: C:\ProjetosCM5\CM\ComponentesXT\1stClass2000vcl5\demos\ImageCombo\ImgCombosDemo.res | 03-25-1999 | 16:10:36 | | 876 | aafa333b
Made Dir: C:\ProjetosCM5\CM\ComponentesXT\1stClass2000vcl5\demos\ImageForm
File Copy: C:\ProjetosCM5\CM\ComponentesXT\1stClass2000vcl5\demos\ImageForm\imagetabformu.dfm | 04-02-1999 | 11:36:32 | | 134629 | f887916f
File Copy: C:\ProjetosCM5\CM\ComponentesXT\1stClass2000vcl5\demos\ImageForm\imagetabformu.pas | 04-15-1999 | 14:13:32 | | 1673 | dfe15aa4
File Copy: C:\ProjetosCM5\CM\ComponentesXT\1stClass2000vcl5\demos\ImageForm\orderformu.dfm | 02-11-2000 | 12:51:58 | | 188594 | f6cf9bd6
File Copy: C:\ProjetosCM5\CM\ComponentesXT\1stClass2000vcl5\demos\ImageForm\orderformu.pas | 02-11-2000 | 12:51:58 | | 4228 | aca65064
File Copy: C:\ProjetosCM5\CM\ComponentesXT\1stClass2000vcl5\demos\ImageForm\PTabForm.dof | 05-11-1999 | 14:14:42 | | 738 | 1cf92215
File Copy: C:\ProjetosCM5\CM\ComponentesXT\1stClass2000vcl5\demos\ImageForm\PTabForm.dpr | 02-16-1999 | 11:49:58 | | 225 | 6b3b8fc5
File Copy: C:\ProjetosCM5\CM\ComponentesXT\1stClass2000vcl5\demos\ImageForm\PTabForm.res | 02-16-1999 | 11:49:00 | | 876 | ad1df479
File Copy: C:\ProjetosCM5\CM\ComponentesXT\1stClass2000vcl5\demos\ImageForm\w2wform.dof | 03-25-1999 | 17:04:54 | | 803 | 391955f9
File Copy: C:\ProjetosCM5\CM\ComponentesXT\1stClass2000vcl5\demos\ImageForm\w2wform.dpr | 03-25-1999 | 16:13:32 | | 209 | b0fe51ca
File Copy: C:\ProjetosCM5\CM\ComponentesXT\1stClass2000vcl5\demos\ImageForm\w2wform.res | 03-25-1999 | 17:04:46 | | 876 | aafa333b
Made Dir: C:\ProjetosCM5\CM\ComponentesXT\1stClass2000vcl5\demos\imager
File Copy: C:\ProjetosCM5\CM\ComponentesXT\1stClass2000vcl5\demos\imager\ImagerDesc.dfm | 02-11-1999 | 16:00:42 | | 285 | cc2b9147
File Copy: C:\ProjetosCM5\CM\ComponentesXT\1stClass2000vcl5\demos\imager\ImagerDesc.pas | 02-08-1999 | 17:31:08 | | 352 | 4968dabd
File Copy: C:\ProjetosCM5\CM\ComponentesXT\1stClass2000vcl5\demos\imager\ImagerMain.dfm | 04-02-1999 | 11:34:46 | | 154325 | b84af0bd
File Copy: C:\ProjetosCM5\CM\ComponentesXT\1stClass2000vcl5\demos\imager\ImagerMain.pas | 04-15-1999 | 14:14:24 | | 8373 | c930b087
File Copy: C:\ProjetosCM5\CM\ComponentesXT\1stClass2000vcl5\demos\imager\ImagerProj.dof | 05-11-1999 | 14:15:26 | | 738 | 1cf92215
File Copy: C:\ProjetosCM5\CM\ComponentesXT\1stClass2000vcl5\demos\imager\ImagerProj.dpr | 03-25-1999 | 17:30:22 | | 215 | 36d11ad0
File Copy: C:\ProjetosCM5\CM\ComponentesXT\1stClass2000vcl5\demos\imager\ImagerProj.res | 02-16-1999 | 12:46:26 | | 876 | ad1df479
File Copy: C:\ProjetosCM5\CM\ComponentesXT\1stClass2000vcl5\demos\imager\PicEdt.dfm | 02-04-2000 | 18:05:22 | | 1543 | f2a226f8
File Copy: C:\ProjetosCM5\CM\ComponentesXT\1stClass2000vcl5\demos\imager\PicEdt.pas | 02-04-2000 | 18:05:34 | | 3568 | 12eaed27
File Copy: C:\ProjetosCM5\CM\ComponentesXT\1stClass2000vcl5\demos\imager\temp.out | 03-25-1999 | 17:32:38 | | 4573 | 3957727d
File Copy: C:\ProjetosCM5\CM\ComponentesXT\1stClass2000vcl5\demos\imager\TilerProj.cfg | 04-01-1999 | 12:12:14 | | 311 | 9fc70848
File Copy: C:\ProjetosCM5\CM\ComponentesXT\1stClass2000vcl5\demos\imager\TilerProj.dof | 05-11-1999 | 14:15:36 | | 738 | 960b7182
File Copy: C:\ProjetosCM5\CM\ComponentesXT\1stClass2000vcl5\demos\imager\TilerProj.dpr | 01-26-1999 | 11:48:44 | | 209 | 14e23e81
File Copy: C:\ProjetosCM5\CM\ComponentesXT\1stClass2000vcl5\demos\imager\TilerProj.res | 04-02-1999 | 15:26:26 | | 876 | 24de9315
File Copy: C:\ProjetosCM5\CM\ComponentesXT\1stClass2000vcl5\demos\imager\TilerUnit.dfm | 04-28-1999 | 16:01:06 | | 105795 | a728152c
File Copy: C:\ProjetosCM5\CM\ComponentesXT\1stClass2000vcl5\demos\imager\TilerUnit.pas | 04-28-1999 | 15:45:08 | | 1208 | 23cd1a9b
Made Dir: C:\ProjetosCM5\CM\ComponentesXT\1stClass2000vcl5\demos\Labels
File Copy: C:\ProjetosCM5\CM\ComponentesXT\1stClass2000vcl5\demos\Labels\labelu.dfm | 03-30-1999 | 00:36:36 | | 40115 | 66541ae
File Copy: C:\ProjetosCM5\CM\ComponentesXT\1stClass2000vcl5\demos\Labels\labelu.pas | 04-15-1999 | 14:11:28 | | 5026 | 7841d4c7
File Copy: C:\ProjetosCM5\CM\ComponentesXT\1stClass2000vcl5\demos\Labels\plabel.dof | 05-11-1999 | 14:15:48 | | 740 | f6773ea5
File Copy: C:\ProjetosCM5\CM\ComponentesXT\1stClass2000vcl5\demos\Labels\plabel.dpr | 03-26-1999 | 10:32:28 | | 200 | b3c55131
File Copy: C:\ProjetosCM5\CM\ComponentesXT\1stClass2000vcl5\demos\Labels\plabel.res | 03-26-1999 | 10:32:40 | | 876 | 24de9315
File Copy: C:\ProjetosCM5\CM\ComponentesXT\1stClass2000vcl5\demos\mainu.dfm | 02-03-2000 | 13:50:00 | | 193145 | 2433ce8
File Copy: C:\ProjetosCM5\CM\ComponentesXT\1stClass2000vcl5\demos\mainu.pas | 02-03-2000 | 13:49:08 | | 7914 | 8c04d7e6
Made Dir: C:\ProjetosCM5\CM\ComponentesXT\1stClass2000vcl5\demos\OutlookBar
File Copy: C:\ProjetosCM5\CM\ComponentesXT\1stClass2000vcl5\demos\OutlookBar\ControlBarUnit.dfm | 02-04-1999 | 14:02:02 | | 21712 | da40c4e7
File Copy: C:\ProjetosCM5\CM\ComponentesXT\1stClass2000vcl5\demos\OutlookBar\InfoUnit.dfm | 03-30-1999 | 00:36:30 | | 2321 | 6a8247c2
File Copy: C:\ProjetosCM5\CM\ComponentesXT\1stClass2000vcl5\demos\OutlookBar\InfoUnit.pas | 03-26-1999 | 10:34:26 | | 387 | 4bedbe8b
File Copy: C:\ProjetosCM5\CM\ComponentesXT\1stClass2000vcl5\demos\OutlookBar\OutlookBarProj.cfg | 02-05-1999 | 15:28:46 | | 316 | 834c2a43
File Copy: C:\ProjetosCM5\CM\ComponentesXT\1stClass2000vcl5\demos\OutlookBar\OutlookBarProj.dfm | 02-04-1999 | 14:02:02 | | 21712 | da40c4e7
File Copy: C:\ProjetosCM5\CM\ComponentesXT\1stClass2000vcl5\demos\OutlookBar\OutlookBarProj.dof | 05-11-1999 | 14:16:14 | | 740 | 7ac06f20
File Copy: C:\ProjetosCM5\CM\ComponentesXT\1stClass2000vcl5\demos\OutlookBar\OutlookBarProj.dpr | 03-26-1999 | 10:39:48 | | 239 | 855e45d0
File Copy: C:\ProjetosCM5\CM\ComponentesXT\1stClass2000vcl5\demos\OutlookBar\OutlookBarProj.res | 03-26-1999 | 10:40:18 | | 876 | 24de9315
File Copy: C:\ProjetosCM5\CM\ComponentesXT\1stClass2000vcl5\demos\OutlookBar\OutlookBarUnit.dfm | 04-28-1999 | 15:29:20 | | 56307 | e8f76eef
File Copy: C:\ProjetosCM5\CM\ComponentesXT\1stClass2000vcl5\demos\OutlookBar\OutlookBarUnit.pas | 04-20-1999 | 16:00:38 | | 1469 | e4c7594b
File Copy: C:\ProjetosCM5\CM\ComponentesXT\1stClass2000vcl5\demos\OutlookBar\Paint.dof | 05-11-1999 | 14:16:02 | | 738 | 1cf92215
File Copy: C:\ProjetosCM5\CM\ComponentesXT\1stClass2000vcl5\demos\OutlookBar\Paint.dpr | 03-26-1999 | 10:34:44 | | 247 | e496ec59
File Copy: C:\ProjetosCM5\CM\ComponentesXT\1stClass2000vcl5\demos\OutlookBar\Paint.res | 03-26-1999 | 10:37:18 | | 876 | ad1df479
File Copy: C:\ProjetosCM5\CM\ComponentesXT\1stClass2000vcl5\demos\OutlookBar\PaintUnit.dfm | 04-28-1999 | 15:32:06 | | 25382 | 6559741
File Copy: C:\ProjetosCM5\CM\ComponentesXT\1stClass2000vcl5\demos\OutlookBar\PaintUnit.pas | 04-15-1999 | 14:04:30 | | 3993 | 21cb9055
Made Dir: C:\ProjetosCM5\CM\ComponentesXT\1stClass2000vcl5\demos\StatusBar
File Copy: C:\ProjetosCM5\CM\ComponentesXT\1stClass2000vcl5\demos\StatusBar\PPropDemo.dof | 05-11-1999 | 14:16:30 | | 738 | 1cf92215
File Copy: C:\ProjetosCM5\CM\ComponentesXT\1stClass2000vcl5\demos\StatusBar\PPropDemo.dpr | 03-26-1999 | 10:41:30 | | 236 | 978bef21
File Copy: C:\ProjetosCM5\CM\ComponentesXT\1stClass2000vcl5\demos\StatusBar\PPropDemo.res | 03-26-1999 | 10:41:58 | | 876 | 24de9315
File Copy: C:\ProjetosCM5\CM\ComponentesXT\1stClass2000vcl5\demos\StatusBar\proportional.dfm | 03-30-1999 | 00:37:22 | | 2552 | bd2e5afb
File Copy: C:\ProjetosCM5\CM\ComponentesXT\1stClass2000vcl5\demos\StatusBar\proportional.pas | 03-26-1999 | 10:41:42 | | 461 | 6453505b
File Copy: C:\ProjetosCM5\CM\ComponentesXT\1stClass2000vcl5\demos\StatusBar\PStatusBar.cfg | 02-05-1999 | 11:31:54 | | 600 | dc71b0d2
File Copy: C:\ProjetosCM5\CM\ComponentesXT\1stClass2000vcl5\demos\StatusBar\PStatusBar.dof | 05-11-1999 | 14:16:46 | | 782 | b978fd75
File Copy: C:\ProjetosCM5\CM\ComponentesXT\1stClass2000vcl5\demos\StatusBar\PStatusBar.dpr | 03-26-1999 | 10:47:02 | | 236 | b4ba6036
File Copy: C:\ProjetosCM5\CM\ComponentesXT\1stClass2000vcl5\demos\StatusBar\PStatusBar.res | 03-26-1999 | 10:51:24 | | 876 | 272d70b4
File Copy: C:\ProjetosCM5\CM\ComponentesXT\1stClass2000vcl5\demos\StatusBar\StatusBars.dfm | 04-20-1999 | 14:43:46 | | 42923 | c61cd577
File Copy: C:\ProjetosCM5\CM\ComponentesXT\1stClass2000vcl5\demos\StatusBar\StatusBars.pas | 04-15-1999 | 14:07:18 | | 5490 | ab66541b
Made Dir: C:\ProjetosCM5\CM\ComponentesXT\1stClass2000vcl5\demos\treeview
File Copy: C:\ProjetosCM5\CM\ComponentesXT\1stClass2000vcl5\demos\treeview\PrjTreeDemo.dof | 05-11-1999 | 14:17:20 | | 932 | 2f959d16
File Copy: C:\ProjetosCM5\CM\ComponentesXT\1stClass2000vcl5\demos\treeview\PrjTreeDemo.dpr | 03-26-1999 | 10:54:56 | | 230 | 98094dbe
File Copy: C:\ProjetosCM5\CM\ComponentesXT\1stClass2000vcl5\demos\treeview\PrjTreeDemo.res | 03-26-1999 | 10:55:16 | | 876 | 76e95a1e
File Copy: C:\ProjetosCM5\CM\ComponentesXT\1stClass2000vcl5\demos\treeview\treedemo.dfm | 08-20-1999 | 16:03:58 | | 32929 | 158b03dc
File Copy: C:\ProjetosCM5\CM\ComponentesXT\1stClass2000vcl5\demos\treeview\treedemo.pas | 04-02-1999 | 15:26:46 | | 6636 | 3e662769
Made Dir: C:\ProjetosCM5\CM\ComponentesXT\1stClass2000vcl5\help
File Copy: C:\ProjetosCM5\CM\ComponentesXT\1stClass2000vcl5\help\1stClass_d5.cnt | 08-20-1999 | 15:48:36 | | 670 | b2d13d36
File Copy: C:\ProjetosCM5\CM\ComponentesXT\1stClass2000vcl5\demos\ButtonGroup\Demo1stClassMDI.exe | 02-11-2000 | 10:01:28 | 0.9.1.1 | 33792 | 1bb0b19
Made Dir: C:\ProjetosCM5\CM\ComponentesXT\1stClass2000vcl5\db
File Copy: C:\ProjetosCM5\CM\ComponentesXT\1stClass2000vcl5\db\fcvendors.PX | 08-05-1997 | 03:01:00 | | 4096 | baf29dd7
File Copy: C:\ProjetosCM5\CM\ComponentesXT\1stClass2000vcl5\db\fcvendors.DB | 08-05-1997 | 03:01:00 | | 8192 | ded8e495
File Copy: C:\ProjetosCM5\CM\ComponentesXT\1stClass2000vcl5\db\fctreelables.db | 03-17-1999 | 08:47:28 | | 4096 | 82b7ccfe
File Copy: C:\ProjetosCM5\CM\ComponentesXT\1stClass2000vcl5\db\fcparts.YG0 | 08-05-1997 | 03:01:00 | | 4096 | 8edbf424
File Copy: C:\ProjetosCM5\CM\ComponentesXT\1stClass2000vcl5\db\fcparts.Y02 | 08-05-1997 | 03:01:00 | | 4096 | 1818d285
File Copy: C:\ProjetosCM5\CM\ComponentesXT\1stClass2000vcl5\db\fcparts.XG0 | 08-05-1997 | 03:01:00 | | 6144 | 84056128
File Copy: C:\ProjetosCM5\CM\ComponentesXT\1stClass2000vcl5\db\fcparts.X02 | 08-05-1997 | 03:01:00 | | 4096 | 170dc208
File Copy: C:\ProjetosCM5\CM\ComponentesXT\1stClass2000vcl5\db\fcparts.TV | 12-09-1998 | 17:19:12 | | 1737 | 3fbccbed
File Copy: C:\ProjetosCM5\CM\ComponentesXT\1stClass2000vcl5\db\fcparts.PX | 01-11-1999 | 18:09:38 | | 4096 | 5d097316
File Copy: C:\ProjetosCM5\CM\ComponentesXT\1stClass2000vcl5\db\fcparts.FAM | 01-11-1999 | 16:16:32 | | 423 | a753d740
File Copy: C:\ProjetosCM5\CM\ComponentesXT\1stClass2000vcl5\db\fcparts.DB | 01-11-1999 | 18:11:22 | | 8192 | 34c7846f
File Copy: C:\ProjetosCM5\CM\ComponentesXT\1stClass2000vcl5\db\fcorders.Y02 | 12-09-1998 | 17:24:44 | | 4096 | 2e4e2b0c
File Copy: C:\ProjetosCM5\CM\ComponentesXT\1stClass2000vcl5\db\fcorders.X02 | 12-09-1998 | 17:24:44 | | 6144 | 7d5e071
File Copy: C:\ProjetosCM5\CM\ComponentesXT\1stClass2000vcl5\db\fcorders.VAL | 01-11-1999 | 16:16:18 | | 483 | 9eb503e7
File Copy: C:\ProjetosCM5\CM\ComponentesXT\1stClass2000vcl5\db\fcorders.TV | 12-09-1998 | 17:19:18 | | 5112 | 4c34d62e
File Copy: C:\ProjetosCM5\CM\ComponentesXT\1stClass2000vcl5\db\fcorders.PX | 01-11-1999 | 18:09:28 | | 4096 | 74b25f2d
File Copy: C:\ProjetosCM5\CM\ComponentesXT\1stClass2000vcl5\db\fcorders.FAM | 01-11-1999 | 16:16:28 | | 423 | 5c9dcf16
File Copy: C:\ProjetosCM5\CM\ComponentesXT\1stClass2000vcl5\db\fcorders.DB | 01-11-1999 | 18:11:22 | | 71680 | 47b8dbf1
File Copy: C:\ProjetosCM5\CM\ComponentesXT\1stClass2000vcl5\db\fcitems.YG0 | 02-09-1999 | 16:10:40 | | 4096 | 4b4a07b1
File Copy: C:\ProjetosCM5\CM\ComponentesXT\1stClass2000vcl5\db\fcitems.Y03 | 02-09-1999 | 16:10:40 | | 4096 | f061d027
File Copy: C:\ProjetosCM5\CM\ComponentesXT\1stClass2000vcl5\db\fcitems.XG0 | 02-09-1999 | 16:10:40 | | 28672 | dd91358e
File Copy: C:\ProjetosCM5\CM\ComponentesXT\1stClass2000vcl5\db\fcitems.X03 | 02-09-1999 | 16:10:40 | | 38912 | 6b7c5697
File Copy: C:\ProjetosCM5\CM\ComponentesXT\1stClass2000vcl5\db\fcitems.PX | 02-09-1999 | 16:10:40 | | 4096 | ac1f3e7a
File Copy: C:\ProjetosCM5\CM\ComponentesXT\1stClass2000vcl5\db\fcitems.DB | 02-09-1999 | 16:10:40 | | 40960 | 71d05bc2
File Copy: C:\ProjetosCM5\CM\ComponentesXT\1stClass2000vcl5\db\fccust.YG0 | 12-11-1998 | 12:59:52 | | 4096 | f8be416d
File Copy: C:\ProjetosCM5\CM\ComponentesXT\1stClass2000vcl5\db\fccust.XG0 | 12-11-1998 | 12:59:52 | | 8192 | a92ffa98
File Copy: C:\ProjetosCM5\CM\ComponentesXT\1stClass2000vcl5\db\fccust.PX | 12-11-1998 | 12:59:52 | | 4096 | 1b4f4dcc
File Copy: C:\ProjetosCM5\CM\ComponentesXT\1stClass2000vcl5\db\fccust.DB | 12-11-1998 | 13:00:04 | | 18432 | 3e5df6d0
File Copy: C:\ProjetosCM5\CM\ComponentesXT\1stClass2000vcl5\db\fcCounty.MB | 01-12-1999 | 14:46:40 | | 4096 | c4e8fe89
File Copy: C:\ProjetosCM5\CM\ComponentesXT\1stClass2000vcl5\db\fcCounty.DB | 01-12-1999 | 14:46:40 | | 6144 | d72362ae
File Copy: C:\ProjetosCM5\CM\ComponentesXT\1stClass2000vcl5\db\descriptions.YG0 | 02-16-1999 | 15:56:48 | | 4096 | 85347432
File Copy: C:\ProjetosCM5\CM\ComponentesXT\1stClass2000vcl5\db\descriptions.XG0 | 02-16-1999 | 15:56:48 | | 8192 | a48948e3
File Copy: C:\ProjetosCM5\CM\ComponentesXT\1stClass2000vcl5\db\descriptions.PX | 02-16-1999 | 15:56:48 | | 4096 | 16156d32
File Copy: C:\ProjetosCM5\CM\ComponentesXT\1stClass2000vcl5\db\descriptions.MB | 02-11-1999 | 17:47:42 | | 77824 | d3358a8b
File Copy: C:\ProjetosCM5\CM\ComponentesXT\1stClass2000vcl5\db\descriptions.DB | 02-16-1999 | 15:56:48 | | 28672 | 3a24ea0a
File Copy: C:\ProjetosCM5\CM\ComponentesXT\1stClass2000vcl5\colors.txt | 05-04-1999 | 11:14:52 | | 2346 | 467bc7e4
File Copy: C:\ProjetosCM5\CM\ComponentesXT\1stClass2000vcl5\help\1stclass_d5.hlp | 01-31-2000 | 10:18:42 | | 577390 | 148c1b94
Made Dir: C:\ProjetosCM5\CM\ComponentesXT\1stClass2000vcl5\images
Made Dir: C:\ProjetosCM5\CM\ComponentesXT\1stClass2000vcl5\images\Buttons
Made Dir: C:\ProjetosCM5\CM\ComponentesXT\1stClass2000vcl5\images\Buttons\Single
Made Dir: C:\ProjetosCM5\CM\ComponentesXT\1stClass2000vcl5\images\Buttons\Single\16Colors
File Copy: C:\ProjetosCM5\CM\ComponentesXT\1stClass2000vcl5\images\Buttons\Single\16Colors\apple.bmp | 02-15-1999 | 18:14:46 | | 4342 | 12c1c84a
File Copy: C:\ProjetosCM5\CM\ComponentesXT\1stClass2000vcl5\images\Buttons\Single\16Colors\barleft.BMP | 02-10-1999 | 15:15:32 | | 2362 | 61276af9
File Copy: C:\ProjetosCM5\CM\ComponentesXT\1stClass2000vcl5\images\Buttons\Single\16Colors\barmiddle.BMP | 02-10-1999 | 15:10:48 | | 2362 | 51e56dae
File Copy: C:\ProjetosCM5\CM\ComponentesXT\1stClass2000vcl5\images\Buttons\Single\16Colors\barright.BMP | 02-10-1999 | 15:11:28 | | 2362 | 77c23a85
File Copy: C:\ProjetosCM5\CM\ComponentesXT\1stClass2000vcl5\images\Buttons\Single\16Colors\butterfly.bmp | 02-02-1999 | 13:51:24 | | 1294 | bea5ccae
File Copy: C:\ProjetosCM5\CM\ComponentesXT\1stClass2000vcl5\images\Buttons\Single\16Colors\buttontab1.bmp | 02-10-1999 | 11:31:58 | | 1854 | 4529d635
File Copy: C:\ProjetosCM5\CM\ComponentesXT\1stClass2000vcl5\images\Buttons\Single\16Colors\buttontab2.bmp | 02-10-1999 | 11:32:58 | | 1854 | bcfc19db
File Copy: C:\ProjetosCM5\CM\ComponentesXT\1stClass2000vcl5\images\Buttons\Single\16Colors\golddiamond.BMP | 02-15-1999 | 19:11:40 | | 2134 | eab8bdf6
File Copy: C:\ProjetosCM5\CM\ComponentesXT\1stClass2000vcl5\images\Buttons\Single\16Colors\knight.BMP | 02-02-1999 | 13:47:22 | | 1198 | dee7d678
Made Dir: C:\ProjetosCM5\CM\ComponentesXT\1stClass2000vcl5\images\Buttons\Single\16Colors\Map
File Copy: C:\ProjetosCM5\CM\ComponentesXT\1stClass2000vcl5\images\Buttons\Single\16Colors\Map\alameda16.BMP | 02-09-1999 | 11:09:02 | | 4094 | 1e46f7f4
File Copy: C:\ProjetosCM5\CM\ComponentesXT\1stClass2000vcl5\images\Buttons\Single\16Colors\Map\contra16.BMP | 02-09-1999 | 11:09:46 | | 3422 | ca415a54
File Copy: C:\ProjetosCM5\CM\ComponentesXT\1stClass2000vcl5\images\Buttons\Single\16Colors\Map\marin16.BMP | 02-09-1999 | 11:19:16 | | 2998 | 585855f0
File Copy: C:\ProjetosCM5\CM\ComponentesXT\1stClass2000vcl5\images\Buttons\Single\16Colors\Map\napa16.BMP | 02-09-1999 | 11:18:26 | | 4078 | 51b8eae1
File Copy: C:\ProjetosCM5\CM\ComponentesXT\1stClass2000vcl5\images\Buttons\Single\16Colors\Map\sanmateo16.BMP | 02-09-1999 | 11:14:16 | | 2582 | f40de575
File Copy: C:\ProjetosCM5\CM\ComponentesXT\1stClass2000vcl5\images\Buttons\Single\16Colors\Map\santaclara16.BMP | 02-09-1999 | 11:12:10 | | 5758 | 418161a1
File Copy: C:\ProjetosCM5\CM\ComponentesXT\1stClass2000vcl5\images\Buttons\Single\16Colors\Map\santacruz16.BMP | 02-09-1999 | 11:12:50 | | 3110 | 38510624
File Copy: C:\ProjetosCM5\CM\ComponentesXT\1stClass2000vcl5\images\Buttons\Single\16Colors\Map\sf16.BMP | 02-09-1999 | 11:14:56 | | 298 | 93e0f6ec
File Copy: C:\ProjetosCM5\CM\ComponentesXT\1stClass2000vcl5\images\Buttons\Single\16Colors\Map\solano16.BMP | 02-09-1999 | 11:17:32 | | 3718 | f07358fc
File Copy: C:\ProjetosCM5\CM\ComponentesXT\1stClass2000vcl5\images\Buttons\Single\16Colors\Map\sonoma16.BMP | 02-09-1999 | 11:20:04 | | 8758 | a3fa6d63
File Copy: C:\ProjetosCM5\CM\ComponentesXT\1stClass2000vcl5\images\Buttons\Single\16Colors\money.BMP | 02-02-1999 | 13:50:12 | | 858 | 8db8a2cc
File Copy: C:\ProjetosCM5\CM\ComponentesXT\1stClass2000vcl5\images\Buttons\Single\16Colors\OvalGold.BMP | 02-26-1999 | 11:30:24 | | 1798 | e97bcc77
File Copy: C:\ProjetosCM5\CM\ComponentesXT\1stClass2000vcl5\images\Buttons\Single\16Colors\Printer.BMP | 02-16-1999 | 18:40:14 | | 758 | 344cfce1
File Copy: C:\ProjetosCM5\CM\ComponentesXT\1stClass2000vcl5\images\Buttons\Single\16Colors\SmoothRect.BMP | 02-17-1999 | 14:13:42 | | 1686 | bf0aded1
File Copy: C:\ProjetosCM5\CM\ComponentesXT\1stClass2000vcl5\images\Buttons\Single\16Colors\splash.BMP | 01-14-1999 | 16:11:26 | | 2478 | bf5b3407
File Copy: C:\ProjetosCM5\CM\ComponentesXT\1stClass2000vcl5\images\Buttons\Single\16Colors\star.BMP | 02-24-1999 | 14:43:44 | | 838 | 10cb24e9
File Copy: C:\ProjetosCM5\CM\ComponentesXT\1stClass2000vcl5\images\Buttons\Single\16Colors\StrawBerry.BMP | 02-16-1999 | 18:45:48 | | 1174 | 34765943
Made Dir: C:\ProjetosCM5\CM\ComponentesXT\1stClass2000vcl5\images\Buttons\Single\16Colors\World
File Copy: C:\ProjetosCM5\CM\ComponentesXT\1stClass2000vcl5\images\Buttons\Single\16Colors\World\Africa.BMP | 12-15-1998 | 15:01:42 | | 4210 | 239f1cb0
File Copy: C:\ProjetosCM5\CM\ComponentesXT\1stClass2000vcl5\images\Buttons\Single\16Colors\World\Asia.BMP | 01-07-1999 | 15:18:54 | | 14918 | 51912219
File Copy: C:\ProjetosCM5\CM\ComponentesXT\1stClass2000vcl5\images\Buttons\Single\16Colors\World\Australia.BMP | 12-15-1998 | 15:01:26 | | 2078 | 803e67d2
File Copy: C:\ProjetosCM5\CM\ComponentesXT\1stClass2000vcl5\images\Buttons\Single\16Colors\World\Europe.BMP | 12-15-1998 | 15:01:16 | | 3462 | 440deee1
File Copy: C:\ProjetosCM5\CM\ComponentesXT\1stClass2000vcl5\images\Buttons\Single\16Colors\World\NorthAmerica.BMP | 12-15-1998 | 15:02:32 | | 11986 | 71e85ed1
File Copy: C:\ProjetosCM5\CM\ComponentesXT\1stClass2000vcl5\images\Buttons\Single\16Colors\World\SouthAmerica.BMP | 12-15-1998 | 15:02:02 | | 2778 | 484c88fd
Made Dir: C:\ProjetosCM5\CM\ComponentesXT\1stClass2000vcl5\images\Buttons\Single\256colors
File Copy: C:\ProjetosCM5\CM\ComponentesXT\1stClass2000vcl5\images\Buttons\Single\256colors\balloon.BMP | 01-27-1999 | 11:53:08 | | 10318 | f4f99573
File Copy: C:\ProjetosCM5\CM\ComponentesXT\1stClass2000vcl5\images\Buttons\Single\256colors\butterfly.bmp | 01-05-1999 | 15:37:24 | | 3262 | 42a99cd5
File Copy: C:\ProjetosCM5\CM\ComponentesXT\1stClass2000vcl5\images\Buttons\Single\256colors\computer.BMP | 01-04-1999 | 16:34:12 | | 2478 | 97c524fe
File Copy: C:\ProjetosCM5\CM\ComponentesXT\1stClass2000vcl5\images\Buttons\Single\256colors\heart.BMP | 01-08-1999 | 17:33:40 | | 1974 | 8c1ada95
Made Dir: C:\ProjetosCM5\CM\ComponentesXT\1stClass2000vcl5\images\Buttons\Single\256colors\Map
File Copy: C:\ProjetosCM5\CM\ComponentesXT\1stClass2000vcl5\images\Buttons\Single\256colors\Map\alameda.BMP | 01-25-1999 | 17:29:58 | | 8746 | ef142865
File Copy: C:\ProjetosCM5\CM\ComponentesXT\1stClass2000vcl5\images\Buttons\Single\256colors\Map\contra.BMP | 01-25-1999 | 17:31:12 | | 19170 | 16ec19a0
File Copy: C:\ProjetosCM5\CM\ComponentesXT\1stClass2000vcl5\images\Buttons\Single\256colors\Map\marin.BMP | 01-25-1999 | 17:32:20 | | 6518 | 65db1021
File Copy: C:\ProjetosCM5\CM\ComponentesXT\1stClass2000vcl5\images\Buttons\Single\256colors\Map\napa.BMP | 01-25-1999 | 17:50:18 | | 8998 | af6cb738
File Copy: C:\ProjetosCM5\CM\ComponentesXT\1stClass2000vcl5\images\Buttons\Single\256colors\Map\sanmateo.BMP | 01-25-1999 | 17:33:50 | | 5654 | 4d45f902
File Copy: C:\ProjetosCM5\CM\ComponentesXT\1stClass2000vcl5\images\Buttons\Single\256colors\Map\santaclara.BMP | 01-25-1999 | 17:34:34 | | 12358 | d44f92c1
File Copy: C:\ProjetosCM5\CM\ComponentesXT\1stClass2000vcl5\images\Buttons\Single\256colors\Map\santacruz.BMP | 01-25-1999 | 17:35:04 | | 7062 | 28b3b998
File Copy: C:\ProjetosCM5\CM\ComponentesXT\1stClass2000vcl5\images\Buttons\Single\256colors\Map\sf.BMP | 01-25-1999 | 17:33:12 | | 1378 | 3d8cc541
File Copy: C:\ProjetosCM5\CM\ComponentesXT\1stClass2000vcl5\images\Buttons\Single\256colors\Map\solano.BMP | 01-25-1999 | 17:35:40 | | 8278 | 5c180331
File Copy: C:\ProjetosCM5\CM\ComponentesXT\1stClass2000vcl5\images\Buttons\Single\256colors\Map\sonoma.BMP | 01-25-1999 | 17:38:20 | | 18358 | 87780195
File Copy: C:\ProjetosCM5\CM\ComponentesXT\1stClass2000vcl5\images\Buttons\Single\256colors\Map\worldmap.BMP | 12-15-1998 | 14:52:52 | | 95254 | cd21158a
File Copy: C:\ProjetosCM5\CM\ComponentesXT\1stClass2000vcl5\images\Buttons\Single\256colors\New.BMP | 02-15-1999 | 19:14:08 | | 3886 | f1682a5c
File Copy: C:\ProjetosCM5\CM\ComponentesXT\1stClass2000vcl5\images\Buttons\Single\256colors\puzzle1b.BMP | 01-05-1999 | 18:04:54 | | 4510 | e59b44ef
File Copy: C:\ProjetosCM5\CM\ComponentesXT\1stClass2000vcl5\images\Buttons\Single\256colors\puzzle2b.BMP | 01-05-1999 | 18:04:32 | | 4510 | 74fdef95
File Copy: C:\ProjetosCM5\CM\ComponentesXT\1stClass2000vcl5\images\Buttons\Single\256colors\puzzle3b.BMP | 01-05-1999 | 18:03:56 | | 5566 | 243b4537
File Copy: C:\ProjetosCM5\CM\ComponentesXT\1stClass2000vcl5\images\Buttons\Single\256colors\puzzle4b.BMP | 01-05-1999 | 18:04:14 | | 4410 | c7a20419
File Copy: C:\ProjetosCM5\CM\ComponentesXT\1stClass2000vcl5\images\Buttons\Single\256colors\puzzle5b.BMP | 01-05-1999 | 17:52:58 | | 6262 | 91f68570
Made Dir: C:\ProjetosCM5\CM\ComponentesXT\1stClass2000vcl5\images\Buttons\UpDown
Made Dir: C:\ProjetosCM5\CM\ComponentesXT\1stClass2000vcl5\images\Buttons\UpDown\16Color
File Copy: C:\ProjetosCM5\CM\ComponentesXT\1stClass2000vcl5\images\Buttons\UpDown\16Color\CheckBoxChecked.BMP | 02-02-1999 | 13:43:54 | | 630 | e959cbe3
File Copy: C:\ProjetosCM5\CM\ComponentesXT\1stClass2000vcl5\images\Buttons\UpDown\16Color\CheckBoxUnChecked.BMP | 02-02-1999 | 13:44:04 | | 630 | 53006783
File Copy: C:\ProjetosCM5\CM\ComponentesXT\1stClass2000vcl5\images\Buttons\UpDown\16Color\EditCheckboxChecked.BMP | 02-10-1999 | 12:50:56 | | 2294 | bee0ce11
File Copy: C:\ProjetosCM5\CM\ComponentesXT\1stClass2000vcl5\images\Buttons\UpDown\16Color\EditCheckboxUnChecked.BMP | 02-15-1999 | 18:21:30 | | 2294 | 69287721
File Copy: C:\ProjetosCM5\CM\ComponentesXT\1stClass2000vcl5\images\Buttons\UpDown\16Color\LightSwitch1Off.BMP | 02-02-1999 | 13:39:18 | | 1870 | 664e617d
File Copy: C:\ProjetosCM5\CM\ComponentesXT\1stClass2000vcl5\images\Buttons\UpDown\16Color\LightSwitch1On.BMP | 02-08-1999 | 16:01:44 | | 1870 | 947c3125
File Copy: C:\ProjetosCM5\CM\ComponentesXT\1stClass2000vcl5\images\Buttons\UpDown\16Color\pushpinin.BMP | 02-02-1999 | 13:58:08 | | 394 | 5c28efc
File Copy: C:\ProjetosCM5\CM\ComponentesXT\1stClass2000vcl5\images\Buttons\UpDown\16Color\pushpinout.BMP | 02-02-1999 | 13:58:24 | | 394 | d08c2c13
File Copy: C:\ProjetosCM5\CM\ComponentesXT\1stClass2000vcl5\images\Buttons\UpDown\16Color\RadioItemDiamond.BMP | 01-07-1999 | 17:52:26 | | 2158 | 4bdfe3bf
File Copy: C:\ProjetosCM5\CM\ComponentesXT\1stClass2000vcl5\images\Buttons\UpDown\16Color\RadioItemDiamondUn.BMP | 02-12-1999 | 17:16:10 | | 2158 | 90baf2f8
File Copy: C:\ProjetosCM5\CM\ComponentesXT\1stClass2000vcl5\images\Buttons\UpDown\16Color\Switch1Off.BMP | 02-15-1999 | 18:28:04 | | 2358 | fccda235
File Copy: C:\ProjetosCM5\CM\ComponentesXT\1stClass2000vcl5\images\Buttons\UpDown\16Color\Switch1On.BMP | 02-15-1999 | 18:27:56 | | 2358 | 1fdc4249
File Copy: C:\ProjetosCM5\CM\ComponentesXT\1stClass2000vcl5\images\Buttons\UpDown\16Color\SwitchBoxOff.BMP | 02-15-1999 | 18:31:36 | | 1278 | c5fffc3a
File Copy: C:\ProjetosCM5\CM\ComponentesXT\1stClass2000vcl5\images\Buttons\UpDown\16Color\SwitchBoxOn.BMP | 02-15-1999 | 18:31:48 | | 1278 | 991bbbaa
File Copy: C:\ProjetosCM5\CM\ComponentesXT\1stClass2000vcl5\images\Buttons\UpDown\16Color\SwitchHandleOff.BMP | 02-02-1999 | 13:55:30 | | 1270 | 4f3e672f
File Copy: C:\ProjetosCM5\CM\ComponentesXT\1stClass2000vcl5\images\Buttons\UpDown\16Color\SwitchHandleOn.BMP | 02-02-1999 | 13:55:52 | | 1234 | 8c6933bc
File Copy: C:\ProjetosCM5\CM\ComponentesXT\1stClass2000vcl5\images\Buttons\UpDown\16Color\tab1dn.bmp | 02-17-1999 | 14:38:58 | | 1198 | ad120f04
File Copy: C:\ProjetosCM5\CM\ComponentesXT\1stClass2000vcl5\images\Buttons\UpDown\16Color\tab1up.bmp | 02-17-1999 | 14:38:12 | | 1198 | 24d7a7e9
File Copy: C:\ProjetosCM5\CM\ComponentesXT\1stClass2000vcl5\images\Buttons\UpDown\16Color\tab2dn.BMP | 02-01-1999 | 18:13:38 | | 1798 | 8e9f0061
File Copy: C:\ProjetosCM5\CM\ComponentesXT\1stClass2000vcl5\images\Buttons\UpDown\16Color\tab2up.BMP | 02-17-1999 | 14:14:18 | | 1798 | 51ffe038
File Copy: C:\ProjetosCM5\CM\ComponentesXT\1stClass2000vcl5\images\Buttons\UpDown\16Color\tabdnright.BMP | 02-01-1999 | 18:38:48 | | 1414 | 65fc4078
File Copy: C:\ProjetosCM5\CM\ComponentesXT\1stClass2000vcl5\images\Buttons\UpDown\16Color\tabupright.BMP | 02-17-1999 | 14:17:06 | | 1414 | 9c354fbc
File Copy: C:\ProjetosCM5\CM\ComponentesXT\1stClass2000vcl5\images\Buttons\UpDown\16Color\tackbluein.BMP | 02-15-1999 | 18:36:30 | | 1318 | ffaa1edf
File Copy: C:\ProjetosCM5\CM\ComponentesXT\1stClass2000vcl5\images\Buttons\UpDown\16Color\tackblueout.BMP | 02-15-1999 | 18:40:04 | | 1318 | 35356229
File Copy: C:\ProjetosCM5\CM\ComponentesXT\1stClass2000vcl5\images\Buttons\UpDown\16Color\tackgreyin.BMP | 02-15-1999 | 18:47:20 | | 1318 | faaf72e4
File Copy: C:\ProjetosCM5\CM\ComponentesXT\1stClass2000vcl5\images\Buttons\UpDown\16Color\tackgreyout.BMP | 02-15-1999 | 18:49:40 | | 1318 | ed4e8eda
File Copy: C:\ProjetosCM5\CM\ComponentesXT\1stClass2000vcl5\images\Buttons\UpDown\16Color\yellowledoff.BMP | 02-26-1999 | 16:09:44 | | 878 | 2be1c07d
File Copy: C:\ProjetosCM5\CM\ComponentesXT\1stClass2000vcl5\images\Buttons\UpDown\16Color\yellowledon.BMP | 02-26-1999 | 16:10:00 | | 878 | ea6914da
Made Dir: C:\ProjetosCM5\CM\ComponentesXT\1stClass2000vcl5\images\Buttons\UpDown\256Color
File Copy: C:\ProjetosCM5\CM\ComponentesXT\1stClass2000vcl5\images\Buttons\UpDown\256Color\Clickme.BMP | 01-14-1999 | 15:56:24 | | 4214 | c9b3d597
File Copy: C:\ProjetosCM5\CM\ComponentesXT\1stClass2000vcl5\images\Buttons\UpDown\256Color\Clickmedn.BMP | 01-14-1999 | 15:55:04 | | 4214 | b19f420
File Copy: C:\ProjetosCM5\CM\ComponentesXT\1stClass2000vcl5\images\Buttons\UpDown\256Color\Clickmeup.BMP | 01-14-1999 | 16:01:50 | | 4214 | 5606c915
File Copy: C:\ProjetosCM5\CM\ComponentesXT\1stClass2000vcl5\images\Buttons\UpDown\256Color\ovaldn.BMP | 02-12-1999 | 15:16:00 | | 6078 | 7f0ce24e
File Copy: C:\ProjetosCM5\CM\ComponentesXT\1stClass2000vcl5\images\Buttons\UpDown\256Color\ovalup.BMP | 02-12-1999 | 15:16:12 | | 6078 | f56f8a9c
File Copy: C:\ProjetosCM5\CM\ComponentesXT\1stClass2000vcl5\images\Buttons\UpDown\256Color\pushpinin.BMP | 02-15-1999 | 19:08:12 | | 2410 | 4c800906
File Copy: C:\ProjetosCM5\CM\ComponentesXT\1stClass2000vcl5\images\Buttons\UpDown\256Color\pushpinout.BMP | 02-15-1999 | 19:08:20 | | 2410 | 1c1f85a2
File Copy: C:\ProjetosCM5\CM\ComponentesXT\1stClass2000vcl5\images\Buttons\UpDown\256Color\Rounddn.bmp | 02-05-1999 | 16:30:26 | | 11078 | 2304ddaf
File Copy: C:\ProjetosCM5\CM\ComponentesXT\1stClass2000vcl5\images\Buttons\UpDown\256Color\Roundup.bmp | 02-05-1999 | 16:30:22 | | 11078 | 935af98a
File Copy: C:\ProjetosCM5\CM\ComponentesXT\1stClass2000vcl5\images\Buttons\UpDown\256Color\WoodRadioSelected1.BMP | 02-16-1999 | 18:53:46 | | 2970 | 620af99d
File Copy: C:\ProjetosCM5\CM\ComponentesXT\1stClass2000vcl5\images\Buttons\UpDown\256Color\WoodRadioSelected2.BMP | 02-16-1999 | 19:03:14 | | 2970 | 704f66b1
File Copy: C:\ProjetosCM5\CM\ComponentesXT\1stClass2000vcl5\images\Buttons\UpDown\256Color\WoodRadioUnSelected.BMP | 02-16-1999 | 18:53:54 | | 2970 | 37789361
File Copy: C:\ProjetosCM5\CM\ComponentesXT\1stClass2000vcl5\images\Buttons\UpDown\256Color\yellowlightoff.BMP | 10-06-1998 | 11:17:02 | | 2598 | 34fed4b0
File Copy: C:\ProjetosCM5\CM\ComponentesXT\1stClass2000vcl5\images\Buttons\UpDown\256Color\yellowlightoff2.BMP | 02-26-1999 | 16:10:48 | | 2598 | 95a19ffe
File Copy: C:\ProjetosCM5\CM\ComponentesXT\1stClass2000vcl5\images\Buttons\UpDown\256Color\yellowlighton.BMP | 10-06-1998 | 11:18:24 | | 2598 | 7ddcdf79
File Copy: C:\ProjetosCM5\CM\ComponentesXT\1stClass2000vcl5\images\Buttons\UpDown\256Color\yellowlighton2.BMP | 02-26-1999 | 16:10:28 | | 2598 | a49d2fe6
File Copy: C:\ProjetosCM5\CM\ComponentesXT\1stClass2000vcl5\images\Buttons\UpDown\yellowleddown.bmp | 02-26-1999 | 16:08:02 | | 2942 | 2d96d7e3
File Copy: C:\ProjetosCM5\CM\ComponentesXT\1stClass2000vcl5\images\Buttons\UpDown\yellowledon.bmp | 02-26-1999 | 16:08:24 | | 2942 | ecf674b4
Made Dir: C:\ProjetosCM5\CM\ComponentesXT\1stClass2000vcl5\images\Forms
File Copy: C:\ProjetosCM5\CM\ComponentesXT\1stClass2000vcl5\images\Forms\CoolForm.bmp | 02-10-1999 | 13:16:00 | | 160486 | 52bde053
File Copy: C:\ProjetosCM5\CM\ComponentesXT\1stClass2000vcl5\images\Forms\CoolformBlack.BMP | 02-11-1999 | 15:50:48 | | 160486 | 8f474d21
File Copy: C:\ProjetosCM5\CM\ComponentesXT\1stClass2000vcl5\images\Forms\CoolFormGray.bmp | 02-11-1999 | 13:16:28 | | 160486 | dec29d3c
File Copy: C:\ProjetosCM5\CM\ComponentesXT\1stClass2000vcl5\images\Forms\CoolformLong.BMP | 01-27-1999 | 11:48:00 | | 228382 | 5120defd
File Copy: C:\ProjetosCM5\CM\ComponentesXT\1stClass2000vcl5\images\Forms\CoolFormShort.BMP | 01-28-1999 | 18:34:40 | | 113746 | 42076da
File Copy: C:\ProjetosCM5\CM\ComponentesXT\1stClass2000vcl5\images\Forms\CorkForm.BMP | 02-16-1999 | 16:53:20 | | 124726 | 1ef726d7
Made Dir: C:\ProjetosCM5\CM\ComponentesXT\1stClass2000vcl5\images\Forms\FormParts
File Copy: C:\ProjetosCM5\CM\ComponentesXT\1stClass2000vcl5\images\Forms\FormParts\corkcaptionbarimage.BMP | 10-02-1998 | 09:50:58 | | 6474 | 870e092f
File Copy: C:\ProjetosCM5\CM\ComponentesXT\1stClass2000vcl5\images\Forms\FormParts\funclose.BMP | 02-02-1999 | 13:21:40 | | 370 | 9b35b5a7
File Copy: C:\ProjetosCM5\CM\ComponentesXT\1stClass2000vcl5\images\Forms\FormParts\funMenubtn.BMP | 02-02-1999 | 13:21:14 | | 638 | 2fc6a84c
File Copy: C:\ProjetosCM5\CM\ComponentesXT\1stClass2000vcl5\images\Forms\FormParts\starcaptionbar.BMP | 02-16-1999 | 17:36:52 | | 36934 | accc24cb
File Copy: C:\ProjetosCM5\CM\ComponentesXT\1stClass2000vcl5\images\Forms\FormParts\WoodButtonOval.BMP | 02-16-1999 | 18:57:38 | | 14182 | 36d46be6
File Copy: C:\ProjetosCM5\CM\ComponentesXT\1stClass2000vcl5\images\Forms\FormParts\WoodCaptionBar.BMP | 02-16-1999 | 19:05:30 | | 12082 | 92d3ee75
File Copy: C:\ProjetosCM5\CM\ComponentesXT\1stClass2000vcl5\images\Forms\FormParts\WoodCheckboxEditNo.BMP | 02-17-1999 | 11:41:44 | | 2970 | d01e25cd
File Copy: C:\ProjetosCM5\CM\ComponentesXT\1stClass2000vcl5\images\Forms\FormParts\WoodCheckboxEditYes.BMP | 02-17-1999 | 11:41:38 | | 2970 | e82d71db
File Copy: C:\ProjetosCM5\CM\ComponentesXT\1stClass2000vcl5\images\Forms\FormParts\WoodCheckboxEmpty.BMP | 02-16-1999 | 19:02:02 | | 322 | ae8c3630
File Copy: C:\ProjetosCM5\CM\ComponentesXT\1stClass2000vcl5\images\Forms\FormParts\WoodCheckedbox.BMP | 02-16-1999 | 19:01:44 | | 322 | 748a6327
File Copy: C:\ProjetosCM5\CM\ComponentesXT\1stClass2000vcl5\images\Forms\FormParts\WoodCloseBtn.BMP | 02-16-1999 | 18:58:48 | | 346 | e03bf6fa
File Copy: C:\ProjetosCM5\CM\ComponentesXT\1stClass2000vcl5\images\Forms\FormParts\WoodHouseButton.BMP | 02-16-1999 | 18:58:22 | | 8910 | fb94bfed
File Copy: C:\ProjetosCM5\CM\ComponentesXT\1stClass2000vcl5\images\Forms\FormParts\WoodIcon.BMP | 02-16-1999 | 18:59:18 | | 346 | c4735f34
File Copy: C:\ProjetosCM5\CM\ComponentesXT\1stClass2000vcl5\images\Forms\FormParts\WoodMinimize.BMP | 02-16-1999 | 18:59:04 | | 346 | 7b24bf40
File Copy: C:\ProjetosCM5\CM\ComponentesXT\1stClass2000vcl5\images\Forms\FormParts\WoodRectButton.BMP | 02-16-1999 | 19:01:06 | | 1038 | 10b65f9b
File Copy: C:\ProjetosCM5\CM\ComponentesXT\1stClass2000vcl5\images\Forms\FormParts\WoodSplashNew.BMP | 02-16-1999 | 18:58:00 | | 6974 | c857dd43
File Copy: C:\ProjetosCM5\CM\ComponentesXT\1stClass2000vcl5\images\Forms\MainForm1.BMP | 01-26-1999 | 16:07:26 | | 120498 | 2707d07f
File Copy: C:\ProjetosCM5\CM\ComponentesXT\1stClass2000vcl5\images\Forms\Mainform2.BMP | 01-26-1999 | 18:30:10 | | 278878 | 2faf07ef
File Copy: C:\ProjetosCM5\CM\ComponentesXT\1stClass2000vcl5\images\Forms\MainForm3.BMP | 01-25-1999 | 11:00:50 | | 291798 | ea684d28
File Copy: C:\ProjetosCM5\CM\ComponentesXT\1stClass2000vcl5\images\Forms\Starform1.BMP | 02-16-1999 | 17:57:24 | | 114038 | 697671b1
File Copy: C:\ProjetosCM5\CM\ComponentesXT\1stClass2000vcl5\images\Forms\tabformleft.BMP | 01-27-1999 | 14:42:36 | | 74374 | 9f23dbb9
File Copy: C:\ProjetosCM5\CM\ComponentesXT\1stClass2000vcl5\images\Forms\tabformright.BMP | 01-27-1999 | 15:04:30 | | 71318 | c853e474
File Copy: C:\ProjetosCM5\CM\ComponentesXT\1stClass2000vcl5\images\Forms\WoodForm.BMP | 02-16-1999 | 17:00:04 | | 174846 | 962e7727
Made Dir: C:\ProjetosCM5\CM\ComponentesXT\1stClass2000vcl5\images\Glyphs
File Copy: C:\ProjetosCM5\CM\ComponentesXT\1stClass2000vcl5\images\Glyphs\bulb.BMP | 02-16-1999 | 15:22:28 | | 630 | 671ee328
Made Dir: C:\ProjetosCM5\CM\ComponentesXT\1stClass2000vcl5\images\Glyphs\ditherfills
File Copy: C:\ProjetosCM5\CM\ComponentesXT\1stClass2000vcl5\images\Glyphs\ditherfills\dither.BMP | 01-05-1999 | 17:37:52 | | 670 | b188837c
File Copy: C:\ProjetosCM5\CM\ComponentesXT\1stClass2000vcl5\images\Glyphs\ditherfills\ditherblend.BMP | 01-05-1999 | 17:40:08 | | 670 | ac4a7ccc
File Copy: C:\ProjetosCM5\CM\ComponentesXT\1stClass2000vcl5\images\Glyphs\ditherfills\fill.BMP | 01-05-1999 | 17:38:34 | | 670 | c448f61e
Made Dir: C:\ProjetosCM5\CM\ComponentesXT\1stClass2000vcl5\images\Glyphs\Flags
File Copy: C:\ProjetosCM5\CM\ComponentesXT\1stClass2000vcl5\images\Glyphs\Flags\bahama.bmp | 02-01-1999 | 16:09:10 | | 310 | 1c060da4
File Copy: C:\ProjetosCM5\CM\ComponentesXT\1stClass2000vcl5\images\Glyphs\Flags\belize.bmp | 02-01-1999 | 16:10:12 | | 310 | 6b2430ee
File Copy: C:\ProjetosCM5\CM\ComponentesXT\1stClass2000vcl5\images\Glyphs\Flags\bermuda.bmp | 02-01-1999 | 16:15:48 | | 1462 | ef7752c5
File Copy: C:\ProjetosCM5\CM\ComponentesXT\1stClass2000vcl5\images\Glyphs\Flags\canada.bmp | 02-01-1999 | 16:16:58 | | 310 | 25187519
File Copy: C:\ProjetosCM5\CM\ComponentesXT\1stClass2000vcl5\images\Glyphs\Flags\cyprus.bmp | 02-01-1999 | 16:17:50 | | 310 | 878b5bd9
File Copy: C:\ProjetosCM5\CM\ComponentesXT\1stClass2000vcl5\images\Glyphs\Flags\fiji.bmp | 02-01-1999 | 16:19:52 | | 310 | 396ba1d0
File Copy: C:\ProjetosCM5\CM\ComponentesXT\1stClass2000vcl5\images\Glyphs\Flags\greece.bmp | 02-01-1999 | 16:20:24 | | 310 | c963c41b
File Copy: C:\ProjetosCM5\CM\ComponentesXT\1stClass2000vcl5\images\Glyphs\Flags\usa.bmp | 02-01-1999 | 16:20:46 | | 310 | 8675e2fc
File Copy: C:\ProjetosCM5\CM\ComponentesXT\1stClass2000vcl5\images\Glyphs\Flags\venezuela.bmp | 02-01-1999 | 16:21:06 | | 310 | a67aaca5
File Copy: C:\ProjetosCM5\CM\ComponentesXT\1stClass2000vcl5\images\Glyphs\Flags\virginisland.bmp | 02-01-1999 | 16:26:42 | | 310 | 6f105c63
File Copy: C:\ProjetosCM5\CM\ComponentesXT\1stClass2000vcl5\images\Glyphs\Flags\westindie.bmp | 02-01-1999 | 16:24:46 | | 310 | d8a4c51b
Made Dir: C:\ProjetosCM5\CM\ComponentesXT\1stClass2000vcl5\images\Glyphs\formbuttons
File Copy: C:\ProjetosCM5\CM\ComponentesXT\1stClass2000vcl5\images\Glyphs\formbuttons\Close.bmp | 04-27-1998 | 11:24:12 | | 198 | 54081dd
File Copy: C:\ProjetosCM5\CM\ComponentesXT\1stClass2000vcl5\images\Glyphs\formbuttons\Maximize.bmp | 04-27-1998 | 11:22:18 | | 198 | b4e99a48
File Copy: C:\ProjetosCM5\CM\ComponentesXT\1stClass2000vcl5\images\Glyphs\formbuttons\Minimize.bmp | 04-27-1998 | 11:22:58 | | 198 | 9eb33077
File Copy: C:\ProjetosCM5\CM\ComponentesXT\1stClass2000vcl5\images\Glyphs\formbuttons\Restore.bmp | 04-27-1998 | 11:25:24 | | 198 | e4d0e657
Made Dir: C:\ProjetosCM5\CM\ComponentesXT\1stClass2000vcl5\images\Glyphs\Misc
File Copy: C:\ProjetosCM5\CM\ComponentesXT\1stClass2000vcl5\images\Glyphs\Misc\AdmMode.BMP | 01-29-1999 | 10:52:54 | | 246 | b4f12ef8
File Copy: C:\ProjetosCM5\CM\ComponentesXT\1stClass2000vcl5\images\Glyphs\Misc\applicat.BMP | 01-29-1999 | 11:14:54 | | 246 | 85778402
File Copy: C:\ProjetosCM5\CM\ComponentesXT\1stClass2000vcl5\images\Glyphs\Misc\balancedue.BMP | 02-01-1999 | 16:09:32 | | 310 | 65b0c93a
File Copy: C:\ProjetosCM5\CM\ComponentesXT\1stClass2000vcl5\images\Glyphs\Misc\Country.BMP | 02-01-1999 | 16:28:10 | | 310 | 7efabe11
File Copy: C:\ProjetosCM5\CM\ComponentesXT\1stClass2000vcl5\images\Glyphs\Misc\delphi.BMP | 01-29-1999 | 11:10:54 | | 246 | a9e705b9
File Copy: C:\ProjetosCM5\CM\ComponentesXT\1stClass2000vcl5\images\Glyphs\Misc\environ.BMP | 01-29-1999 | 15:39:44 | | 246 | 7c8f70ec
File Copy: C:\ProjetosCM5\CM\ComponentesXT\1stClass2000vcl5\images\Glyphs\Misc\ftpdown.BMP | 01-29-1999 | 11:05:44 | | 246 | 760d5df2
File Copy: C:\ProjetosCM5\CM\ComponentesXT\1stClass2000vcl5\images\Glyphs\Misc\ieicon.BMP | 01-29-1999 | 10:47:34 | | 246 | 47e0e6b7
File Copy: C:\ProjetosCM5\CM\ComponentesXT\1stClass2000vcl5\images\Glyphs\Misc\InfoPowr.BMP | 01-29-1999 | 11:22:40 | | 246 | a41b4487
File Copy: C:\ProjetosCM5\CM\ComponentesXT\1stClass2000vcl5\images\Glyphs\Misc\Lipstick.bmp | 10-13-1998 | 16:00:00 | | 246 | 5137d354
File Copy: C:\ProjetosCM5\CM\ComponentesXT\1stClass2000vcl5\images\Glyphs\Misc\Mascara.bmp | 10-13-1998 | 16:06:30 | | 246 | d8076eba
File Copy: C:\ProjetosCM5\CM\ComponentesXT\1stClass2000vcl5\images\Glyphs\Misc\Mode.BMP | 01-29-1999 | 10:57:28 | | 246 | c0050a7
File Copy: C:\ProjetosCM5\CM\ComponentesXT\1stClass2000vcl5\images\Glyphs\Misc\Ordered.BMP | 01-29-1999 | 12:19:00 | | 246 | 3391ec52
File Copy: C:\ProjetosCM5\CM\ComponentesXT\1stClass2000vcl5\images\Glyphs\Misc\owed.BMP | 01-29-1999 | 12:03:54 | | 246 | 14613f72
File Copy: C:\ProjetosCM5\CM\ComponentesXT\1stClass2000vcl5\images\Glyphs\Misc\Pencil.bmp | 10-13-1998 | 16:09:10 | | 246 | 37759580
File Copy: C:\ProjetosCM5\CM\ComponentesXT\1stClass2000vcl5\images\Glyphs\Misc\Security.BMP | 01-29-1999 | 10:48:34 | | 246 | 52d118c4
File Copy: C:\ProjetosCM5\CM\ComponentesXT\1stClass2000vcl5\images\Glyphs\Misc\startup.BMP | 01-29-1999 | 10:52:02 | | 246 | fd28e523
File Copy: C:\ProjetosCM5\CM\ComponentesXT\1stClass2000vcl5\images\Glyphs\Misc\visa.bmp | 02-01-1999 | 16:22:32 | | 310 | f1abfbf7
Made Dir: C:\ProjetosCM5\CM\ComponentesXT\1stClass2000vcl5\images\Glyphs\OutlookBar
File Copy: C:\ProjetosCM5\CM\ComponentesXT\1stClass2000vcl5\images\Glyphs\OutlookBar\Box.BMP | 12-11-1998 | 16:00:32 | | 51534 | 1ce0b391
File Copy: C:\ProjetosCM5\CM\ComponentesXT\1stClass2000vcl5\images\Glyphs\OutlookBar\Box_In.BMP | 02-04-1999 | 13:39:16 | | 630 | 7fe296c3
File Copy: C:\ProjetosCM5\CM\ComponentesXT\1stClass2000vcl5\images\Glyphs\OutlookBar\Box_Out.BMP | 02-04-1999 | 13:37:26 | | 630 | 876a1c62
File Copy: C:\ProjetosCM5\CM\ComponentesXT\1stClass2000vcl5\images\Glyphs\OutlookBar\Brushes_1.bmp | 09-21-1998 | 15:46:54 | | 358 | 27934802
File Copy: C:\ProjetosCM5\CM\ComponentesXT\1stClass2000vcl5\images\Glyphs\OutlookBar\Brushes_2.bmp | 09-21-1998 | 15:47:08 | | 358 | 77e52808
File Copy: C:\ProjetosCM5\CM\ComponentesXT\1stClass2000vcl5\images\Glyphs\OutlookBar\Brushes_3.bmp | 09-21-1998 | 15:47:16 | | 358 | 245a8258
File Copy: C:\ProjetosCM5\CM\ComponentesXT\1stClass2000vcl5\images\Glyphs\OutlookBar\Brushes_4.bmp | 09-21-1998 | 15:47:24 | | 358 | dc250435
File Copy: C:\ProjetosCM5\CM\ComponentesXT\1stClass2000vcl5\images\Glyphs\OutlookBar\Brushes_5.bmp | 09-21-1998 | 15:47:32 | | 358 | 15e745a
File Copy: C:\ProjetosCM5\CM\ComponentesXT\1stClass2000vcl5\images\Glyphs\OutlookBar\Brushes_6.bmp | 09-21-1998 | 15:47:38 | | 358 | 8e552144
File Copy: C:\ProjetosCM5\CM\ComponentesXT\1stClass2000vcl5\images\Glyphs\OutlookBar\Brushes_7.bmp | 09-21-1998 | 15:47:52 | | 358 | 8353812a
File Copy: C:\ProjetosCM5\CM\ComponentesXT\1stClass2000vcl5\images\Glyphs\OutlookBar\Brushes_8.bmp | 09-21-1998 | 15:48:02 | | 358 | df8744c5
File Copy: C:\ProjetosCM5\CM\ComponentesXT\1stClass2000vcl5\images\Glyphs\OutlookBar\DeletedItems.BMP | 02-04-1999 | 13:41:08 | | 630 | dce613d8
File Copy: C:\ProjetosCM5\CM\ComponentesXT\1stClass2000vcl5\images\Glyphs\OutlookBar\Drafts.BMP | 02-04-1999 | 13:42:44 | | 630 | d46657e8
File Copy: C:\ProjetosCM5\CM\ComponentesXT\1stClass2000vcl5\images\Glyphs\OutlookBar\Folder.BMP | 12-14-1998 | 09:59:50 | | 3126 | e68a6a1e
File Copy: C:\ProjetosCM5\CM\ComponentesXT\1stClass2000vcl5\images\Glyphs\OutlookBar\Pen_1.bmp | 09-21-1998 | 15:48:20 | | 178 | b7f762e
File Copy: C:\ProjetosCM5\CM\ComponentesXT\1stClass2000vcl5\images\Glyphs\OutlookBar\Pen_2.bmp | 09-21-1998 | 15:48:26 | | 178 | 4d667c62
File Copy: C:\ProjetosCM5\CM\ComponentesXT\1stClass2000vcl5\images\Glyphs\OutlookBar\Pen_3.bmp | 09-21-1998 | 15:48:30 | | 178 | db67ee91
File Copy: C:\ProjetosCM5\CM\ComponentesXT\1stClass2000vcl5\images\Glyphs\OutlookBar\Pen_4.bmp | 09-21-1998 | 15:48:36 | | 178 | 59ecb5c5
File Copy: C:\ProjetosCM5\CM\ComponentesXT\1stClass2000vcl5\images\Glyphs\OutlookBar\Pen_5.bmp | 09-21-1998 | 15:48:42 | | 178 | a4afdde1
File Copy: C:\ProjetosCM5\CM\ComponentesXT\1stClass2000vcl5\images\Glyphs\OutlookBar\Pen_6.bmp | 09-21-1998 | 15:48:50 | | 178 | 96598dfe
File Copy: C:\ProjetosCM5\CM\ComponentesXT\1stClass2000vcl5\images\Glyphs\OutlookBar\SentItems.BMP | 02-04-1999 | 13:43:54 | | 630 | e9a8d1b5
File Copy: C:\ProjetosCM5\CM\ComponentesXT\1stClass2000vcl5\images\Glyphs\OutlookBar\Tool_Brush.bmp | 09-21-1998 | 15:50:56 | | 358 | f00dab27
File Copy: C:\ProjetosCM5\CM\ComponentesXT\1stClass2000vcl5\images\Glyphs\OutlookBar\Tool_Circle.bmp | 09-21-1998 | 15:50:24 | | 334 | 63a2b51c
File Copy: C:\ProjetosCM5\CM\ComponentesXT\1stClass2000vcl5\images\Glyphs\OutlookBar\Tool_Line.bmp | 09-21-1998 | 15:50:04 | | 358 | 2b140c3e
File Copy: C:\ProjetosCM5\CM\ComponentesXT\1stClass2000vcl5\images\Glyphs\OutlookBar\Tool_Pen.bmp | 09-21-1998 | 15:50:48 | | 358 | f3bdd0e0
File Copy: C:\ProjetosCM5\CM\ComponentesXT\1stClass2000vcl5\images\Glyphs\OutlookBar\Tool_RoundRect.bmp | 09-21-1998 | 15:50:40 | | 334 | c918d302
File Copy: C:\ProjetosCM5\CM\ComponentesXT\1stClass2000vcl5\images\Glyphs\OutlookBar\Tool_Square.bmp | 09-21-1998 | 15:50:14 | | 358 | 77e52808
File Copy: C:\ProjetosCM5\CM\ComponentesXT\1stClass2000vcl5\images\Glyphs\OutlookBar\VertImgBtn.BMP | 12-10-1998 | 16:37:30 | | 7654 | 95fc1ec0
Made Dir: C:\ProjetosCM5\CM\ComponentesXT\1stClass2000vcl5\images\Glyphs\Shapes
File Copy: C:\ProjetosCM5\CM\ComponentesXT\1stClass2000vcl5\images\Glyphs\Shapes\Arrow.BMP | 02-09-1999 | 12:16:46 | | 246 | 51d3d08d
File Copy: C:\ProjetosCM5\CM\ComponentesXT\1stClass2000vcl5\images\Glyphs\Shapes\Diamond.BMP | 02-09-1999 | 11:56:08 | | 246 | 78259fec
File Copy: C:\ProjetosCM5\CM\ComponentesXT\1stClass2000vcl5\images\Glyphs\Shapes\down.BMP | 02-09-1999 | 13:29:16 | | 246 | 2672cf34
File Copy: C:\ProjetosCM5\CM\ComponentesXT\1stClass2000vcl5\images\Glyphs\Shapes\Ellipse.BMP | 02-09-1999 | 12:04:52 | | 246 | c23ce8a
File Copy: C:\ProjetosCM5\CM\ComponentesXT\1stClass2000vcl5\images\Glyphs\Shapes\left.BMP | 02-09-1999 | 13:28:56 | | 246 | 529a265f
File Copy: C:\ProjetosCM5\CM\ComponentesXT\1stClass2000vcl5\images\Glyphs\Shapes\Rect.BMP | 02-09-1999 | 12:05:34 | | 246 | 53d56865
File Copy: C:\ProjetosCM5\CM\ComponentesXT\1stClass2000vcl5\images\Glyphs\Shapes\RoundRect.BMP | 02-09-1999 | 12:03:42 | | 246 | a1bcb073
File Copy: C:\ProjetosCM5\CM\ComponentesXT\1stClass2000vcl5\images\Glyphs\Shapes\star.BMP | 02-09-1999 | 12:11:26 | | 246 | 88b9d726
File Copy: C:\ProjetosCM5\CM\ComponentesXT\1stClass2000vcl5\images\Glyphs\Shapes\Triangle.BMP | 02-09-1999 | 12:17:34 | | 246 | fd7f0161
File Copy: C:\ProjetosCM5\CM\ComponentesXT\1stClass2000vcl5\images\Glyphs\Shapes\up.BMP | 02-09-1999 | 13:28:36 | | 246 | 78244f10
Made Dir: C:\ProjetosCM5\CM\ComponentesXT\1stClass2000vcl5\images\Misc
File Copy: C:\ProjetosCM5\CM\ComponentesXT\1stClass2000vcl5\images\Misc\CustomCheckboxWoodLabel.BMP | 02-17-1999 | 14:50:18 | | 3446 | c8559f5e
File Copy: C:\ProjetosCM5\CM\ComponentesXT\1stClass2000vcl5\images\Misc\w2wlogo.BMP | 02-02-1999 | 13:18:08 | | 2998 | 144be3d1
File Copy: C:\ProjetosCM5\CM\ComponentesXT\1stClass2000vcl5\images\Misc\w2wlogoBlack.BMP | 02-11-1999 | 13:18:04 | | 6838 | 46c9e27f
File Copy: C:\ProjetosCM5\CM\ComponentesXT\1stClass2000vcl5\images\Misc\waterbackground.BMP | 02-26-1999 | 16:35:24 | | 42358 | 647645b4
Made Dir: C:\ProjetosCM5\CM\ComponentesXT\1stClass2000vcl5\images\Tiles
Made Dir: C:\ProjetosCM5\CM\ComponentesXT\1stClass2000vcl5\images\Tiles\16colors
File Copy: C:\ProjetosCM5\CM\ComponentesXT\1stClass2000vcl5\images\Tiles\16colors\Brick1.bmp | 02-26-1999 | 10:28:54 | | 8310 | 99792965
File Copy: C:\ProjetosCM5\CM\ComponentesXT\1stClass2000vcl5\images\Tiles\16colors\Brick2.bmp | 02-26-1999 | 10:29:24 | | 8310 | 532d50d8
File Copy: C:\ProjetosCM5\CM\ComponentesXT\1stClass2000vcl5\images\Tiles\16colors\Plaid.BMP | 02-26-1999 | 20:32:44 | | 5998 | a3a6ffbc
File Copy: C:\ProjetosCM5\CM\ComponentesXT\1stClass2000vcl5\images\Tiles\16colors\Stone1.bmp | 02-26-1999 | 10:30:08 | | 8310 | 291b7a8a
File Copy: C:\ProjetosCM5\CM\ComponentesXT\1stClass2000vcl5\images\Tiles\16colors\Texture1.BMP | 02-26-1999 | 10:35:56 | | 4138 | 73dff044
File Copy: C:\ProjetosCM5\CM\ComponentesXT\1stClass2000vcl5\images\Tiles\16colors\Texture2.bmp | 02-26-1999 | 11:03:40 | | 4138 | 73dff044
File Copy: C:\ProjetosCM5\CM\ComponentesXT\1stClass2000vcl5\images\Tiles\16colors\Tile1.BMP | 02-16-1999 | 11:52:02 | | 3318 | f93d381c
File Copy: C:\ProjetosCM5\CM\ComponentesXT\1stClass2000vcl5\images\Tiles\16colors\Tile2.BMP | 02-16-1999 | 11:52:20 | | 3318 | 3345a566
File Copy: C:\ProjetosCM5\CM\ComponentesXT\1stClass2000vcl5\images\Tiles\16colors\Tile3.BMP | 02-16-1999 | 11:53:32 | | 3318 | 8b673f47
File Copy: C:\ProjetosCM5\CM\ComponentesXT\1stClass2000vcl5\images\Tiles\16colors\Tile4.BMP | 02-16-1999 | 11:53:54 | | 3318 | 99d941b4
File Copy: C:\ProjetosCM5\CM\ComponentesXT\1stClass2000vcl5\images\Tiles\16colors\Tile5.BMP | 02-16-1999 | 11:54:26 | | 3318 | 539628d6
File Copy: C:\ProjetosCM5\CM\ComponentesXT\1stClass2000vcl5\images\Tiles\16colors\Tile6.BMP | 02-16-1999 | 11:54:46 | | 3318 | 122f27ee
File Copy: C:\ProjetosCM5\CM\ComponentesXT\1stClass2000vcl5\images\Tiles\16colors\Tile7.BMP | 02-16-1999 | 11:55:04 | | 3318 | d684bbff
File Copy: C:\ProjetosCM5\CM\ComponentesXT\1stClass2000vcl5\images\Tiles\16colors\Wood1.BMP | 02-26-1999 | 10:30:56 | | 32630 | cc4bf6d8
Made Dir: C:\ProjetosCM5\CM\ComponentesXT\1stClass2000vcl5\images\Tiles\256Colors
File Copy: C:\ProjetosCM5\CM\ComponentesXT\1stClass2000vcl5\images\Tiles\256Colors\Bricks.BMP | 02-16-1999 | 13:14:58 | | 17462 | f5937624
File Copy: C:\ProjetosCM5\CM\ComponentesXT\1stClass2000vcl5\images\Tiles\256Colors\Bricks3.BMP | 02-16-1999 | 12:14:10 | | 17462 | dc29db2c
File Copy: C:\ProjetosCM5\CM\ComponentesXT\1stClass2000vcl5\images\Tiles\256Colors\Plaid.BMP | 02-26-1999 | 20:33:02 | | 12418 | b1394201
File Copy: C:\ProjetosCM5\CM\ComponentesXT\1stClass2000vcl5\images\Tiles\256Colors\PlaidGray.BMP | 02-26-1999 | 20:35:14 | | 12418 | 63b439fa
File Copy: C:\ProjetosCM5\CM\ComponentesXT\1stClass2000vcl5\images\Tiles\256Colors\Popcorn.BMP | 03-01-1999 | 14:16:38 | | 27118 | 378f625d
File Copy: C:\ProjetosCM5\CM\ComponentesXT\1stClass2000vcl5\images\Tiles\256Colors\Stone.BMP | 02-16-1999 | 13:14:18 | | 17462 | 6269b2e2
File Copy: C:\ProjetosCM5\CM\ComponentesXT\1stClass2000vcl5\images\Tiles\256Colors\tacks.BMP | 03-01-1999 | 19:09:56 | | 22902 | 7b7874b
File Copy: C:\ProjetosCM5\CM\ComponentesXT\1stClass2000vcl5\images\Tiles\256Colors\texture1.BMP | 02-16-1999 | 13:54:20 | | 9118 | 86de7bf6
File Copy: C:\ProjetosCM5\CM\ComponentesXT\1stClass2000vcl5\images\Tiles\256Colors\TrueSilver.bmp | 02-16-1999 | 12:57:14 | | 10294 | 41991d6f
File Copy: C:\ProjetosCM5\CM\ComponentesXT\1stClass2000vcl5\images\Tiles\256Colors\woodfloor.BMP | 02-16-1999 | 13:36:44 | | 66102 | c063bba5
File Copy: C:\ProjetosCM5\CM\ComponentesXT\1stClass2000vcl5\images\Tiles\256Colors\woodfloorgray.BMP | 02-16-1999 | 13:37:44 | | 66102 | 96b1fcde
File Copy: C:\ProjetosCM5\CM\ComponentesXT\1stClass2000vcl5\images\Tiles\256Colors\woodfloorgray2.BMP | 04-26-1999 | 18:21:42 | | 66102 | dfd5227b
File Copy: C:\ProjetosCM5\CM\ComponentesXT\1stClass2000vcl5\images\w2wlogo.BMP | 02-16-1999 | 14:10:48 | | 21718 | e41b1a46
Made Dir: C:\ProjetosCM5\CM\ComponentesXT\1stClass2000vcl5\lib
File Copy: C:\ProjetosCM5\CM\ComponentesXT\1stClass2000vcl5\lib\1stclass.dcr | 03-15-1999 | 11:54:40 | | 7596 | 336d14e0
File Copy: C:\ProjetosCM5\CM\ComponentesXT\1stClass2000vcl5\lib\fcabout.dcu | 08-18-2000 | 08:53:52 | | 3811 | 20dad3ab
File Copy: C:\ProjetosCM5\CM\ComponentesXT\1stClass2000vcl5\lib\fcabout.dfm | 02-09-2000 | 15:57:24 | | 1411 | aad41d37
File Copy: C:\ProjetosCM5\CM\ComponentesXT\1stClass2000vcl5\lib\fcbitmap.dcu | 08-18-2000 | 08:53:50 | | 23281 | 59693984
File Copy: C:\ProjetosCM5\CM\ComponentesXT\1stClass2000vcl5\lib\fcBrushes.res | 12-21-1998 | 13:46:26 | | 1824 | 964e7691
File Copy: C:\ProjetosCM5\CM\ComponentesXT\1stClass2000vcl5\lib\fcButtns.res | 05-22-1998 | 17:48:40 | | 5124 | 437286cc
File Copy: C:\ProjetosCM5\CM\ComponentesXT\1stClass2000vcl5\lib\fcbutton.dcu | 08-18-2000 | 08:53:50 | | 35678 | 42fbcc39
File Copy: C:\ProjetosCM5\CM\ComponentesXT\1stClass2000vcl5\lib\fcbuttongroup.dcu | 08-18-2000 | 08:53:50 | | 26434 | 683d08d8
File Copy: C:\ProjetosCM5\CM\ComponentesXT\1stClass2000vcl5\lib\fcCanvas.dcu | 08-18-2000 | 08:53:50 | | 7781 | af7d254e
File Copy: C:\ProjetosCM5\CM\ComponentesXT\1stClass2000vcl5\lib\fcChangeLInk.dcu | 08-18-2000 | 08:53:50 | | 1221 | 2c4b78e9
File Copy: C:\ProjetosCM5\CM\ComponentesXT\1stClass2000vcl5\lib\fcclearpanel.dcu | 08-18-2000 | 08:53:50 | | 6963 | 2384dcfe
File Copy: C:\ProjetosCM5\CM\ComponentesXT\1stClass2000vcl5\lib\Fccmbbtn.res | 02-26-1999 | 11:50:08 | | 2212 | aa3ba220
File Copy: C:\ProjetosCM5\CM\ComponentesXT\1stClass2000vcl5\lib\fcCollection.dcu | 08-18-2000 | 08:53:50 | | 3222 | c759edaa
File Copy: C:\ProjetosCM5\CM\ComponentesXT\1stClass2000vcl5\lib\fcCollectionEditor.dcu | 08-18-2000 | 08:53:52 | | 12804 | a208610d
File Copy: C:\ProjetosCM5\CM\ComponentesXT\1stClass2000vcl5\lib\fcCollectionEditor.dfm | 05-03-1999 | 17:14:00 | | 3476 | 94657373
File Copy: C:\ProjetosCM5\CM\ComponentesXT\1stClass2000vcl5\lib\fccolorcombo.dcu | 08-18-2000 | 08:53:50 | | 70764 | 3422b8d5
File Copy: C:\ProjetosCM5\CM\ComponentesXT\1stClass2000vcl5\lib\fcCombo.dcu | 08-18-2000 | 08:53:50 | | 35817 | dcebf170
File Copy: C:\ProjetosCM5\CM\ComponentesXT\1stClass2000vcl5\lib\fcCommon.dcu | 08-18-2000 | 08:53:50 | | 40914 | 3ccf1d96
File Copy: C:\ProjetosCM5\CM\ComponentesXT\1stClass2000vcl5\lib\fccustomdraw.dcu | 08-18-2000 | 08:53:50 | | 1468 | 546ff4f1
File Copy: C:\ProjetosCM5\CM\ComponentesXT\1stClass2000vcl5\lib\fcdbcommon.dcu | 08-18-2000 | 08:53:50 | | 1985 | de411d7b
File Copy: C:\ProjetosCM5\CM\ComponentesXT\1stClass2000vcl5\lib\fcdbtreeview.dcu | 08-18-2000 | 08:53:50 | | 69182 | a7c2337c
File Copy: C:\ProjetosCM5\CM\ComponentesXT\1stClass2000vcl5\lib\fcdemorichedit.dcu | 08-18-2000 | 08:53:50 | | 8618 | 7c7f7b8f
File Copy: C:\ProjetosCM5\CM\ComponentesXT\1stClass2000vcl5\lib\fcEvaluator.dcu | 08-18-2000 | 08:53:50 | | 3344 | 115343e7
File Copy: C:\ProjetosCM5\CM\ComponentesXT\1stClass2000vcl5\lib\fcFont.res | 11-24-1998 | 10:23:44 | | 548 | 533888fb
File Copy: C:\ProjetosCM5\CM\ComponentesXT\1stClass2000vcl5\lib\fcfontcombo.dcu | 08-18-2000 | 08:53:50 | | 24656 | 108cf0ed
File Copy: C:\ProjetosCM5\CM\ComponentesXT\1stClass2000vcl5\lib\fcframe.dcu | 08-18-2000 | 08:53:50 | | 9677 | 5e97a8bd
File Copy: C:\ProjetosCM5\CM\ComponentesXT\1stClass2000vcl5\lib\fcFrmBtn.res | 06-15-1998 | 09:26:08 | | 956 | 8b04112e
File Copy: C:\ProjetosCM5\CM\ComponentesXT\1stClass2000vcl5\lib\fcGraphics.dcu | 08-18-2000 | 08:53:50 | | 1282 | c6baf8ae
File Copy: C:\ProjetosCM5\CM\ComponentesXT\1stClass2000vcl5\lib\fcImage.dcu | 08-18-2000 | 08:53:50 | | 6430 | ae25604c
File Copy: C:\ProjetosCM5\CM\ComponentesXT\1stClass2000vcl5\lib\fcimageform.dcu | 08-18-2000 | 08:53:50 | | 12805 | 936df950
File Copy: C:\ProjetosCM5\CM\ComponentesXT\1stClass2000vcl5\lib\fcimager.dcu | 08-18-2000 | 08:53:50 | | 20927 | ccef2575
File Copy: C:\ProjetosCM5\CM\ComponentesXT\1stClass2000vcl5\lib\fcImgBtn.dcu | 08-18-2000 | 08:53:50 | | 24766 | 10cff432
File Copy: C:\ProjetosCM5\CM\ComponentesXT\1stClass2000vcl5\lib\fcLabel.dcu | 08-18-2000 | 08:53:50 | | 9842 | 19986415
File Copy: C:\ProjetosCM5\CM\ComponentesXT\1stClass2000vcl5\lib\fClass.dcu | 08-18-2000 | 08:53:52 | | 5505 | 7cc238cc
File Copy: C:\ProjetosCM5\CM\ComponentesXT\1stClass2000vcl5\lib\fcLinesEditor.dcu | 08-18-2000 | 08:53:52 | | 4422 | 3162f189
File Copy: C:\ProjetosCM5\CM\ComponentesXT\1stClass2000vcl5\lib\fcLinesEditor.dfm | 07-26-1999 | 16:03:48 | | 759 | 63e928fc
File Copy: C:\ProjetosCM5\CM\ComponentesXT\1stClass2000vcl5\lib\fcMsg.dcu | 08-18-2000 | 08:53:50 | | 3759 | f05816e7
File Copy: C:\ProjetosCM5\CM\ComponentesXT\1stClass2000vcl5\lib\fcOutlookbar.dcu | 08-18-2000 | 08:53:50 | | 29967 | 250e126d
File Copy: C:\ProjetosCM5\CM\ComponentesXT\1stClass2000vcl5\lib\fcoutlooklist.dcu | 08-18-2000 | 08:53:50 | | 38718 | bc2247b1
File Copy: C:\ProjetosCM5\CM\ComponentesXT\1stClass2000vcl5\lib\fcPicEdt.dcu | 08-18-2000 | 08:53:52 | | 6724 | fa9bd36b
File Copy: C:\ProjetosCM5\CM\ComponentesXT\1stClass2000vcl5\lib\fcPicEdt.dfm | 02-04-2000 | 18:03:32 | | 1555 | 5388830f
File Copy: C:\ProjetosCM5\CM\ComponentesXT\1stClass2000vcl5\lib\fcPropEdt.dcu | 08-18-2000 | 08:53:52 | | 32229 | 9116d99c
File Copy: C:\ProjetosCM5\CM\ComponentesXT\1stClass2000vcl5\lib\fcscrollbar.dcu | 08-18-2000 | 08:53:50 | | 13731 | a08fb2af
File Copy: C:\ProjetosCM5\CM\ComponentesXT\1stClass2000vcl5\lib\fcShapeBtn.dcu | 08-18-2000 | 08:53:50 | | 23898 | df800f6a
File Copy: C:\ProjetosCM5\CM\ComponentesXT\1stClass2000vcl5\lib\fcstatusbar.dcu | 08-18-2000 | 08:53:50 | | 39921 | 1b2a7d49
File Copy: C:\ProjetosCM5\CM\ComponentesXT\1stClass2000vcl5\lib\fcText.dcu | 08-18-2000 | 08:53:50 | | 18883 | 461db6f9
File Copy: C:\ProjetosCM5\CM\ComponentesXT\1stClass2000vcl5\lib\fcToolTip.dcu | 08-18-2000 | 08:53:50 | | 3559 | 46c896f
File Copy: C:\ProjetosCM5\CM\ComponentesXT\1stClass2000vcl5\lib\fctreecombo.dcu | 08-18-2000 | 08:53:50 | | 40278 | 99d6fa36
File Copy: C:\ProjetosCM5\CM\ComponentesXT\1stClass2000vcl5\lib\FCTREEVIEW.dcu | 08-18-2000 | 08:53:50 | | 89333 | 22e5bdb7
File Copy: C:\ProjetosCM5\CM\ComponentesXT\1stClass2000vcl5\lib\fcTreeView_ItemsEditor.dcu | 08-18-2000 | 08:53:52 | | 24236 | d50b9459
File Copy: C:\ProjetosCM5\CM\ComponentesXT\1stClass2000vcl5\lib\fcTreeView_ItemsEditor.dfm | 05-04-1999 | 09:53:02 | | 4713 | d4faade4
Made Dir: C:\ProjetosCM5\CM\ComponentesXT\1stClass2000vcl5\package
File Copy: C:\ProjetosCM5\CM\ComponentesXT\1stClass2000vcl5\package\firstclass2000d_vcl5.bpl | 08-18-2000 | 08:59:28 | 2000.0.0.1 | 125440 | 36aa397
File Copy: C:\ProjetosCM5\CM\ComponentesXT\1stClass2000vcl5\package\firstclass2000d_vcl5.dcp | 08-18-2000 | 08:53:52 | | 87813 | f030e7e2
File Copy: C:\ProjetosCM5\CM\ComponentesXT\1stClass2000vcl5\package\firstclass2000d_vcl5.dpk | 07-19-2000 | 08:56:28 | | 977 | 7d9e63d4
File Copy: C:\ProjetosCM5\CM\ComponentesXT\1stClass2000vcl5\package\firstclass2000_vcl5.bpl | 08-18-2000 | 08:59:26 | 2000.0.0.5 | 695808 | 6b4806dc
File Copy: C:\ProjetosCM5\CM\ComponentesXT\1stClass2000vcl5\package\firstclass2000_vcl5.cfg | 07-19-2000 | 08:52:54 | | 406 | 8f7d7860
File Copy: C:\ProjetosCM5\CM\ComponentesXT\1stClass2000vcl5\package\firstclass2000_vcl5.dcp | 08-18-2000 | 08:53:50 | | 641616 | 4c748341
File Copy: C:\ProjetosCM5\CM\ComponentesXT\1stClass2000vcl5\package\firstclass2000_vcl5.dof | 07-19-2000 | 08:56:10 | | 2063 | 608d5fb9
File Copy: C:\ProjetosCM5\CM\ComponentesXT\1stClass2000vcl5\package\firstclass2000_vcl5.dpk | 07-19-2000 | 08:56:06 | | 1103 | 6d16e3c8
File Copy: C:\ProjetosCM5\CM\ComponentesXT\1stClass2000vcl5\package\firstclass2000_vcl5.res | 07-19-2000 | 08:56:04 | | 1712 | f9aa8bab
File Copy: C:\ProjetosCM5\CM\ComponentesXT\1stClass2000vcl5\readme.rtf | 08-18-2000 | 14:50:26 | | 6710 | dbee681c
Made Dir: C:\ProjetosCM5\CM\ComponentesXT\1stClass2000vcl5\source
File Copy: C:\ProjetosCM5\CM\ComponentesXT\1stClass2000vcl5\source\1stclass.dcr | 03-15-1999 | 11:54:40 | | 7596 | 336d14e0
File Copy: C:\ProjetosCM5\CM\ComponentesXT\1stClass2000vcl5\source\compile.pas | 08-20-1999 | 16:19:44 | | 1259 | ce244f94
File Copy: C:\ProjetosCM5\CM\ComponentesXT\1stClass2000vcl5\source\fcabout.dfm | 02-09-2000 | 15:57:24 | | 1411 | aad41d37
File Copy: C:\ProjetosCM5\CM\ComponentesXT\1stClass2000vcl5\source\fcabout.pas | 04-30-1999 | 02:33:42 | | 779 | 671ba893
File Copy: C:\ProjetosCM5\CM\ComponentesXT\1stClass2000vcl5\source\fcbitmap.pas | 02-09-2000 | 00:43:32 | | 39239 | 42312fbb
File Copy: C:\ProjetosCM5\CM\ComponentesXT\1stClass2000vcl5\source\fcBrushes.res | 12-21-1998 | 13:46:26 | | 1824 | 964e7691
File Copy: C:\ProjetosCM5\CM\ComponentesXT\1stClass2000vcl5\source\fcButtns.res | 05-22-1998 | 17:48:40 | | 5124 | 437286cc
File Copy: C:\ProjetosCM5\CM\ComponentesXT\1stClass2000vcl5\source\fcbutton.pas | 08-18-2000 | 08:10:44 | | 54661 | 82675a3b
File Copy: C:\ProjetosCM5\CM\ComponentesXT\1stClass2000vcl5\source\fcbuttongroup.pas | 06-02-2000 | 14:21:22 | | 35788 | 1161a567
File Copy: C:\ProjetosCM5\CM\ComponentesXT\1stClass2000vcl5\source\fcCanvas.pas | 03-02-1999 | 12:31:34 | | 8752 | 443d064c
File Copy: C:\ProjetosCM5\CM\ComponentesXT\1stClass2000vcl5\source\fcChangeLInk.pas | 03-22-1999 | 11:15:54 | | 925 | b583d676
File Copy: C:\ProjetosCM5\CM\ComponentesXT\1stClass2000vcl5\source\fcclearpanel.pas | 08-05-1999 | 00:20:34 | | 6837 | 6de1319b
File Copy: C:\ProjetosCM5\CM\ComponentesXT\1stClass2000vcl5\source\Fccmbbtn.res | 02-26-1999 | 11:50:08 | | 2212 | aa3ba220
File Copy: C:\ProjetosCM5\CM\ComponentesXT\1stClass2000vcl5\source\fcCollection.pas | 04-26-1999 | 23:05:30 | | 2612 | b66f1712
File Copy: C:\ProjetosCM5\CM\ComponentesXT\1stClass2000vcl5\source\fcCollectionEditor.dfm | 05-03-1999 | 17:14:00 | | 3476 | 94657373
File Copy: C:\ProjetosCM5\CM\ComponentesXT\1stClass2000vcl5\source\fcCollectionEditor.pas | 09-13-1999 | 16:42:16 | | 13632 | b7b31a7e
File Copy: C:\ProjetosCM5\CM\ComponentesXT\1stClass2000vcl5\source\fccolorcombo.pas | 07-31-2000 | 13:44:56 | | 105048 | 23e3b2b4
File Copy: C:\ProjetosCM5\CM\ComponentesXT\1stClass2000vcl5\source\fccombo.pas | 08-16-2000 | 17:33:30 | | 50606 | fc630b00
File Copy: C:\ProjetosCM5\CM\ComponentesXT\1stClass2000vcl5\source\fcCommon.pas | 07-19-2000 | 08:55:16 | | 69508 | deb8522c
File Copy: C:\ProjetosCM5\CM\ComponentesXT\1stClass2000vcl5\source\fccustomdraw.pas | 04-27-1999 | 12:51:18 | | 5020 | 332e5ea7
File Copy: C:\ProjetosCM5\CM\ComponentesXT\1stClass2000vcl5\source\fcdbcommon.pas | 03-09-1999 | 11:21:24 | | 3561 | 714c3148
File Copy: C:\ProjetosCM5\CM\ComponentesXT\1stClass2000vcl5\source\fcdbtreeview.new | 04-01-1999 | 15:57:14 | | 111431 | a1372296
File Copy: C:\ProjetosCM5\CM\ComponentesXT\1stClass2000vcl5\source\fcdbtreeview.pas | 06-17-2000 | 01:52:00 | | 124596 | 83777b83
File Copy: C:\ProjetosCM5\CM\ComponentesXT\1stClass2000vcl5\source\fcdemorichedit.pas | 04-30-1999 | 02:33:38 | | 3023 | ee43778d
File Copy: C:\ProjetosCM5\CM\ComponentesXT\1stClass2000vcl5\source\fcEvaluator.pas | 12-07-1998 | 14:22:12 | | 2984 | 9fd6df47
File Copy: C:\ProjetosCM5\CM\ComponentesXT\1stClass2000vcl5\source\fcFont.res | 11-24-1998 | 10:23:44 | | 548 | 533888fb
File Copy: C:\ProjetosCM5\CM\ComponentesXT\1stClass2000vcl5\source\fcfontcombo.pas | 12-07-1999 | 17:05:26 | | 17610 | 9ae841db
File Copy: C:\ProjetosCM5\CM\ComponentesXT\1stClass2000vcl5\source\fcframe.pas | 01-20-2000 | 17:14:38 | | 16816 | 8b62757d
File Copy: C:\ProjetosCM5\CM\ComponentesXT\1stClass2000vcl5\source\fcFrmBtn.res | 06-15-1998 | 09:26:08 | | 956 | 8b04112e
File Copy: C:\ProjetosCM5\CM\ComponentesXT\1stClass2000vcl5\source\fcGraphics.pas | 03-02-1999 | 16:01:30 | | 2621 | 3063b3d4
File Copy: C:\ProjetosCM5\CM\ComponentesXT\1stClass2000vcl5\source\fcifdef.pas | 08-20-1999 | 15:36:20 | | 459 | 99d9e17b
File Copy: C:\ProjetosCM5\CM\ComponentesXT\1stClass2000vcl5\source\fcImage.pas | 02-15-2000 | 18:10:50 | | 5379 | 63d3d1c
File Copy: C:\ProjetosCM5\CM\ComponentesXT\1stClass2000vcl5\source\fcimageform.pas | 04-14-2000 | 10:29:32 | | 15969 | 9a5153b4
File Copy: C:\ProjetosCM5\CM\ComponentesXT\1stClass2000vcl5\source\fcimager.pas | 02-03-2000 | 14:59:56 | | 25898 | 746a7f50
File Copy: C:\ProjetosCM5\CM\ComponentesXT\1stClass2000vcl5\source\fcImgBtn.pas | 02-03-2000 | 15:28:34 | | 26785 | 7760cf9d
File Copy: C:\ProjetosCM5\CM\ComponentesXT\1stClass2000vcl5\source\fcintl.pas | 03-30-1999 | 17:44:50 | | 53 | 62f08729
File Copy: C:\ProjetosCM5\CM\ComponentesXT\1stClass2000vcl5\source\fcLabel.pas | 05-10-1999 | 13:23:32 | | 6652 | 54d50076
File Copy: C:\ProjetosCM5\CM\ComponentesXT\1stClass2000vcl5\source\fClass.pas | 08-26-1999 | 10:18:28 | | 4144 | 6314b73b
File Copy: C:\ProjetosCM5\CM\ComponentesXT\1stClass2000vcl5\source\fcLinesEditor.dfm | 07-26-1999 | 16:03:48 | | 759 | 63e928fc
File Copy: C:\ProjetosCM5\CM\ComponentesXT\1stClass2000vcl5\source\fcLinesEditor.pas | 03-02-1999 | 12:33:56 | | 1687 | 9d47c664
File Copy: C:\ProjetosCM5\CM\ComponentesXT\1stClass2000vcl5\source\fcMsg.pas | 03-02-1999 | 12:34:12 | | 3989 | 27753c3c
File Copy: C:\ProjetosCM5\CM\ComponentesXT\1stClass2000vcl5\source\fcOutlookbar.pas | 07-29-1999 | 10:31:48 | | 31656 | 68db9bf7
File Copy: C:\ProjetosCM5\CM\ComponentesXT\1stClass2000vcl5\source\fcoutlooklist.pas | 03-24-2000 | 18:22:50 | | 52888 | 2be2d09a
File Copy: C:\ProjetosCM5\CM\ComponentesXT\1stClass2000vcl5\source\fcPicEdt.dfm | 02-04-2000 | 18:03:32 | | 1555 | 5388830f
File Copy: C:\ProjetosCM5\CM\ComponentesXT\1stClass2000vcl5\source\fcPicEdt.pas | 02-04-2000 | 18:06:48 | | 3616 | d94bc59b
File Copy: C:\ProjetosCM5\CM\ComponentesXT\1stClass2000vcl5\source\fcPropEdt.pas | 02-08-2000 | 15:43:00 | | 28145 | c6639a54
File Copy: C:\ProjetosCM5\CM\ComponentesXT\1stClass2000vcl5\source\fcscrollbar.pas | 05-10-1999 | 13:25:08 | | 18241 | e6ca29b3
File Copy: C:\ProjetosCM5\CM\ComponentesXT\1stClass2000vcl5\source\fcShapeBtn.pas | 05-24-2000 | 11:12:34 | | 21031 | a576719b
File Copy: C:\ProjetosCM5\CM\ComponentesXT\1stClass2000vcl5\source\fcstatusbar.pas | 08-14-2000 | 12:48:14 | | 57720 | c5ee7586
File Copy: C:\ProjetosCM5\CM\ComponentesXT\1stClass2000vcl5\source\fcText.pas | 07-28-1999 | 16:23:12 | | 29365 | ff89e2a8
File Copy: C:\ProjetosCM5\CM\ComponentesXT\1stClass2000vcl5\source\fcToolTip.pas | 04-27-1999 | 12:50:50 | | 1401 | a59070ef
File Copy: C:\ProjetosCM5\CM\ComponentesXT\1stClass2000vcl5\source\fctreecombo.pas | 07-31-2000 | 13:48:36 | | 44224 | 64fb944a
File Copy: C:\ProjetosCM5\CM\ComponentesXT\1stClass2000vcl5\source\fcTreeView.pas | 06-10-2000 | 09:52:30 | | 161151 | 5db42f69
File Copy: C:\ProjetosCM5\CM\ComponentesXT\1stClass2000vcl5\source\fcTreeView_ItemsEditor.dfm | 05-04-1999 | 09:53:02 | | 4713 | d4faade4
File Copy: C:\ProjetosCM5\CM\ComponentesXT\1stClass2000vcl5\source\fcTreeView_ItemsEditor.pas | 03-09-2000 | 17:08:12 | | 22263 | 3857eb38
RegDB Key: Software\Woll2Woll\1stClass
RegDB Val: 1stclass2b259729
RegDB Name: Reg. No.
RegDB Root: 1
RegDB Key: Software\Borland\Delphi\5.0\Library
RegDB Val: C:\ProjetosCM5\CM\ComponentesXT\1stClass2000vcl5\LIB;C:\ProjetosCM5\CM\ComponentesXT\ip2000d5\LIB;C:\Arquivos de programas\Woll2Woll\ip2000d5\LIB;$(DELPHI)\Lib;$(DELPHI)\Bin;$(DELPHI)\Imports;$(DELPHI)\Projects\Bpl;c:\arquivos de programas\borland\delphi5\rbuilder\extradev\delphi5\lib;$(DELPHI)\RBuilder\Lib
RegDB Name: Search Path
RegDB Root: 1
RegDB Old: C:\ProjetosCM5\CM\ComponentesXT\ip2000d5\LIB;C:\Arquivos de programas\Woll2Woll\ip2000d5\LIB;$(DELPHI)\Lib;$(DELPHI)\Bin;$(DELPHI)\Imports;$(DELPHI)\Projects\Bpl;c:\arquivos de programas\borland\delphi5\rbuilder\extradev\delphi5\lib;$(DELPHI)\RBuilder\Lib
RegDB Key: Software\Borland\Delphi\5.0\Known Packages
RegDB Val: Woll2Woll 1stClass
RegDB Name: C:\ProjetosCM5\CM\ComponentesXT\1stClass2000vcl5\package\firstclass2000d_vcl5.bpl
RegDB Root: 1
RegDB Key: Software\Microsoft\Windows\Help
RegDB Val: C:\Arquivos de programas\Borland\Delphi5\help
RegDB Name: 1stclass_d5.hlp
RegDB Root: 2
File Copy: C:\Arquivos de programas\Borland\Delphi5\lib\firstclass2000_vcl5.dcp
File Copy: C:\Arquivos de programas\Borland\Delphi5\Help\1stClass_d5.hlp
File Copy: C:\Arquivos de programas\Borland\Delphi5\Help\1stClass_d5.cnt
RegDB Tree: Software\Borland\Delphi\5.0\Palette\1stClass
File Overwrite: C:\WINNT\system32\firstclass2000_vcl5.bpl
RegDB Root: 1
