***  Installation Started 11/28/2000 16:35  ***
Title: InfoPower 2000 Professional for Delphi 5/Builder 5
Source: \\Cmbdc\Produtos\InfoPower\Delphi5\InfoPower2000Pro_d5c5.exe | 11-23-2000 | 15:29:32 | 5393389
Made Dir: C:\ProjetosCM5\CM\ComponentesXT\ip2000d5
File Copy: C:\ProjetosCM5\CM\ComponentesXT\ip2000d5\UNWISE.EXE | 06-25-1999 | 10:55:30 | | 149504 | 30fdd633
RegDB Key: Software\Microsoft\Windows\CurrentVersion\Uninstall\InfoPower 2000 Professional for Delphi 5/C++ Builder 5
RegDB Val: InfoPower 2000 Professional for Delphi 5/C++ Builder 5
RegDB Name: DisplayName
RegDB Root: 2
RegDB Old: InfoPower 2000 Professional for Delphi 5/C++ Builder 5
RegDB Key: Software\Microsoft\Windows\CurrentVersion\Uninstall\InfoPower 2000 Professional for Delphi 5/C++ Builder 5
RegDB Val: C:\PROJET~1\CM\COMPON~2\ip2000d5\UNWISE.EXE C:\PROJET~1\CM\COMPON~2\ip2000d5\INSTALL.LOG
RegDB Name: UninstallString
RegDB Root: 2
RegDB Old: C:\ARQUIV~1\WOLL2W~1\ip2000d5\UNWISE.EXE C:\ARQUIV~1\WOLL2W~1\ip2000d5\INSTALL.LOG
Made Dir: C:\ProjetosCM5\CM\ComponentesXT\ip2000d5\help
File Copy: C:\ProjetosCM5\CM\ComponentesXT\ip2000d5\help\ip50d5.cnt | 11-04-1999 | 10:54:16 | | 8938 | 1ae13376
Made Dir: C:\ProjetosCM5\CM\ComponentesXT\ip2000d5\demos
Made Dir: C:\ProjetosCM5\CM\ComponentesXT\ip2000d5\demos\Grid
File Copy: C:\ProjetosCM5\CM\ComponentesXT\ip2000d5\demos\Grid\Gridlook.res | 07-24-1995 | 23:17:54 | | 794 | c5a8372c
File Copy: C:\ProjetosCM5\CM\ComponentesXT\ip2000d5\demos\Grid\Gridlook.opt | 07-24-1995 | 23:17:54 | | 279 | 37e808b9
File Copy: C:\ProjetosCM5\CM\ComponentesXT\ip2000d5\demos\Grid\Gridlook.dpr | 04-20-1995 | 17:42:26 | | 174 | 4942cd62
File Copy: C:\ProjetosCM5\CM\ComponentesXT\ip2000d5\demos\Grid\GridIniHint.res | 10-19-1999 | 11:52:28 | | 876 | c901118b
File Copy: C:\ProjetosCM5\CM\ComponentesXT\ip2000d5\demos\Grid\GridIniHint.dpr | 10-19-1999 | 13:01:56 | | 231 | 3f0aa7ad
File Copy: C:\ProjetosCM5\CM\ComponentesXT\ip2000d5\demos\Grid\GridIniHint.dof | 10-19-1999 | 13:15:56 | | 909 | 537d4269
File Copy: C:\ProjetosCM5\CM\ComponentesXT\ip2000d5\demos\Grid\GridIniHint.cfg | 10-19-1999 | 13:15:56 | | 437 | 1cd74d6d
File Copy: C:\ProjetosCM5\CM\ComponentesXT\ip2000d5\demos\Grid\Gridbtmp.res | 07-28-1996 | 02:34:58 | | 794 | c5a8372c
File Copy: C:\ProjetosCM5\CM\ComponentesXT\ip2000d5\demos\Grid\GRIDBTMP.opt | 07-28-1996 | 02:34:58 | | 279 | 37e808b9
File Copy: C:\ProjetosCM5\CM\ComponentesXT\ip2000d5\demos\Grid\Gridbtmp.dpr | 07-28-1996 | 02:34:40 | | 177 | c1c0e73d
File Copy: C:\ProjetosCM5\CM\ComponentesXT\ip2000d5\demos\Grid\Grdlook.pas | 07-02-1998 | 15:03:16 | | 5436 | d0e63a64
File Copy: C:\ProjetosCM5\CM\ComponentesXT\ip2000d5\demos\Grid\GRDLOOK.dfm | 10-19-1999 | 15:32:38 | | 10156 | 4af37494
File Copy: C:\ProjetosCM5\CM\ComponentesXT\ip2000d5\demos\Grid\GrdIniHint.pas | 10-19-1999 | 13:38:44 | | 2143 | 39e2cca2
File Copy: C:\ProjetosCM5\CM\ComponentesXT\ip2000d5\demos\Grid\GrdIniHint.dfm | 10-19-1999 | 17:50:30 | | 7897 | 97f3e4ae
File Copy: C:\ProjetosCM5\CM\ComponentesXT\ip2000d5\demos\Grid\grdbttn.pas | 08-31-1999 | 09:58:54 | | 1558 | b378b966
File Copy: C:\ProjetosCM5\CM\ComponentesXT\ip2000d5\demos\Grid\grdbttn.dfm | 10-19-1999 | 15:11:16 | | 16854 | cdef4a9e
File Copy: C:\ProjetosCM5\CM\ComponentesXT\ip2000d5\demos\Grid\Grdbtn.res | 07-20-1996 | 21:09:00 | | 898 | 24eae696
File Copy: C:\ProjetosCM5\CM\ComponentesXT\ip2000d5\demos\Grid\Grdbtn.opt | 07-20-1996 | 21:09:00 | | 279 | 37e808b9
File Copy: C:\ProjetosCM5\CM\ComponentesXT\ip2000d5\demos\Grid\Grdbtn.dpr | 07-20-1996 | 21:07:44 | | 181 | f00622c
File Copy: C:\ProjetosCM5\CM\ComponentesXT\ip2000d5\demos\Grid\Grdbitmp.res | 06-21-1996 | 02:03:12 | | 794 | c5a8372c
File Copy: C:\ProjetosCM5\CM\ComponentesXT\ip2000d5\demos\Grid\Grdbitmp.pas | 08-31-1999 | 09:58:54 | | 6507 | 3a4ac6d8
File Copy: C:\ProjetosCM5\CM\ComponentesXT\ip2000d5\demos\Grid\Grdbitmp.opt | 06-21-1996 | 02:03:12 | | 279 | 37e808b9
File Copy: C:\ProjetosCM5\CM\ComponentesXT\ip2000d5\demos\Grid\GRDBITMP.dfm | 10-19-1999 | 15:10:48 | | 73227 | 1b9d893d
Made Dir: C:\ProjetosCM5\CM\ComponentesXT\ip2000d5\demos\Tblpack
File Copy: C:\ProjetosCM5\CM\ComponentesXT\ip2000d5\demos\Tblpack\Packtest.pas | 01-13-1997 | 01:50:10 | | 2892 | f898a956
File Copy: C:\ProjetosCM5\CM\ComponentesXT\ip2000d5\demos\Tblpack\PACKTEST.dfm | 08-31-1999 | 10:00:24 | | 2647 | 254897b6
File Copy: C:\ProjetosCM5\CM\ComponentesXT\ip2000d5\demos\Tblpack\Packprj.res | 04-28-1995 | 01:50:52 | | 794 | df93a486
File Copy: C:\ProjetosCM5\CM\ComponentesXT\ip2000d5\demos\Tblpack\Packprj.opt | 04-28-1995 | 01:50:52 | | 279 | 37e808b9
File Copy: C:\ProjetosCM5\CM\ComponentesXT\ip2000d5\demos\Tblpack\Packprj.dpr | 03-30-1995 | 03:23:34 | | 222 | caf600fb
File Copy: C:\ProjetosCM5\CM\ComponentesXT\ip2000d5\demos\Tblpack\Packdlgs.pas | 01-13-1997 | 01:49:36 | | 6494 | 97c59ea3
File Copy: C:\ProjetosCM5\CM\ComponentesXT\ip2000d5\demos\Tblpack\Packdlgs.dfm | 04-03-1995 | 09:37:26 | | 2164 | 353c7535
Made Dir: C:\ProjetosCM5\CM\ComponentesXT\ip2000d5\demos\Search
File Copy: C:\ProjetosCM5\CM\ComponentesXT\ip2000d5\demos\Search\Search.pas | 06-23-1996 | 22:13:28 | | 1008 | d5adf72
File Copy: C:\ProjetosCM5\CM\ComponentesXT\ip2000d5\demos\Search\SEARCH.dfm | 08-31-1999 | 10:02:36 | | 3757 | fbbf9efd
File Copy: C:\ProjetosCM5\CM\ComponentesXT\ip2000d5\demos\Search\Demosrch.res | 04-20-1995 | 17:16:34 | | 794 | e3c7a2b
File Copy: C:\ProjetosCM5\CM\ComponentesXT\ip2000d5\demos\Search\Demosrch.opt | 04-20-1995 | 17:16:34 | | 279 | 37e808b9
File Copy: C:\ProjetosCM5\CM\ComponentesXT\ip2000d5\demos\Search\Demosrch.dpr | 04-18-1995 | 00:49:06 | | 178 | d1afbea1
Made Dir: C:\ProjetosCM5\CM\ComponentesXT\ip2000d5\demos\savefilt
File Copy: C:\ProjetosCM5\CM\ComponentesXT\ip2000d5\demos\savefilt\wwsavflt.pas | 12-22-1997 | 13:04:50 | | 8836 | 1cba7a89
File Copy: C:\ProjetosCM5\CM\ComponentesXT\ip2000d5\demos\savefilt\selfilt.pas | 06-13-1997 | 12:47:16 | | 905 | 4e805365
File Copy: C:\ProjetosCM5\CM\ComponentesXT\ip2000d5\demos\savefilt\selfilt.dfm | 06-13-1997 | 12:47:48 | | 609 | 2e9881d0
File Copy: C:\ProjetosCM5\CM\ComponentesXT\ip2000d5\demos\savefilt\savefilt.txt | 12-22-1997 | 12:58:06 | | 293 | ff032159
File Copy: C:\ProjetosCM5\CM\ComponentesXT\ip2000d5\demos\savefilt\savefilt.pas | 07-03-1998 | 15:11:14 | | 3695 | a666676a
File Copy: C:\ProjetosCM5\CM\ComponentesXT\ip2000d5\demos\savefilt\savefilt.dfm | 08-31-1999 | 10:02:28 | | 2681 | 4a0dab66
File Copy: C:\ProjetosCM5\CM\ComponentesXT\ip2000d5\demos\savefilt\psaveflt.res | 06-13-1997 | 12:54:34 | | 876 | f81c4ea
File Copy: C:\ProjetosCM5\CM\ComponentesXT\ip2000d5\demos\savefilt\psaveflt.dpr | 12-22-1997 | 12:52:44 | | 355 | 116bfd62
File Copy: C:\ProjetosCM5\CM\ComponentesXT\ip2000d5\demos\savefilt\psaveflt.dof | 12-22-1997 | 13:13:44 | | 731 | 9aa1bbdd
Made Dir: C:\ProjetosCM5\CM\ComponentesXT\ip2000d5\demos\rcdvw
File Copy: C:\ProjetosCM5\CM\ComponentesXT\ip2000d5\demos\rcdvw\rcdvw.pas | 06-29-1998 | 22:06:54 | | 4903 | 8588e5cb
File Copy: C:\ProjetosCM5\CM\ComponentesXT\ip2000d5\demos\rcdvw\rcdvw.dfm | 08-31-1999 | 10:02:16 | | 6398 | 73e873aa
File Copy: C:\ProjetosCM5\CM\ComponentesXT\ip2000d5\demos\rcdvw\prcdvw.res | 05-19-1997 | 14:32:56 | | 876 | 7cf3c8d9
File Copy: C:\ProjetosCM5\CM\ComponentesXT\ip2000d5\demos\rcdvw\prcdvw.dpr | 06-16-1997 | 09:48:28 | | 225 | d50ddb81
File Copy: C:\ProjetosCM5\CM\ComponentesXT\ip2000d5\demos\rcdvw\prcdvw.dof | 06-16-1997 | 09:48:30 | | 479 | af9da141
Made Dir: C:\ProjetosCM5\CM\ComponentesXT\ip2000d5\demos\rcdpanel
File Copy: C:\ProjetosCM5\CM\ComponentesXT\ip2000d5\demos\rcdpanel\rcdpnldemo2.pas | 10-20-1999 | 13:48:34 | | 6605 | cfefc735
File Copy: C:\ProjetosCM5\CM\ComponentesXT\ip2000d5\demos\rcdpanel\rcdpnldemo2.dfm | 10-20-1999 | 13:48:18 | | 6626 | 11bde5cc
File Copy: C:\ProjetosCM5\CM\ComponentesXT\ip2000d5\demos\rcdpanel\rcdpnldemo.pas | 08-31-1999 | 13:40:10 | | 4408 | 65a23e9c
File Copy: C:\ProjetosCM5\CM\ComponentesXT\ip2000d5\demos\rcdpanel\rcdpnldemo.dfm | 08-31-1999 | 10:02:00 | | 6607 | 54fbf7a2
File Copy: C:\ProjetosCM5\CM\ComponentesXT\ip2000d5\demos\rcdpanel\prcdpnldemo2.res | 10-18-1999 | 16:48:04 | | 876 | 483416c3
File Copy: C:\ProjetosCM5\CM\ComponentesXT\ip2000d5\demos\rcdpanel\prcdpnldemo2.dpr | 10-18-1999 | 16:48:22 | | 288 | 601c75ac
File Copy: C:\ProjetosCM5\CM\ComponentesXT\ip2000d5\demos\rcdpanel\prcdpnldemo2.dof | 10-18-1999 | 16:48:20 | | 1507 | 589f0649
File Copy: C:\ProjetosCM5\CM\ComponentesXT\ip2000d5\demos\rcdpanel\prcdpnldemo2.cfg | 10-18-1999 | 16:32:30 | | 566 | 57fdd97a
File Copy: C:\ProjetosCM5\CM\ComponentesXT\ip2000d5\demos\rcdpanel\prcdpnldemo.res | 06-12-1998 | 10:19:50 | | 876 | d2050c12
File Copy: C:\ProjetosCM5\CM\ComponentesXT\ip2000d5\demos\rcdpanel\prcdpnldemo.dpr | 06-12-1998 | 10:53:04 | | 231 | f014623d
File Copy: C:\ProjetosCM5\CM\ComponentesXT\ip2000d5\demos\rcdpanel\prcdpnldemo.dof | 06-14-1998 | 20:11:12 | | 1114 | 66699b0c
Made Dir: C:\ProjetosCM5\CM\ComponentesXT\ip2000d5\demos\Qbe
File Copy: C:\ProjetosCM5\CM\ComponentesXT\ip2000d5\demos\Qbe\Qbe.pas | 05-01-1995 | 20:53:12 | | 1265 | 6f051e57
File Copy: C:\ProjetosCM5\CM\ComponentesXT\ip2000d5\demos\Qbe\QBE.dfm | 08-31-1999 | 10:01:54 | | 4323 | 90bf92d3
File Copy: C:\ProjetosCM5\CM\ComponentesXT\ip2000d5\demos\Qbe\Prjqbe.res | 05-01-1995 | 20:54:42 | | 794 | f6d24b4
File Copy: C:\ProjetosCM5\CM\ComponentesXT\ip2000d5\demos\Qbe\Prjqbe.opt | 05-01-1995 | 20:54:42 | | 279 | 37e808b9
File Copy: C:\ProjetosCM5\CM\ComponentesXT\ip2000d5\demos\Qbe\Prjqbe.dpr | 04-25-1995 | 11:52:46 | | 161 | c10bf018
Made Dir: C:\ProjetosCM5\CM\ComponentesXT\ip2000d5\demos\Picmask
File Copy: C:\ProjetosCM5\CM\ComponentesXT\ip2000d5\demos\Picmask\Pictures.pas | 07-03-1998 | 11:19:42 | | 4852 | c3d1d89c
File Copy: C:\ProjetosCM5\CM\ComponentesXT\ip2000d5\demos\Picmask\PICTURES.dfm | 08-31-1999 | 10:01:44 | | 6826 | a928ebaa
File Copy: C:\ProjetosCM5\CM\ComponentesXT\ip2000d5\demos\Picmask\Picmask.res | 06-26-1996 | 15:28:16 | | 794 | c5a8372c
File Copy: C:\ProjetosCM5\CM\ComponentesXT\ip2000d5\demos\Picmask\Picmask.opt | 06-26-1996 | 15:28:16 | | 279 | 37e808b9
File Copy: C:\ProjetosCM5\CM\ComponentesXT\ip2000d5\demos\Picmask\Picmask.dpr | 06-21-1996 | 12:14:58 | | 184 | 88558ec4
Made Dir: C:\ProjetosCM5\CM\ComponentesXT\ip2000d5\demos\Navigator
File Copy: C:\ProjetosCM5\CM\ComponentesXT\ip2000d5\demos\Navigator\NavManyProj.res | 07-06-1998 | 14:27:36 | | 876 | 6b74ecfb
File Copy: C:\ProjetosCM5\CM\ComponentesXT\ip2000d5\demos\Navigator\NavManyProj.dpr | 07-08-1998 | 02:15:50 | | 213 | d8d03528
File Copy: C:\ProjetosCM5\CM\ComponentesXT\ip2000d5\demos\Navigator\NavManyProj.dof | 07-08-1998 | 02:16:30 | | 1095 | d1578864
File Copy: C:\ProjetosCM5\CM\ComponentesXT\ip2000d5\demos\Navigator\NavManyProj.cfg | 07-07-1998 | 12:08:48 | | 314 | af0eb965
File Copy: C:\ProjetosCM5\CM\ComponentesXT\ip2000d5\demos\Navigator\NavMany.pas | 08-31-1999 | 10:03:12 | | 4211 | e777e3c
File Copy: C:\ProjetosCM5\CM\ComponentesXT\ip2000d5\demos\Navigator\NavMany.dfm | 08-31-1999 | 09:59:54 | | 30073 | 401cacd2
File Copy: C:\ProjetosCM5\CM\ComponentesXT\ip2000d5\demos\Navigator\NavigatorComb.pas | 08-31-1999 | 10:03:14 | | 3147 | 91c40db4
File Copy: C:\ProjetosCM5\CM\ComponentesXT\ip2000d5\demos\Navigator\NavigatorComb.dfm | 08-31-1999 | 09:59:40 | | 12195 | 343be6c3
Made Dir: C:\ProjetosCM5\CM\ComponentesXT\ip2000d5\demos\Multidel
File Copy: C:\ProjetosCM5\CM\ComponentesXT\ip2000d5\demos\Multidel\Prjmulti.res | 06-16-1996 | 20:30:22 | | 876 | 9f1269
File Copy: C:\ProjetosCM5\CM\ComponentesXT\ip2000d5\demos\Multidel\Prjmulti.opt | 06-16-1996 | 20:30:22 | | 279 | b86b9d31
File Copy: C:\ProjetosCM5\CM\ComponentesXT\ip2000d5\demos\Multidel\Prjmulti.dpr | 05-27-1997 | 12:24:34 | | 181 | dd0262b8
File Copy: C:\ProjetosCM5\CM\ComponentesXT\ip2000d5\demos\Multidel\Prjmulti.dof | 05-27-1997 | 12:32:42 | | 843 | d9b466b9
File Copy: C:\ProjetosCM5\CM\ComponentesXT\ip2000d5\demos\Multidel\Multi.pas | 08-31-1999 | 11:04:54 | | 5024 | 64874e6f
File Copy: C:\ProjetosCM5\CM\ComponentesXT\ip2000d5\demos\Multidel\MULTI.dfm | 08-31-1999 | 09:59:28 | | 4620 | 38a43ef9
Made Dir: C:\ProjetosCM5\CM\ComponentesXT\ip2000d5\demos\maindemo
File Copy: C:\ProjetosCM5\CM\ComponentesXT\ip2000d5\demos\maindemo\SaveFilt.txt | 06-14-1997 | 00:19:58 | | 114 | 22f2c028
File Copy: C:\ProjetosCM5\CM\ComponentesXT\ip2000d5\demos\maindemo\Prjdemo.str | 02-15-1997 | 15:21:56 | | 32 | 245d8dcd
File Copy: C:\ProjetosCM5\CM\ComponentesXT\ip2000d5\demos\maindemo\Prjdemo.res | 10-19-1999 | 17:55:20 | | 876 | 9c639113
File Copy: C:\ProjetosCM5\CM\ComponentesXT\ip2000d5\demos\maindemo\PRJDEMO.opt | 08-04-1998 | 00:29:28 | | 280 | c0ffaa42
File Copy: C:\ProjetosCM5\CM\ComponentesXT\ip2000d5\demos\maindemo\Prjdemo.dpr | 10-19-1999 | 17:54:58 | | 1854 | d77cb0ca
File Copy: C:\ProjetosCM5\CM\ComponentesXT\ip2000d5\demos\maindemo\Prjdemo.dof | 10-19-1999 | 17:55:24 | | 1265 | d173bde4
File Copy: C:\ProjetosCM5\CM\ComponentesXT\ip2000d5\demos\maindemo\Prjdemo.cfg | 10-19-1999 | 17:39:48 | | 437 | f8c58bb
File Copy: C:\ProjetosCM5\CM\ComponentesXT\ip2000d5\demos\maindemo\packrslt.db | 09-07-1999 | 11:56:34 | | 2048 | 223f8cfb
File Copy: C:\ProjetosCM5\CM\ComponentesXT\ip2000d5\demos\maindemo\demo.pas | 10-19-1999 | 17:48:24 | | 12200 | eaddd19d
File Copy: C:\ProjetosCM5\CM\ComponentesXT\ip2000d5\demos\maindemo\demo.dfm | 10-29-1999 | 13:08:24 | | 915777 | 6f785eed
Made Dir: C:\ProjetosCM5\CM\ComponentesXT\ip2000d5\demos\Locate
File Copy: C:\ProjetosCM5\CM\ComponentesXT\ip2000d5\demos\Locate\Prjlocat.res | 04-20-1995 | 17:15:14 | | 794 | edc27c30
File Copy: C:\ProjetosCM5\CM\ComponentesXT\ip2000d5\demos\Locate\Prjlocat.opt | 04-20-1995 | 17:15:12 | | 279 | 37e808b9
File Copy: C:\ProjetosCM5\CM\ComponentesXT\ip2000d5\demos\Locate\Prjlocat.dpr | 04-20-1995 | 17:14:34 | | 168 | cfd5bf3
File Copy: C:\ProjetosCM5\CM\ComponentesXT\ip2000d5\demos\Locate\Demoloc.pas | 07-03-1998 | 11:10:48 | | 2530 | 5d9a5ea4
File Copy: C:\ProjetosCM5\CM\ComponentesXT\ip2000d5\demos\Locate\DEMOLOC.dfm | 08-31-1999 | 09:55:16 | | 6459 | 42404c0b
Made Dir: C:\ProjetosCM5\CM\ComponentesXT\ip2000d5\demos\Isrchdlg
File Copy: C:\ProjetosCM5\CM\ComponentesXT\ip2000d5\demos\Isrchdlg\Srchdlg.res | 04-28-1995 | 01:50:10 | | 794 | c5a8372c
File Copy: C:\ProjetosCM5\CM\ComponentesXT\ip2000d5\demos\Isrchdlg\Srchdlg.opt | 04-28-1995 | 01:50:10 | | 279 | 37e808b9
File Copy: C:\ProjetosCM5\CM\ComponentesXT\ip2000d5\demos\Isrchdlg\Srchdlg.dpr | 04-24-1995 | 21:39:40 | | 179 | 3e697a72
File Copy: C:\ProjetosCM5\CM\ComponentesXT\ip2000d5\demos\Isrchdlg\Isearch.pas | 07-03-1998 | 11:16:14 | | 3072 | 433ddee2
File Copy: C:\ProjetosCM5\CM\ComponentesXT\ip2000d5\demos\Isrchdlg\ISEARCH.dfm | 08-31-1999 | 13:49:42 | | 8007 | b1fec47
Made Dir: C:\ProjetosCM5\CM\ComponentesXT\ip2000d5\demos\Inspector
File Copy: C:\ProjetosCM5\CM\ComponentesXT\ip2000d5\demos\Inspector\w2wtext6.BMP | 08-20-1999 | 13:46:56 | | 36566 | 98b98ea4
File Copy: C:\ProjetosCM5\CM\ComponentesXT\ip2000d5\demos\Inspector\prjDataInspector.res | 09-08-1999 | 11:45:42 | | 876 | cb4d809
File Copy: C:\ProjetosCM5\CM\ComponentesXT\ip2000d5\demos\Inspector\prjDataInspector.dpr | 11-08-1999 | 16:09:30 | | 238 | 8a9cfa1f
File Copy: C:\ProjetosCM5\CM\ComponentesXT\ip2000d5\demos\Inspector\prjDataInspector.dof | 11-08-1999 | 16:09:52 | | 1364 | 42813810
File Copy: C:\ProjetosCM5\CM\ComponentesXT\ip2000d5\demos\Inspector\prjDataInspector.cfg | 11-08-1999 | 15:51:40 | | 386 | 5f5a970f
File Copy: C:\ProjetosCM5\CM\ComponentesXT\ip2000d5\demos\Inspector\DataInspectorU.pas | 10-20-1999 | 17:54:58 | | 13339 | de11134e
File Copy: C:\ProjetosCM5\CM\ComponentesXT\ip2000d5\demos\Inspector\DataInspectorU.dfm | 10-18-1999 | 15:38:06 | | 83267 | fc4a6c1c
Made Dir: C:\ProjetosCM5\CM\ComponentesXT\ip2000d5\demos\Gridmemo
File Copy: C:\ProjetosCM5\CM\ComponentesXT\ip2000d5\demos\Gridmemo\Gridmemo.res | 04-20-1995 | 17:11:54 | | 794 | 5fb9b28c
File Copy: C:\ProjetosCM5\CM\ComponentesXT\ip2000d5\demos\Gridmemo\Gridmemo.opt | 04-20-1995 | 17:11:54 | | 279 | 37e808b9
File Copy: C:\ProjetosCM5\CM\ComponentesXT\ip2000d5\demos\Gridmemo\Gridmemo.dpr | 04-20-1995 | 17:11:24 | | 183 | be6daed0
File Copy: C:\ProjetosCM5\CM\ComponentesXT\ip2000d5\demos\Gridmemo\Grdmemo.pas | 10-28-1999 | 10:49:54 | | 1582 | 7a144d92
File Copy: C:\ProjetosCM5\CM\ComponentesXT\ip2000d5\demos\Gridmemo\GRDMEMO.dfm | 10-28-1999 | 10:49:30 | | 3576 | d76e2768
Made Dir: C:\ProjetosCM5\CM\ComponentesXT\ip2000d5\demos\framing
File Copy: C:\ProjetosCM5\CM\ComponentesXT\ip2000d5\demos\framing\dbchecku.pas | 10-18-1999 | 12:18:54 | | 1643 | 1e708ca0
File Copy: C:\ProjetosCM5\CM\ComponentesXT\ip2000d5\demos\framing\dbchecku.dfm | 10-18-1999 | 12:18:36 | | 90595 | defc0f43
File Copy: C:\ProjetosCM5\CM\ComponentesXT\ip2000d5\demos\framing\dbchecks.res | 09-20-1999 | 12:45:38 | | 876 | 5d70f2a3
File Copy: C:\ProjetosCM5\CM\ComponentesXT\ip2000d5\demos\framing\dbchecks.dpr | 10-18-1999 | 15:59:10 | | 210 | 20fea2c
File Copy: C:\ProjetosCM5\CM\ComponentesXT\ip2000d5\demos\framing\dbchecks.dof | 10-18-1999 | 15:59:44 | | 1775 | a4ba20a1
File Copy: C:\ProjetosCM5\CM\ComponentesXT\ip2000d5\demos\framing\dbchecks.cfg | 10-18-1999 | 15:59:42 | | 566 | 2b953954
File Copy: C:\ProjetosCM5\CM\ComponentesXT\ip2000d5\demos\framing\background2.bmp | 10-18-1999 | 16:20:40 | | 91766 | 9f9b9d39
File Copy: C:\ProjetosCM5\CM\ComponentesXT\ip2000d5\demos\framing\background.bmp | 09-20-1999 | 12:03:30 | | 83030 | d90b288c
Made Dir: C:\ProjetosCM5\CM\ComponentesXT\ip2000d5\demos\Fltdlg
File Copy: C:\ProjetosCM5\CM\ComponentesXT\ip2000d5\demos\Fltdlg\Pfltdlg.res | 07-01-1996 | 12:40:16 | | 876 | 865802b9
File Copy: C:\ProjetosCM5\CM\ComponentesXT\ip2000d5\demos\Fltdlg\Pfltdlg.opt | 07-01-1996 | 12:40:16 | | 279 | 37e808b9
File Copy: C:\ProjetosCM5\CM\ComponentesXT\ip2000d5\demos\Fltdlg\Pfltdlg.dpr | 07-01-1996 | 12:39:52 | | 197 | 127e2e88
File Copy: C:\ProjetosCM5\CM\ComponentesXT\ip2000d5\demos\Fltdlg\filtdlg.PAS | 07-08-1998 | 15:01:40 | | 9591 | fad104c
File Copy: C:\ProjetosCM5\CM\ComponentesXT\ip2000d5\demos\Fltdlg\filtdlg.dfm | 08-17-2000 | 14:17:22 | | 17436 | 7f79b9ca
Made Dir: C:\ProjetosCM5\CM\ComponentesXT\ip2000d5\demos\Filters
File Copy: C:\ProjetosCM5\CM\ComponentesXT\ip2000d5\demos\Filters\Prjfltev.res | 07-01-1996 | 13:39:24 | | 794 | df93a486
File Copy: C:\ProjetosCM5\CM\ComponentesXT\ip2000d5\demos\Filters\Prjfltev.opt | 07-01-1996 | 13:39:24 | | 279 | 37e808b9
File Copy: C:\ProjetosCM5\CM\ComponentesXT\ip2000d5\demos\Filters\Prjfltev.dpr | 07-01-1996 | 13:38:38 | | 197 | e56efe31
File Copy: C:\ProjetosCM5\CM\ComponentesXT\ip2000d5\demos\Filters\Fltevent.pas | 05-05-1997 | 01:41:24 | | 2367 | 55a39b30
File Copy: C:\ProjetosCM5\CM\ComponentesXT\ip2000d5\demos\Filters\FLTEVENT.dfm | 08-31-1999 | 09:56:14 | | 5152 | 204f4f2
Made Dir: C:\ProjetosCM5\CM\ComponentesXT\ip2000d5\demos\DtPicker
File Copy: C:\ProjetosCM5\CM\ComponentesXT\ip2000d5\demos\DtPicker\monthcalu.pas | 07-25-1998 | 10:38:40 | | 10768 | 6084a05f
File Copy: C:\ProjetosCM5\CM\ComponentesXT\ip2000d5\demos\DtPicker\monthcalu.dfm | 07-29-1998 | 08:17:00 | | 6061 | b0258622
File Copy: C:\ProjetosCM5\CM\ComponentesXT\ip2000d5\demos\DtPicker\mnthyear.pas | 07-03-1998 | 17:02:30 | | 459 | 8c3a2f01
File Copy: C:\ProjetosCM5\CM\ComponentesXT\ip2000d5\demos\DtPicker\mnthyear.dfm | 07-29-1998 | 08:35:44 | | 836 | bdbbdb8e
File Copy: C:\ProjetosCM5\CM\ComponentesXT\ip2000d5\demos\DtPicker\dtpick.pas | 08-31-1999 | 09:58:54 | | 8209 | fcba3da8
File Copy: C:\ProjetosCM5\CM\ComponentesXT\ip2000d5\demos\DtPicker\dtpick.dfm | 10-19-1999 | 15:08:14 | | 12000 | eaf1e2a3
Made Dir: C:\ProjetosCM5\CM\ComponentesXT\ip2000d5\demos\Combos
File Copy: C:\ProjetosCM5\CM\ComponentesXT\ip2000d5\demos\Combos\Prjcombo.res | 02-26-1996 | 11:29:42 | | 104 | 805ccffd
File Copy: C:\ProjetosCM5\CM\ComponentesXT\ip2000d5\demos\Combos\Prjcombo.opt | 02-26-1996 | 11:29:42 | | 279 | 37e808b9
File Copy: C:\ProjetosCM5\CM\ComponentesXT\ip2000d5\demos\Combos\Prjcombo.dpr | 04-20-1995 | 19:47:46 | | 178 | 59882518
File Copy: C:\ProjetosCM5\CM\ComponentesXT\ip2000d5\demos\Combos\Prjcombo.dof | 10-28-1995 | 18:57:56 | | 403 | 22f10e60
File Copy: C:\ProjetosCM5\CM\ComponentesXT\ip2000d5\demos\Combos\Plkquery.res | 07-11-1996 | 22:46:38 | | 794 | df93a486
File Copy: C:\ProjetosCM5\CM\ComponentesXT\ip2000d5\demos\Combos\Plkquery.opt | 07-11-1996 | 22:46:38 | | 279 | 37e808b9
File Copy: C:\ProjetosCM5\CM\ComponentesXT\ip2000d5\demos\Combos\Plkquery.dpr | 07-11-1996 | 22:46:28 | | 192 | 3942a084
File Copy: C:\ProjetosCM5\CM\ComponentesXT\ip2000d5\demos\Combos\Plkdtl.res | 07-01-1996 | 02:09:18 | | 794 | c5a8372c
File Copy: C:\ProjetosCM5\CM\ComponentesXT\ip2000d5\demos\Combos\Plkdtl.opt | 07-01-1996 | 02:09:18 | | 279 | 37e808b9
File Copy: C:\ProjetosCM5\CM\ComponentesXT\ip2000d5\demos\Combos\Plkdtl.dpr | 06-30-1996 | 23:10:16 | | 189 | c0260288
File Copy: C:\ProjetosCM5\CM\ComponentesXT\ip2000d5\demos\Combos\lkquery.pas | 05-27-1997 | 15:29:08 | | 1985 | 22c3172c
File Copy: C:\ProjetosCM5\CM\ComponentesXT\ip2000d5\demos\Combos\lkquery.dfm | 08-31-1999 | 09:58:40 | | 7327 | d67aaf12
File Copy: C:\ProjetosCM5\CM\ComponentesXT\ip2000d5\demos\Combos\lkdtl.pas | 07-08-1998 | 16:42:24 | | 1376 | 7aa2c015
File Copy: C:\ProjetosCM5\CM\ComponentesXT\ip2000d5\demos\Combos\lkdtl.dfm | 08-31-1999 | 09:57:52 | | 2903 | 6b1f6958
File Copy: C:\ProjetosCM5\CM\ComponentesXT\ip2000d5\demos\Combos\Combos.pas | 05-19-1997 | 11:37:16 | | 5575 | 26966be5
File Copy: C:\ProjetosCM5\CM\ComponentesXT\ip2000d5\demos\Combos\COMBOS.dfm | 08-31-1999 | 09:54:34 | | 5250 | f84483e7
Made Dir: C:\ProjetosCM5\CM\ComponentesXT\ip2000d5\demos\db
File Copy: C:\ProjetosCM5\CM\ComponentesXT\ip2000d5\demos\db\checks.px | 08-24-1999 | 16:55:28 | | 4096 | 56098b05
File Copy: C:\ProjetosCM5\CM\ComponentesXT\ip2000d5\demos\db\checks.mb | 08-27-1999 | 17:21:12 | | 8192 | 939b65cc
File Copy: C:\ProjetosCM5\CM\ComponentesXT\ip2000d5\demos\db\checks.db | 08-27-1999 | 17:21:12 | | 6144 | 6f61e8be
File Copy: C:\ProjetosCM5\CM\ComponentesXT\ip2000d5\demos\db\datetime.DB | 07-09-1998 | 10:41:14 | | 4096 | 9f63a6f0
File Copy: C:\ProjetosCM5\CM\ComponentesXT\ip2000d5\demos\db\datetime.PX | 07-09-1998 | 10:41:14 | | 4096 | 2b96b77c
File Copy: C:\ProjetosCM5\CM\ComponentesXT\ip2000d5\demos\db\datetime.XG0 | 07-09-1998 | 10:41:14 | | 4096 | a06fef6d
File Copy: C:\ProjetosCM5\CM\ComponentesXT\ip2000d5\demos\db\datetime.XG1 | 07-09-1998 | 10:41:14 | | 4096 | 9322ddfc
File Copy: C:\ProjetosCM5\CM\ComponentesXT\ip2000d5\demos\db\datetime.YG0 | 07-09-1998 | 10:41:14 | | 4096 | 728c22be
File Copy: C:\ProjetosCM5\CM\ComponentesXT\ip2000d5\demos\db\datetime.YG1 | 07-09-1998 | 10:41:14 | | 4096 | b3d25d2b
File Copy: C:\ProjetosCM5\CM\ComponentesXT\ip2000d5\demos\db\Employee.DB | 08-17-2000 | 14:07:42 | | 6144 | 5be6b871
File Copy: C:\ProjetosCM5\CM\ComponentesXT\ip2000d5\demos\db\Employee.MB | 08-26-1999 | 15:40:04 | | 8192 | b7e466fd
File Copy: C:\ProjetosCM5\CM\ComponentesXT\ip2000d5\demos\db\Industry.db | 04-07-1995 | 00:11:12 | | 4096 | d75f294f
File Copy: C:\ProjetosCM5\CM\ComponentesXT\ip2000d5\demos\db\Industry.px | 04-07-1995 | 00:11:12 | | 4096 | 6cb76f76
File Copy: C:\ProjetosCM5\CM\ComponentesXT\ip2000d5\demos\db\Industry.qbe | 04-23-1995 | 23:28:58 | | 576 | cb6dbb3a
File Copy: C:\ProjetosCM5\CM\ComponentesXT\ip2000d5\demos\db\Ip4cust.DB | 10-19-1999 | 13:02:52 | | 51200 | a9e7b315
File Copy: C:\ProjetosCM5\CM\ComponentesXT\ip2000d5\demos\db\Ip4cust.MB | 10-19-1999 | 13:02:52 | | 8192 | bfa0cf1a
File Copy: C:\ProjetosCM5\CM\ComponentesXT\ip2000d5\demos\db\Ip4cust.PX | 07-09-1998 | 10:19:54 | | 4096 | 83a7f789
File Copy: C:\ProjetosCM5\CM\ComponentesXT\ip2000d5\demos\db\Ip4cust.XG0 | 07-09-1998 | 10:19:54 | | 6144 | 22f6dbd6
File Copy: C:\ProjetosCM5\CM\ComponentesXT\ip2000d5\demos\db\Ip4cust.XG1 | 07-09-1998 | 10:19:54 | | 10240 | c7adb85d
File Copy: C:\ProjetosCM5\CM\ComponentesXT\ip2000d5\demos\db\Ip4cust.XG2 | 07-09-1998 | 10:19:54 | | 10240 | 2123e9c5
File Copy: C:\ProjetosCM5\CM\ComponentesXT\ip2000d5\demos\db\Ip4cust.XG3 | 07-09-1998 | 10:19:54 | | 10240 | a19a5944
File Copy: C:\ProjetosCM5\CM\ComponentesXT\ip2000d5\demos\db\Ip4cust.XG4 | 07-09-1998 | 10:19:54 | | 6144 | 2e80ae11
File Copy: C:\ProjetosCM5\CM\ComponentesXT\ip2000d5\demos\db\Ip4cust.XG5 | 07-09-1998 | 10:19:54 | | 6144 | 6a0455ff
File Copy: C:\ProjetosCM5\CM\ComponentesXT\ip2000d5\demos\db\Ip4cust.YG0 | 07-08-1998 | 15:08:42 | | 4096 | 9b2723b2
File Copy: C:\ProjetosCM5\CM\ComponentesXT\ip2000d5\demos\db\Ip4cust.YG1 | 07-05-1998 | 15:32:58 | | 4096 | 85fc2fc8
File Copy: C:\ProjetosCM5\CM\ComponentesXT\ip2000d5\demos\db\Ip4cust.YG2 | 07-05-1998 | 15:32:58 | | 4096 | eb68d015
File Copy: C:\ProjetosCM5\CM\ComponentesXT\ip2000d5\demos\db\Ip4cust.YG3 | 07-05-1998 | 15:32:58 | | 4096 | ab14399
File Copy: C:\ProjetosCM5\CM\ComponentesXT\ip2000d5\demos\db\Ip4cust.YG4 | 07-09-1998 | 10:19:54 | | 4096 | eb876418
File Copy: C:\ProjetosCM5\CM\ComponentesXT\ip2000d5\demos\db\Ip4cust.YG5 | 07-05-1998 | 15:33:00 | | 4096 | 835b70b8
File Copy: C:\ProjetosCM5\CM\ComponentesXT\ip2000d5\demos\db\Ip4inv.DB | 07-09-1998 | 10:25:06 | | 12288 | 6d83f9a0
File Copy: C:\ProjetosCM5\CM\ComponentesXT\ip2000d5\demos\db\Ip4inv.PX | 07-02-1998 | 15:30:22 | | 4096 | 8d750978
File Copy: C:\ProjetosCM5\CM\ComponentesXT\ip2000d5\demos\db\Ip4zip.db | 06-14-1996 | 15:40:48 | | 174080 | 49127917
File Copy: C:\ProjetosCM5\CM\ComponentesXT\ip2000d5\demos\db\Ip4zip.px | 06-14-1996 | 15:40:48 | | 4096 | 393dde5c
File Copy: C:\ProjetosCM5\CM\ComponentesXT\ip2000d5\demos\db\Ip4zip.xg0 | 06-14-1996 | 15:40:48 | | 174080 | 34bd43b7
File Copy: C:\ProjetosCM5\CM\ComponentesXT\ip2000d5\demos\db\Ip4zip.yg0 | 06-14-1996 | 15:40:48 | | 8192 | 9d320e0e
File Copy: C:\ProjetosCM5\CM\ComponentesXT\ip2000d5\demos\db\Master.db | 04-27-1995 | 23:40:26 | | 16384 | b48b720c
File Copy: C:\ProjetosCM5\CM\ComponentesXT\ip2000d5\demos\db\Master.px | 04-27-1995 | 23:40:26 | | 4096 | 988de6f1
File Copy: C:\ProjetosCM5\CM\ComponentesXT\ip2000d5\demos\db\Master.xg0 | 04-27-1995 | 23:40:26 | | 4096 | 6d416bc
File Copy: C:\ProjetosCM5\CM\ComponentesXT\ip2000d5\demos\db\Master.xg1 | 04-27-1995 | 23:40:26 | | 6144 | 6b1b8d28
File Copy: C:\ProjetosCM5\CM\ComponentesXT\ip2000d5\demos\db\Master.xg2 | 04-27-1995 | 23:40:26 | | 4096 | abdd6c6f
File Copy: C:\ProjetosCM5\CM\ComponentesXT\ip2000d5\demos\db\Master.yg0 | 04-07-1995 | 00:10:36 | | 4096 | d4cd01fa
File Copy: C:\ProjetosCM5\CM\ComponentesXT\ip2000d5\demos\db\Master.yg1 | 04-07-1995 | 00:10:36 | | 4096 | d19f0fe6
File Copy: C:\ProjetosCM5\CM\ComponentesXT\ip2000d5\demos\db\Master.yg2 | 04-07-1995 | 00:10:36 | | 4096 | e6d006a4
File Copy: C:\ProjetosCM5\CM\ComponentesXT\ip2000d5\demos\db\Picture.db | 07-12-1996 | 00:01:54 | | 16384 | edec06c5
File Copy: C:\ProjetosCM5\CM\ComponentesXT\ip2000d5\demos\db\Picture.px | 07-12-1996 | 00:01:54 | | 4096 | a693b9e6
File Copy: C:\ProjetosCM5\CM\ComponentesXT\ip2000d5\demos\db\Picture.xg0 | 07-12-1996 | 00:01:54 | | 12288 | 9749f46d
File Copy: C:\ProjetosCM5\CM\ComponentesXT\ip2000d5\demos\db\Picture.xg1 | 07-12-1996 | 00:01:54 | | 12288 | 2c417054
File Copy: C:\ProjetosCM5\CM\ComponentesXT\ip2000d5\demos\db\Picture.yg0 | 07-12-1996 | 00:01:54 | | 8192 | 3d62bd78
File Copy: C:\ProjetosCM5\CM\ComponentesXT\ip2000d5\demos\db\Picture.yg1 | 07-12-1996 | 00:01:54 | | 8192 | 1b1b305a
Made Dir: C:\ProjetosCM5\CM\ComponentesXT\ip2000d5\lib
File Copy: C:\ProjetosCM5\CM\ComponentesXT\ip2000d5\lib\wwriched.dcu | 08-18-2000 | 08:32:22 | | 99137 | 910e6b18
Made Dir: C:\ProjetosCM5\CM\ComponentesXT\ip2000d5\source
File Copy: C:\ProjetosCM5\CM\ComponentesXT\ip2000d5\source\wwrichedspell2000.pas | 04-18-2000 | 22:47:26 | | 4228 | 14550665
File Copy: C:\ProjetosCM5\CM\ComponentesXT\ip2000d5\lib\wwrichedspell2000.dcu | 08-18-2000 | 08:35:46 | | 9010 | c2403700
File Copy: C:\ProjetosCM5\CM\ComponentesXT\ip2000d5\lib\wwrichedspell.pas | 02-22-2000 | 13:27:02 | | 4061 | c573804b
Made Dir: C:\ProjetosCM5\CM\ComponentesXT\ip2000d5\package
File Copy: C:\ProjetosCM5\CM\ComponentesXT\ip2000d5\package\ip50word2000_d5.res | 08-17-2000 | 08:56:12 | | 1684 | ed7c14fb
File Copy: C:\ProjetosCM5\CM\ComponentesXT\ip2000d5\package\ip50word2000_d5.dpk | 08-17-2000 | 08:56:14 | | 658 | a8e91373
File Copy: C:\ProjetosCM5\CM\ComponentesXT\ip2000d5\package\ip50word2000_d5.dof | 08-17-2000 | 08:56:22 | | 2259 | 99756ec1
File Copy: C:\ProjetosCM5\CM\ComponentesXT\ip2000d5\package\ip50word2000_d5.dcp | 08-18-2000 | 08:35:46 | | 11032 | 9901f0ff
File Copy: C:\ProjetosCM5\CM\ComponentesXT\ip2000d5\package\ip50word2000_d5.cfg | 08-17-2000 | 08:50:52 | | 362 | 91db8963
File Copy: C:\ProjetosCM5\CM\ComponentesXT\ip2000d5\package\ip50word2000_d5.bpl | 08-18-2000 | 08:35:46 | 2000.17.0.5 | 33792 | d68d7dd2
File Copy: C:\ProjetosCM5\CM\ComponentesXT\ip2000d5\lib\Wwrichsp.res | 11-08-1999 | 16:43:12 | | 492 | 8b68ca74
File Copy: C:\ProjetosCM5\CM\ComponentesXT\ip2000d5\source\Wwrichsp.res | 11-08-1999 | 16:43:12 | | 492 | 8b68ca74
File Copy: C:\ProjetosCM5\CM\ComponentesXT\ip2000d5\package\ip50word_d5.res | 08-17-2000 | 08:56:00 | | 1684 | ed7c14fb
File Copy: C:\ProjetosCM5\CM\ComponentesXT\ip2000d5\package\ip50word_d5.dpk | 08-17-2000 | 08:56:02 | | 613 | 7ef5375
File Copy: C:\ProjetosCM5\CM\ComponentesXT\ip2000d5\package\ip50word_d5.dof | 08-17-2000 | 08:56:22 | | 2462 | 6d8c2157
File Copy: C:\ProjetosCM5\CM\ComponentesXT\ip2000d5\package\ip50word_d5.dcp | 08-18-2000 | 08:32:28 | | 10853 | 7e6390ae
File Copy: C:\ProjetosCM5\CM\ComponentesXT\ip2000d5\package\ip50word_d5.cfg | 08-17-2000 | 08:50:54 | | 406 | e2a56451
File Copy: C:\ProjetosCM5\CM\ComponentesXT\ip2000d5\package\ip50word_d5.bpl | 08-18-2000 | 08:38:04 | 2000.17.0.5 | 33792 | c7f56455
File Copy: C:\ProjetosCM5\CM\ComponentesXT\ip2000d5\source\wwrichedspell.pas | 02-22-2000 | 13:27:02 | | 4061 | c573804b
File Copy: C:\ProjetosCM5\CM\ComponentesXT\ip2000d5\readme.htm | 08-17-2000 | 09:15:22 | | 11254 | 8fbf242a
File Copy: C:\ProjetosCM5\CM\ComponentesXT\ip2000d5\help\ip50d5.hlp | 11-11-1999 | 00:53:46 | | 961813 | 9e292e88
File Copy: C:\ProjetosCM5\CM\ComponentesXT\ip2000d5\lib\Info32.res | 11-08-1999 | 16:46:18 | | 12636 | 3acf284b
File Copy: C:\ProjetosCM5\CM\ComponentesXT\ip2000d5\lib\infopowr.dcu | 08-18-2000 | 08:32:30 | | 8569 | 87683be3
File Copy: C:\ProjetosCM5\CM\ComponentesXT\ip2000d5\lib\ip50client_d5.dcu | 08-18-2000 | 08:32:26 | | 5346 | 8e1a9146
File Copy: C:\ProjetosCM5\CM\ComponentesXT\ip2000d5\lib\ip50d_d5.dcu | 08-18-2000 | 08:32:30 | | 7067 | 374ec854
File Copy: C:\ProjetosCM5\CM\ComponentesXT\ip2000d5\lib\ip50_d5.dcu | 08-18-2000 | 08:32:24 | | 5714 | ff565daa
File Copy: C:\ProjetosCM5\CM\ComponentesXT\ip2000d5\lib\ipabout.dcu | 08-18-2000 | 08:32:28 | | 3564 | 602c96ae
File Copy: C:\ProjetosCM5\CM\ComponentesXT\ip2000d5\lib\ipabout.dfm | 03-10-2000 | 11:26:46 | | 1216 | eeb2edd2
File Copy: C:\ProjetosCM5\CM\ComponentesXT\ip2000d5\lib\ipdsgn.dcu | 08-18-2000 | 08:32:28 | | 1873 | 3272a2d
File Copy: C:\ProjetosCM5\CM\ComponentesXT\ip2000d5\lib\wwaddlk.dcu | 08-18-2000 | 08:32:28 | | 13902 | 6e81a2b2
File Copy: C:\ProjetosCM5\CM\ComponentesXT\ip2000d5\lib\wwaddlk.dfm | 07-23-1996 | 16:43:50 | | 3060 | b04f9e4b
File Copy: C:\ProjetosCM5\CM\ComponentesXT\ip2000d5\lib\wwclearpanel.dcu | 08-18-2000 | 08:32:24 | | 7017 | 487e2b6b
File Copy: C:\ProjetosCM5\CM\ComponentesXT\ip2000d5\lib\wwclient.dcu | 08-18-2000 | 08:32:26 | | 10749 | 7da75de4
File Copy: C:\ProjetosCM5\CM\ComponentesXT\ip2000d5\lib\wwcollection.dcu | 08-18-2000 | 08:32:24 | | 3584 | 1c52e25b
File Copy: C:\ProjetosCM5\CM\ComponentesXT\ip2000d5\lib\wwcollectioneditor.dcu | 08-18-2000 | 08:32:30 | | 11718 | 6395a339
File Copy: C:\ProjetosCM5\CM\ComponentesXT\ip2000d5\lib\wwcollectioneditor.dfm | 10-05-1998 | 10:56:40 | | 21654 | 10b21b65
File Copy: C:\ProjetosCM5\CM\ComponentesXT\ip2000d5\lib\wwcommon.dcu | 08-18-2000 | 08:32:22 | | 62956 | 609f45de
File Copy: C:\ProjetosCM5\CM\ComponentesXT\ip2000d5\lib\wwdatainspector.dcu | 08-18-2000 | 08:32:24 | | 101318 | e32f9867
File Copy: C:\ProjetosCM5\CM\ComponentesXT\ip2000d5\lib\wwdatsrc.dcu | 08-18-2000 | 08:32:22 | | 1466 | d85458d
File Copy: C:\ProjetosCM5\CM\ComponentesXT\ip2000d5\lib\wwdbcomb.dcu | 08-18-2000 | 08:32:22 | | 32703 | 52cb2b7b
File Copy: C:\ProjetosCM5\CM\ComponentesXT\ip2000d5\lib\Wwdbd32.res | 07-31-1999 | 17:10:48 | | 272 | db270c1e
File Copy: C:\ProjetosCM5\CM\ComponentesXT\ip2000d5\lib\wwdbdatetimepicker.dcu | 08-18-2000 | 08:32:22 | | 99504 | 1eb1a3fa
File Copy: C:\ProjetosCM5\CM\ComponentesXT\ip2000d5\lib\wwdbdlg.dcu | 08-18-2000 | 08:32:24 | | 18534 | 7718eb3
File Copy: C:\ProjetosCM5\CM\ComponentesXT\ip2000d5\lib\wwdbedit.dcu | 08-18-2000 | 08:32:22 | | 52511 | 7bacd4fb
File Copy: C:\ProjetosCM5\CM\ComponentesXT\ip2000d5\lib\wwdbgrid.bak | 08-03-1999 | 15:22:50 | | 79380 | c24a58bf
File Copy: C:\ProjetosCM5\CM\ComponentesXT\ip2000d5\lib\wwdbgrid.dcu | 08-18-2000 | 08:32:22 | | 60706 | d76c9f85
File Copy: C:\ProjetosCM5\CM\ComponentesXT\ip2000d5\lib\Wwdbi32.res | 06-12-1997 | 18:35:08 | | 1260 | 7142ae34
File Copy: C:\ProjetosCM5\CM\ComponentesXT\ip2000d5\lib\wwdbigrd.dcu | 08-18-2000 | 08:32:22 | | 101652 | f8e2278d
File Copy: C:\ProjetosCM5\CM\ComponentesXT\ip2000d5\lib\WWDBLOOK.dcu | 08-18-2000 | 08:32:22 | | 105133 | f4b97ad0
File Copy: C:\ProjetosCM5\CM\ComponentesXT\ip2000d5\lib\wwdbnav.res | 07-08-1998 | 11:48:42 | | 14372 | 18ce1dee
File Copy: C:\ProjetosCM5\CM\ComponentesXT\ip2000d5\lib\wwDBNavEdit.res | 07-08-1998 | 10:19:16 | | 408 | 24636ef1
File Copy: C:\ProjetosCM5\CM\ComponentesXT\ip2000d5\lib\wwDBNavEdt.dcu | 08-18-2000 | 08:32:30 | | 7447 | de2c896f
File Copy: C:\ProjetosCM5\CM\ComponentesXT\ip2000d5\lib\wwdbnavigator.dcu | 08-18-2000 | 08:32:24 | | 44383 | c0973fc9
File Copy: C:\ProjetosCM5\CM\ComponentesXT\ip2000d5\lib\wwdbspin.dcu | 08-18-2000 | 08:32:24 | | 21807 | 744b3362
File Copy: C:\ProjetosCM5\CM\ComponentesXT\ip2000d5\lib\wwdialog.dcu | 08-18-2000 | 08:32:22 | | 1469 | 6223505d
File Copy: C:\ProjetosCM5\CM\ComponentesXT\ip2000d5\lib\wwdotdot.dcu | 08-18-2000 | 08:32:22 | | 25817 | cc8ff1e
File Copy: C:\ProjetosCM5\CM\ComponentesXT\ip2000d5\lib\wwedtpic.dcu | 08-18-2000 | 08:32:28 | | 5613 | f2c2855d
File Copy: C:\ProjetosCM5\CM\ComponentesXT\ip2000d5\lib\wwedtpic.dfm | 08-31-1999 | 11:33:04 | | 1132 | 334cd656
File Copy: C:\ProjetosCM5\CM\ComponentesXT\ip2000d5\lib\wwfilter.dcu | 08-18-2000 | 08:32:22 | | 17959 | 6de4e0cb
File Copy: C:\ProjetosCM5\CM\ComponentesXT\ip2000d5\lib\wwfltdlg.dcu | 08-18-2000 | 08:32:24 | | 74238 | 459df76d
File Copy: C:\ProjetosCM5\CM\ComponentesXT\ip2000d5\lib\wwfltdlg.dfm | 02-09-2000 | 23:55:18 | | 5277 | 9829fe2f
File Copy: C:\ProjetosCM5\CM\ComponentesXT\ip2000d5\lib\wwfltdum.dcu | 08-18-2000 | 08:32:24 | | 13371 | 251b67de
File Copy: C:\ProjetosCM5\CM\ComponentesXT\ip2000d5\lib\wwfltfld.dcu | 08-18-2000 | 08:32:28 | | 12117 | 9e311384
File Copy: C:\ProjetosCM5\CM\ComponentesXT\ip2000d5\lib\wwfltfld.dfm | 01-12-1998 | 17:04:00 | | 1918 | ee8f57f
File Copy: C:\ProjetosCM5\CM\ComponentesXT\ip2000d5\lib\wwfltvw.dcu | 08-18-2000 | 08:32:24 | | 7393 | 8dc2a64c
File Copy: C:\ProjetosCM5\CM\ComponentesXT\ip2000d5\lib\wwfltvw.dfm | 01-26-1999 | 13:38:56 | | 930 | 4df3f24f
File Copy: C:\ProjetosCM5\CM\ComponentesXT\ip2000d5\lib\wwframe.dcu | 08-18-2000 | 08:32:22 | | 9812 | 70421d0c
File Copy: C:\ProjetosCM5\CM\ComponentesXT\ip2000d5\lib\Wwgttbl.dcu | 08-18-2000 | 08:32:28 | | 6079 | c4ee4d84
File Copy: C:\ProjetosCM5\CM\ComponentesXT\ip2000d5\lib\Wwgttbl.dfm | 07-23-1996 | 16:44:32 | | 1138 | e212bfff
File Copy: C:\ProjetosCM5\CM\ComponentesXT\ip2000d5\lib\wwIDlg.dcu | 08-18-2000 | 08:32:24 | | 36259 | ce15bca9
File Copy: C:\ProjetosCM5\CM\ComponentesXT\ip2000d5\lib\wwIDlg.dfm | 09-08-1998 | 14:04:02 | | 2115 | 6327e6cf
File Copy: C:\ProjetosCM5\CM\ComponentesXT\ip2000d5\lib\wwinspectorprop.dcu | 08-18-2000 | 08:32:30 | | 18356 | af493e7a
File Copy: C:\ProjetosCM5\CM\ComponentesXT\ip2000d5\lib\wwinspectorprop.dfm | 09-27-1999 | 11:17:32 | | 1114 | f7eeb87c
File Copy: C:\ProjetosCM5\CM\ComponentesXT\ip2000d5\lib\wwInspectorPrpEdt.dcu | 08-18-2000 | 08:32:30 | | 6773 | 2ab709eb
File Copy: C:\ProjetosCM5\CM\ComponentesXT\ip2000d5\lib\wwintl.dcu | 08-18-2000 | 08:32:22 | | 54202 | 749edd74
File Copy: C:\ProjetosCM5\CM\ComponentesXT\ip2000d5\lib\wwkeycb.dcu | 08-18-2000 | 08:32:24 | | 39601 | d8ece589
File Copy: C:\ProjetosCM5\CM\ComponentesXT\ip2000d5\lib\wwlocate.dcu | 08-18-2000 | 08:32:22 | | 22032 | 60899f59
File Copy: C:\ProjetosCM5\CM\ComponentesXT\ip2000d5\lib\wwlocate.dfm | 07-25-1998 | 17:12:58 | | 2286 | 4ba0586
File Copy: C:\ProjetosCM5\CM\ComponentesXT\ip2000d5\lib\wwmemo.dcu | 08-18-2000 | 08:32:22 | | 9329 | 187b15f1
File Copy: C:\ProjetosCM5\CM\ComponentesXT\ip2000d5\lib\wwmemo.dfm | 07-06-1999 | 00:35:10 | | 976 | fb6de50a
File Copy: C:\ProjetosCM5\CM\ComponentesXT\ip2000d5\lib\wwmidas.dcu | 08-18-2000 | 08:32:26 | | 495 | 8b46d139
File Copy: C:\ProjetosCM5\CM\ComponentesXT\ip2000d5\lib\wwmonthcalendar.dcu | 08-18-2000 | 08:32:22 | | 47421 | f7a98f43
File Copy: C:\ProjetosCM5\CM\ComponentesXT\ip2000d5\lib\Wwpicdb.dcu | 08-18-2000 | 08:32:28 | | 3951 | abc3cbfd
File Copy: C:\ProjetosCM5\CM\ComponentesXT\ip2000d5\lib\Wwpicdb.dfm | 08-30-1999 | 01:35:14 | | 1267 | 492bcc2c
File Copy: C:\ProjetosCM5\CM\ComponentesXT\ip2000d5\lib\wwpiced2.dcu | 08-18-2000 | 08:32:30 | | 9953 | c2cbf02e
File Copy: C:\ProjetosCM5\CM\ComponentesXT\ip2000d5\lib\wwpiced2.dfm | 08-30-1999 | 03:18:34 | | 1821 | b0a61bb4
File Copy: C:\ProjetosCM5\CM\ComponentesXT\ip2000d5\lib\wwpict.dcu | 08-18-2000 | 08:32:22 | | 6306 | 58e35d77
File Copy: C:\ProjetosCM5\CM\ComponentesXT\ip2000d5\lib\wwprovider.dcu | 08-18-2000 | 08:32:26 | | 5771 | 82b88a59
File Copy: C:\ProjetosCM5\CM\ComponentesXT\ip2000d5\lib\wwprpcom.dcu | 08-18-2000 | 08:32:30 | | 10040 | 9a850005
File Copy: C:\ProjetosCM5\CM\ComponentesXT\ip2000d5\lib\wwprpcom.dfm | 07-12-1999 | 23:46:00 | | 1647 | b8722c8f
File Copy: C:\ProjetosCM5\CM\ComponentesXT\ip2000d5\lib\wwprpds.dcu | 08-18-2000 | 08:32:30 | | 1988 | f5ac272f
File Copy: C:\ProjetosCM5\CM\ComponentesXT\ip2000d5\lib\wwprpedt.dcu | 08-18-2000 | 08:32:30 | | 28557 | 8c12bb4
File Copy: C:\ProjetosCM5\CM\ComponentesXT\ip2000d5\lib\wwprpfld.dcu | 08-18-2000 | 08:32:28 | | 5641 | 1cd7cde8
File Copy: C:\ProjetosCM5\CM\ComponentesXT\ip2000d5\lib\wwprpfld.dfm | 07-23-1996 | 16:45:42 | | 981 | ab666e94
File Copy: C:\ProjetosCM5\CM\ComponentesXT\ip2000d5\lib\wwprppic.dcu | 08-18-2000 | 08:32:28 | | 10873 | 497176f6
File Copy: C:\ProjetosCM5\CM\ComponentesXT\ip2000d5\lib\wwprppic.dfm | 09-21-1999 | 17:55:24 | | 2118 | 3f6347de
File Copy: C:\ProjetosCM5\CM\ComponentesXT\ip2000d5\lib\wwQBE.dcu | 08-18-2000 | 08:32:22 | | 18327 | ce9f7105
File Copy: C:\ProjetosCM5\CM\ComponentesXT\ip2000d5\lib\wwQuery.dcu | 08-18-2000 | 08:32:22 | | 15099 | eb83e427
File Copy: C:\ProjetosCM5\CM\ComponentesXT\ip2000d5\lib\wwrcdpnl.dcu | 08-18-2000 | 08:32:24 | | 35041 | ca4bd82d
File Copy: C:\ProjetosCM5\CM\ComponentesXT\ip2000d5\lib\wwrcdvw.dcu | 08-18-2000 | 08:32:24 | | 54199 | e0713a8b
File Copy: C:\ProjetosCM5\CM\ComponentesXT\ip2000d5\lib\wwrcdvw.dfm | 10-15-1999 | 10:22:04 | | 350 | 84d0a67
File Copy: C:\ProjetosCM5\CM\ComponentesXT\ip2000d5\lib\wwrchdlg.dcu | 08-18-2000 | 08:32:22 | | 10531 | 33c69a72
File Copy: C:\ProjetosCM5\CM\ComponentesXT\ip2000d5\lib\wwrchdlg.dfm | 06-23-1998 | 16:18:40 | | 2842 | 348a7071
File Copy: C:\ProjetosCM5\CM\ComponentesXT\ip2000d5\lib\wwrich.dcu | 08-18-2000 | 08:32:22 | | 37552 | 1d791b7
File Copy: C:\ProjetosCM5\CM\ComponentesXT\ip2000d5\lib\wwrich.dfm | 06-08-2000 | 07:49:52 | | 30924 | 59d58fd5
File Copy: C:\ProjetosCM5\CM\ComponentesXT\ip2000d5\lib\wwrichole.dcu | 08-18-2000 | 08:32:22 | | 3816 | c13b900f
File Copy: C:\ProjetosCM5\CM\ComponentesXT\ip2000d5\lib\wwricholecallback.dcu | 08-18-2000 | 08:32:22 | | 6402 | 41a3119d
File Copy: C:\ProjetosCM5\CM\ComponentesXT\ip2000d5\lib\wwrichtb.dcu | 08-18-2000 | 08:32:22 | | 7476 | e2daebae
File Copy: C:\ProjetosCM5\CM\ComponentesXT\ip2000d5\lib\wwrichtb.dfm | 08-27-1998 | 10:10:48 | | 1159 | 636ea086
File Copy: C:\ProjetosCM5\CM\ComponentesXT\ip2000d5\lib\Wwruler.res | 06-03-1998 | 11:16:04 | | 516 | ae38022f
File Copy: C:\ProjetosCM5\CM\ComponentesXT\ip2000d5\lib\wwselfld.dcu | 08-18-2000 | 08:32:28 | | 32492 | 79a1b3f9
File Copy: C:\ProjetosCM5\CM\ComponentesXT\ip2000d5\lib\wwselfld.dfm | 10-04-1999 | 11:17:40 | | 7525 | d4192d1c
File Copy: C:\ProjetosCM5\CM\ComponentesXT\ip2000d5\lib\wwspeedbutton.dcu | 08-18-2000 | 08:32:24 | | 11012 | 2e7d8212
File Copy: C:\ProjetosCM5\CM\ComponentesXT\ip2000d5\lib\wwspin.dcu | 08-18-2000 | 08:32:24 | | 10587 | 84492aa2
File Copy: C:\ProjetosCM5\CM\ComponentesXT\ip2000d5\lib\Wwspin32.res | 05-26-1997 | 22:59:48 | | 420 | 63292224
File Copy: C:\ProjetosCM5\CM\ComponentesXT\ip2000d5\lib\Wwstacks.dcu | 08-18-2000 | 08:32:22 | | 2393 | e42edd4
File Copy: C:\ProjetosCM5\CM\ComponentesXT\ip2000d5\lib\wwstorep.dcu | 08-18-2000 | 08:32:22 | | 13988 | 74dc2780
File Copy: C:\ProjetosCM5\CM\ComponentesXT\ip2000d5\lib\wwstr.dcu | 08-18-2000 | 08:32:22 | | 5681 | 827ce8c9
File Copy: C:\ProjetosCM5\CM\ComponentesXT\ip2000d5\lib\wwSystem.dcu | 08-18-2000 | 08:32:22 | | 6967 | 11f8a11f
File Copy: C:\ProjetosCM5\CM\ComponentesXT\ip2000d5\lib\Wwtable.dcu | 08-18-2000 | 08:32:22 | | 33184 | 1767ef57
File Copy: C:\ProjetosCM5\CM\ComponentesXT\ip2000d5\lib\wwtrackicon.dcu | 08-18-2000 | 08:32:22 | | 5397 | e93dc943
File Copy: C:\ProjetosCM5\CM\ComponentesXT\ip2000d5\lib\wwtypes.dcu | 08-18-2000 | 08:32:22 | | 5976 | 9d014e5c
File Copy: C:\ProjetosCM5\CM\ComponentesXT\ip2000d5\package\ip50client_d5.bpl | 08-18-2000 | 08:38:02 | 2000.17.0.7 | 44032 | 4c5944d0
File Copy: C:\ProjetosCM5\CM\ComponentesXT\ip2000d5\package\ip50client_d5.cfg | 08-17-2000 | 08:50:54 | | 406 | f58a221a
File Copy: C:\ProjetosCM5\CM\ComponentesXT\ip2000d5\package\ip50client_d5.dcp | 08-18-2000 | 08:32:26 | | 18125 | 89edcd20
File Copy: C:\ProjetosCM5\CM\ComponentesXT\ip2000d5\package\ip50client_d5.dof | 08-17-2000 | 08:56:24 | | 2234 | 22e5e722
File Copy: C:\ProjetosCM5\CM\ComponentesXT\ip2000d5\package\ip50client_d5.dpk | 08-17-2000 | 08:55:30 | | 624 | 800ee06a
File Copy: C:\ProjetosCM5\CM\ComponentesXT\ip2000d5\package\ip50client_d5.res | 08-17-2000 | 08:55:28 | | 1684 | 417ffc63
File Copy: C:\ProjetosCM5\CM\ComponentesXT\ip2000d5\package\ip50d_d5.bpl | 08-18-2000 | 08:38:06 | 2000.17.0.7 | 254464 | 9caa9efb
File Copy: C:\ProjetosCM5\CM\ComponentesXT\ip2000d5\package\ip50d_d5.cfg | 08-17-2000 | 08:50:54 | | 406 | 8f7d7860
File Copy: C:\ProjetosCM5\CM\ComponentesXT\ip2000d5\package\ip50d_d5.dcp | 08-18-2000 | 08:32:30 | | 161751 | 4d6a88c3
File Copy: C:\ProjetosCM5\CM\ComponentesXT\ip2000d5\package\ip50d_d5.dof | 08-17-2000 | 08:56:22 | | 2197 | 7d64ff51
File Copy: C:\ProjetosCM5\CM\ComponentesXT\ip2000d5\package\ip50d_d5.dpk | 08-17-2000 | 08:55:46 | | 839 | 88aa80e
File Copy: C:\ProjetosCM5\CM\ComponentesXT\ip2000d5\package\ip50d_d5.res | 08-17-2000 | 08:55:44 | | 1704 | 3de99f86
File Copy: C:\ProjetosCM5\CM\ComponentesXT\ip2000d5\package\ip50_d5.bpl | 08-18-2000 | 08:38:00 | 2000.17.0.7 | 1531904 | 9294e026
File Copy: C:\ProjetosCM5\CM\ComponentesXT\ip2000d5\package\ip50_d5.cfg | 08-17-2000 | 08:51:14 | | 406 | 8f7d7860
File Copy: C:\ProjetosCM5\CM\ComponentesXT\ip2000d5\package\ip50_d5.dcp | 08-18-2000 | 08:32:24 | | 1009480 | 2882ad4e
File Copy: C:\ProjetosCM5\CM\ComponentesXT\ip2000d5\package\ip50_d5.dof | 08-17-2000 | 08:56:24 | | 2200 | 41cc8a1f
File Copy: C:\ProjetosCM5\CM\ComponentesXT\ip2000d5\package\ip50_d5.dpk | 08-17-2000 | 08:55:06 | | 1244 | c11f752e
File Copy: C:\ProjetosCM5\CM\ComponentesXT\ip2000d5\package\ip50_d5.res | 08-17-2000 | 08:55:04 | | 1704 | 3de99f86
Made Dir: C:\ProjetosCM5\CM\ComponentesXT\ip2000d5\pictdb
File Copy: C:\ProjetosCM5\CM\ComponentesXT\ip2000d5\pictdb\InfoPowerMasks.ini | 08-30-1999 | 03:58:26 | | 1156 | df5d07bc
File Copy: C:\ProjetosCM5\CM\ComponentesXT\ip2000d5\source\Info32.res | 11-08-1999 | 16:46:18 | | 12636 | 3acf284b
File Copy: C:\ProjetosCM5\CM\ComponentesXT\ip2000d5\source\infopowr.pas | 11-11-1999 | 11:36:56 | | 14035 | 7c639d62
File Copy: C:\ProjetosCM5\CM\ComponentesXT\ip2000d5\source\ipabout.dfm | 03-10-2000 | 11:26:46 | | 1216 | eeb2edd2
File Copy: C:\ProjetosCM5\CM\ComponentesXT\ip2000d5\source\ipabout.pas | 07-30-1998 | 00:32:50 | | 716 | 23dc9446
File Copy: C:\ProjetosCM5\CM\ComponentesXT\ip2000d5\source\ipdsgn.pas | 09-21-1999 | 18:01:20 | | 1849 | 7059e12
File Copy: C:\ProjetosCM5\CM\ComponentesXT\ip2000d5\source\wwaddlk.dfm | 07-23-1996 | 16:43:50 | | 3060 | b04f9e4b
File Copy: C:\ProjetosCM5\CM\ComponentesXT\ip2000d5\source\wwaddlk.pas | 08-03-1998 | 13:17:28 | | 12097 | e81092c1
File Copy: C:\ProjetosCM5\CM\ComponentesXT\ip2000d5\source\wwclearpanel.pas | 11-02-1999 | 10:52:36 | | 5249 | a86be23e
File Copy: C:\ProjetosCM5\CM\ComponentesXT\ip2000d5\source\wwclient.pas | 08-30-1999 | 14:06:44 | | 6129 | 6e3f45e3
File Copy: C:\ProjetosCM5\CM\ComponentesXT\ip2000d5\source\wwcollection.pas | 08-22-1998 | 00:52:20 | | 4176 | 4b7d5d95
File Copy: C:\ProjetosCM5\CM\ComponentesXT\ip2000d5\source\wwcollectioneditor.dfm | 10-05-1998 | 10:56:40 | | 21654 | 10b21b65
File Copy: C:\ProjetosCM5\CM\ComponentesXT\ip2000d5\source\wwcollectioneditor.pas | 01-21-2000 | 15:08:28 | | 12667 | 3923d938
File Copy: C:\ProjetosCM5\CM\ComponentesXT\ip2000d5\source\wwcommon.pas | 02-08-2000 | 10:48:52 | | 115696 | e2f17469
File Copy: C:\ProjetosCM5\CM\ComponentesXT\ip2000d5\source\wwdatainspector.pas | 08-08-2000 | 09:32:46 | | 162689 | c4784f44
File Copy: C:\ProjetosCM5\CM\ComponentesXT\ip2000d5\source\wwdatsrc.pas | 07-16-1998 | 00:03:36 | | 613 | 483a8136
File Copy: C:\ProjetosCM5\CM\ComponentesXT\ip2000d5\source\wwdbcomb.pas | 10-15-1999 | 11:31:28 | | 36372 | b3468c20
File Copy: C:\ProjetosCM5\CM\ComponentesXT\ip2000d5\source\Wwdbd32.res | 07-31-1999 | 17:10:48 | | 272 | db270c1e
File Copy: C:\ProjetosCM5\CM\ComponentesXT\ip2000d5\source\wwdbdatetimepicker.pas | 08-17-2000 | 17:04:56 | | 175180 | d615c72f
File Copy: C:\ProjetosCM5\CM\ComponentesXT\ip2000d5\source\wwdbdlg.pas | 10-12-1999 | 15:41:16 | | 15622 | 4a132f7b
File Copy: C:\ProjetosCM5\CM\ComponentesXT\ip2000d5\source\wwdbedit.pas | 05-18-2000 | 11:08:12 | | 70857 | 64355651
File Copy: C:\ProjetosCM5\CM\ComponentesXT\ip2000d5\source\wwdbgrid.bak | 08-03-1999 | 15:22:50 | | 79380 | c24a58bf
File Copy: C:\ProjetosCM5\CM\ComponentesXT\ip2000d5\source\wwdbgrid.pas | 07-20-2000 | 14:24:22 | | 93075 | 3cfb866e
File Copy: C:\ProjetosCM5\CM\ComponentesXT\ip2000d5\source\Wwdbi32.res | 06-12-1997 | 18:35:08 | | 1260 | 7142ae34
File Copy: C:\ProjetosCM5\CM\ComponentesXT\ip2000d5\source\wwdbigrd.pas | 08-02-2000 | 17:12:04 | | 189253 | 7d85b7e3
File Copy: C:\ProjetosCM5\CM\ComponentesXT\ip2000d5\source\Wwdblook.pas | 08-11-2000 | 09:13:18 | | 175717 | 4e8a1204
File Copy: C:\ProjetosCM5\CM\ComponentesXT\ip2000d5\source\wwdbnav.res | 07-08-1998 | 11:48:42 | | 14372 | 18ce1dee
File Copy: C:\ProjetosCM5\CM\ComponentesXT\ip2000d5\source\wwDBNavEdit.res | 07-08-1998 | 10:19:16 | | 408 | 24636ef1
File Copy: C:\ProjetosCM5\CM\ComponentesXT\ip2000d5\source\wwDBNavEdt.pas | 11-03-1999 | 15:55:38 | | 5620 | 42aaeb8c
File Copy: C:\ProjetosCM5\CM\ComponentesXT\ip2000d5\source\wwdbnavigator.pas | 04-13-2000 | 11:40:28 | | 66192 | 47c8b5e7
File Copy: C:\ProjetosCM5\CM\ComponentesXT\ip2000d5\source\wwdbspin.pas | 08-02-2000 | 00:45:46 | | 20559 | 2f2bdb87
File Copy: C:\ProjetosCM5\CM\ComponentesXT\ip2000d5\source\wwdialog.pas | 07-09-1998 | 14:52:26 | | 584 | df526967
File Copy: C:\ProjetosCM5\CM\ComponentesXT\ip2000d5\source\wwdotdot.pas | 07-18-2000 | 17:22:16 | | 25675 | 228147d3
File Copy: C:\ProjetosCM5\CM\ComponentesXT\ip2000d5\source\wwedtpic.dfm | 08-31-1999 | 11:33:04 | | 1132 | 334cd656
File Copy: C:\ProjetosCM5\CM\ComponentesXT\ip2000d5\source\wwedtpic.pas | 08-31-1999 | 11:33:14 | | 2792 | b66bed21
File Copy: C:\ProjetosCM5\CM\ComponentesXT\ip2000d5\source\wwfilter.pas | 05-27-1999 | 23:17:38 | | 33543 | db719b8a
File Copy: C:\ProjetosCM5\CM\ComponentesXT\ip2000d5\source\wwfltdlg.dfm | 02-09-2000 | 23:55:18 | | 5277 | 9829fe2f
File Copy: C:\ProjetosCM5\CM\ComponentesXT\ip2000d5\source\wwfltdlg.pas | 07-31-2000 | 14:23:54 | | 132703 | a0c66fdb
File Copy: C:\ProjetosCM5\CM\ComponentesXT\ip2000d5\source\wwfltdum.pas | 06-08-2000 | 11:42:08 | | 26244 | 313c4e55
File Copy: C:\ProjetosCM5\CM\ComponentesXT\ip2000d5\source\wwfltfld.dfm | 01-12-1998 | 17:04:00 | | 1918 | ee8f57f
File Copy: C:\ProjetosCM5\CM\ComponentesXT\ip2000d5\source\wwfltfld.pas | 08-04-1998 | 00:23:02 | | 11849 | 22592f9c
File Copy: C:\ProjetosCM5\CM\ComponentesXT\ip2000d5\source\wwfltvw.dfm | 01-26-1999 | 13:38:56 | | 930 | 4df3f24f
File Copy: C:\ProjetosCM5\CM\ComponentesXT\ip2000d5\source\wwfltvw.pas | 01-26-1999 | 13:38:16 | | 5937 | 9539380d
File Copy: C:\ProjetosCM5\CM\ComponentesXT\ip2000d5\source\wwframe.pas | 06-10-2000 | 14:20:52 | | 16577 | 210e1e35
File Copy: C:\ProjetosCM5\CM\ComponentesXT\ip2000d5\source\Wwgttbl.dfm | 07-23-1996 | 16:44:32 | | 1138 | e212bfff
File Copy: C:\ProjetosCM5\CM\ComponentesXT\ip2000d5\source\Wwgttbl.pas | 08-03-1998 | 13:19:24 | | 3537 | f9b8a5f7
File Copy: C:\ProjetosCM5\CM\ComponentesXT\ip2000d5\source\wwIDlg.dfm | 09-08-1998 | 14:04:02 | | 2115 | 6327e6cf
File Copy: C:\ProjetosCM5\CM\ComponentesXT\ip2000d5\source\wwIDlg.pas | 02-23-2000 | 10:29:42 | | 45665 | 581f3f36
File Copy: C:\ProjetosCM5\CM\ComponentesXT\ip2000d5\source\wwifdef.pas | 05-26-1999 | 10:23:12 | | 451 | c381880a
File Copy: C:\ProjetosCM5\CM\ComponentesXT\ip2000d5\source\wwinspectorprop.dfm | 09-27-1999 | 11:17:32 | | 1114 | f7eeb87c
File Copy: C:\ProjetosCM5\CM\ComponentesXT\ip2000d5\source\wwinspectorprop.pas | 02-08-2000 | 11:40:06 | | 22910 | 727486c4
File Copy: C:\ProjetosCM5\CM\ComponentesXT\ip2000d5\source\wwInspectorPrpEdt.pas | 11-03-1999 | 15:57:46 | | 4969 | 15e0a709
File Copy: C:\ProjetosCM5\CM\ComponentesXT\ip2000d5\source\wwintl.pas | 08-17-2000 | 08:49:08 | | 69487 | f6965cc4
File Copy: C:\ProjetosCM5\CM\ComponentesXT\ip2000d5\source\wwkeycb.pas | 05-19-2000 | 06:36:16 | | 45119 | 6bee46f7
File Copy: C:\ProjetosCM5\CM\ComponentesXT\ip2000d5\source\wwlocate.dfm | 07-25-1998 | 17:12:58 | | 2286 | 4ba0586
File Copy: C:\ProjetosCM5\CM\ComponentesXT\ip2000d5\source\wwlocate.pas | 02-24-2000 | 12:41:52 | | 30984 | 38551b9
File Copy: C:\ProjetosCM5\CM\ComponentesXT\ip2000d5\source\wwmemo.dfm | 07-06-1999 | 00:35:10 | | 976 | fb6de50a
File Copy: C:\ProjetosCM5\CM\ComponentesXT\ip2000d5\source\wwmemo.pas | 07-06-1999 | 00:32:02 | | 12146 | e99e1a68
File Copy: C:\ProjetosCM5\CM\ComponentesXT\ip2000d5\source\wwmidas.pas | 08-01-1998 | 23:00:10 | | 320 | 69541e5b
File Copy: C:\ProjetosCM5\CM\ComponentesXT\ip2000d5\source\wwmonthcalendar.pas | 05-19-2000 | 17:32:44 | | 66795 | 1dccef5d
File Copy: C:\ProjetosCM5\CM\ComponentesXT\ip2000d5\source\Wwpicdb.dfm | 08-30-1999 | 01:35:14 | | 1267 | 492bcc2c
File Copy: C:\ProjetosCM5\CM\ComponentesXT\ip2000d5\source\Wwpicdb.pas | 08-30-1999 | 03:35:26 | | 1209 | 4d28729d
File Copy: C:\ProjetosCM5\CM\ComponentesXT\ip2000d5\source\wwpiced2.dfm | 08-30-1999 | 03:18:34 | | 1821 | b0a61bb4
File Copy: C:\ProjetosCM5\CM\ComponentesXT\ip2000d5\source\wwpiced2.pas | 08-31-1999 | 11:17:46 | | 9493 | 75fb6b69
File Copy: C:\ProjetosCM5\CM\ComponentesXT\ip2000d5\source\wwpict.pas | 08-20-1999 | 15:06:06 | | 15426 | 78f967a
File Copy: C:\ProjetosCM5\CM\ComponentesXT\ip2000d5\source\wwprovider.pas | 09-09-1999 | 11:12:14 | | 6072 | 6fe6f77
File Copy: C:\ProjetosCM5\CM\ComponentesXT\ip2000d5\source\wwprpcom.dfm | 07-12-1999 | 23:46:00 | | 1647 | b8722c8f
File Copy: C:\ProjetosCM5\CM\ComponentesXT\ip2000d5\source\wwprpcom.pas | 07-12-1999 | 23:51:36 | | 9949 | 507605d1
File Copy: C:\ProjetosCM5\CM\ComponentesXT\ip2000d5\source\wwprpds.pas | 07-15-1998 | 14:25:02 | | 1655 | e193aaae
File Copy: C:\ProjetosCM5\CM\ComponentesXT\ip2000d5\source\wwprpedt.pas | 11-19-1999 | 00:24:52 | | 31092 | 21904891
File Copy: C:\ProjetosCM5\CM\ComponentesXT\ip2000d5\source\wwprpfld.dfm | 07-23-1996 | 16:45:42 | | 981 | ab666e94
File Copy: C:\ProjetosCM5\CM\ComponentesXT\ip2000d5\source\wwprpfld.pas | 08-03-1998 | 13:22:04 | | 3352 | fdd2f04c
File Copy: C:\ProjetosCM5\CM\ComponentesXT\ip2000d5\source\wwprppic.dfm | 09-21-1999 | 17:55:24 | | 2118 | 3f6347de
File Copy: C:\ProjetosCM5\CM\ComponentesXT\ip2000d5\source\wwprppic.pas | 08-31-1999 | 11:17:32 | | 9520 | a8a3b1b3
File Copy: C:\ProjetosCM5\CM\ComponentesXT\ip2000d5\source\wwQBE.pas | 05-31-2000 | 00:08:02 | | 20440 | 2c1a374c
File Copy: C:\ProjetosCM5\CM\ComponentesXT\ip2000d5\source\wwQuery.pas | 08-07-1999 | 20:46:48 | | 14666 | ccedff4f
File Copy: C:\ProjetosCM5\CM\ComponentesXT\ip2000d5\source\wwrcdpnl.pas | 01-06-2000 | 03:27:32 | | 72075 | fb198aed
File Copy: C:\ProjetosCM5\CM\ComponentesXT\ip2000d5\source\wwrcdvw.dfm | 10-15-1999 | 10:22:04 | | 350 | 84d0a67
File Copy: C:\ProjetosCM5\CM\ComponentesXT\ip2000d5\source\wwrcdvw.pas | 11-01-1999 | 13:06:36 | | 86505 | b3df2c93
File Copy: C:\ProjetosCM5\CM\ComponentesXT\ip2000d5\source\wwrchdlg.dfm | 06-23-1998 | 16:18:40 | | 2842 | 348a7071
File Copy: C:\ProjetosCM5\CM\ComponentesXT\ip2000d5\source\wwrchdlg.pas | 05-25-2000 | 16:12:42 | | 10976 | c4d6bbf3
File Copy: C:\ProjetosCM5\CM\ComponentesXT\ip2000d5\source\wwrich.dfm | 06-08-2000 | 07:49:52 | | 30924 | 59d58fd5
File Copy: C:\ProjetosCM5\CM\ComponentesXT\ip2000d5\source\wwrich.pas | 06-08-2000 | 08:04:18 | | 50768 | b896bc7d
File Copy: C:\ProjetosCM5\CM\ComponentesXT\ip2000d5\source\wwriched.pas | 07-27-2000 | 08:23:10 | | 164904 | ff9a7a1a
File Copy: C:\ProjetosCM5\CM\ComponentesXT\ip2000d5\source\wwrichole.pas | 06-06-1998 | 15:11:22 | | 6195 | 42a6d1f6
File Copy: C:\ProjetosCM5\CM\ComponentesXT\ip2000d5\source\wwricholecallback.pas | 07-20-2000 | 08:42:24 | | 5179 | 271e3669
File Copy: C:\ProjetosCM5\CM\ComponentesXT\ip2000d5\source\wwrichtb.dfm | 08-27-1998 | 10:10:48 | | 1159 | 636ea086
File Copy: C:\ProjetosCM5\CM\ComponentesXT\ip2000d5\source\wwrichtb.pas | 10-18-1999 | 23:39:32 | | 5860 | abc68832
File Copy: C:\ProjetosCM5\CM\ComponentesXT\ip2000d5\source\Wwruler.res | 06-03-1998 | 11:16:04 | | 516 | ae38022f
File Copy: C:\ProjetosCM5\CM\ComponentesXT\ip2000d5\source\wwselfld.dfm | 10-04-1999 | 11:17:40 | | 7525 | d4192d1c
File Copy: C:\ProjetosCM5\CM\ComponentesXT\ip2000d5\source\wwselfld.pas | 11-03-1999 | 16:59:30 | | 43871 | e5349e1d
File Copy: C:\ProjetosCM5\CM\ComponentesXT\ip2000d5\source\wwspeedbutton.pas | 01-03-2000 | 12:33:48 | | 11110 | a965b5bd
File Copy: C:\ProjetosCM5\CM\ComponentesXT\ip2000d5\source\wwspin.pas | 09-27-1999 | 10:45:52 | | 11801 | dfe64c28
File Copy: C:\ProjetosCM5\CM\ComponentesXT\ip2000d5\source\Wwspin32.res | 05-26-1997 | 22:59:48 | | 420 | 63292224
File Copy: C:\ProjetosCM5\CM\ComponentesXT\ip2000d5\source\Wwstacks.pas | 07-09-1998 | 15:04:38 | | 1732 | 29d83da1
File Copy: C:\ProjetosCM5\CM\ComponentesXT\ip2000d5\source\wwstorep.pas | 08-07-1999 | 20:40:14 | | 12343 | f2dcc32a
File Copy: C:\ProjetosCM5\CM\ComponentesXT\ip2000d5\source\wwstr.pas | 09-15-1999 | 10:31:12 | | 9995 | b0fed9f1
File Copy: C:\ProjetosCM5\CM\ComponentesXT\ip2000d5\source\wwSystem.pas | 12-17-1998 | 22:57:06 | | 15960 | 516335d8
File Copy: C:\ProjetosCM5\CM\ComponentesXT\ip2000d5\source\Wwtable.pas | 09-24-1999 | 10:10:20 | | 45521 | 66d082f7
File Copy: C:\ProjetosCM5\CM\ComponentesXT\ip2000d5\source\wwtrackicon.pas | 07-09-1998 | 14:53:14 | | 4381 | e7cdc363
File Copy: C:\ProjetosCM5\CM\ComponentesXT\ip2000d5\source\wwtypes.pas | 07-27-1999 | 09:01:20 | | 2143 | 341c6209
File Copy: C:\ProjetosCM5\CM\ComponentesXT\ip2000d5\WhatsNew.htm | 11-02-1999 | 10:58:18 | | 29210 | 5e472e55
Made Dir: C:\ProjetosCM5\CM\ComponentesXT\ip2000d5\WhatsNew_files
File Copy: C:\ProjetosCM5\CM\ComponentesXT\ip2000d5\WhatsNew_files\filelist.xml | 11-02-1999 | 10:58:18 | | 453 | 5185ba30
File Copy: C:\ProjetosCM5\CM\ComponentesXT\ip2000d5\WhatsNew_files\image001.gif | 11-02-1999 | 10:58:18 | | 10917 | c1954dec
File Copy: C:\ProjetosCM5\CM\ComponentesXT\ip2000d5\WhatsNew_files\image002.gif | 11-02-1999 | 10:58:18 | | 21604 | 13ace72f
File Copy: C:\ProjetosCM5\CM\ComponentesXT\ip2000d5\WhatsNew_files\image003.gif | 11-02-1999 | 10:58:18 | | 5347 | d5383a93
File Copy: C:\ProjetosCM5\CM\ComponentesXT\ip2000d5\WhatsNew_files\image004.gif | 11-02-1999 | 10:58:18 | | 10137 | 5adf21ff
File Copy: C:\ProjetosCM5\CM\ComponentesXT\ip2000d5\WhatsNew_files\image005.gif | 11-02-1999 | 10:58:18 | | 15345 | b8fde4a3
File Copy: C:\ProjetosCM5\CM\ComponentesXT\ip2000d5\WhatsNew_files\image006.png | 11-02-1999 | 10:58:18 | | 8285 | d37d0ff2
File Copy: C:\ProjetosCM5\CM\ComponentesXT\ip2000d5\WhatsNew_files\image007.gif | 11-02-1999 | 11:15:54 | | 35199 | adf60402
File Copy: C:\ProjetosCM5\CM\ComponentesXT\ip2000d5\WhatsNew_files\image008.gif | 11-02-1999 | 10:58:18 | | 14240 | ae3c2297
File Copy: C:\ProjetosCM5\CM\ComponentesXT\ip2000d5\WhatsNew_files\image009.gif | 11-02-1999 | 10:58:18 | | 7569 | b9e59736
File Copy: C:\ProjetosCM5\CM\ComponentesXT\ip2000d5\WhatsNew_files\oledata.mso | 11-02-1999 | 11:15:52 | | 116604 | 6d987e28
RegDB Key: Software\Woll2Woll\InfoPower
RegDB Val: 
RegDB Name: Reg. No.
RegDB Root: 1
RegDB Key: Software\Woll2Woll\InfoPower
RegDB Val: 
RegDB Name: Masks IniFile
RegDB Root: 1
File Overwrite: C:\WINNT\system32\ip50_d5.bpl
File Overwrite: C:\WINNT\InfoPowerMasks.ini
File Overwrite: C:\WINNT\system32\IP50word_d5.bpl
File Overwrite: C:\WINNT\system32\IP50word2000_d5.bpl
File Overwrite: C:\WINNT\system32\IP50client_d5.bpl
RegDB Key: Software\Borland\Delphi\5.0\Known Packages
RegDB Val: Woll2Woll InfoPower 2000 for Midas
RegDB Name: C:\ProjetosCM5\CM\ComponentesXT\ip2000d5\package\ip50client_d5.bpl
RegDB Root: 1
RegDB Key: Software\Borland\Delphi\5.0\Known Packages
RegDB Val: Woll2Woll InfoPower 2000
RegDB Name: C:\ProjetosCM5\CM\ComponentesXT\ip2000d5\package\ip50d_d5.bpl
RegDB Root: 1
RegDB Key: Software\Borland\Delphi\5.0\Known Packages
RegDB Val: Woll2Woll InfoPower 2000 RichEdit for MSWord
RegDB Name: C:\ProjetosCM5\CM\ComponentesXT\ip2000d5\package\ip50word_d5.bpl
RegDB Root: 1
File Copy: C:\Arquivos de programas\Borland\Delphi5\lib\ip50_d5.dcp
File Copy: C:\Arquivos de programas\Borland\Delphi5\lib\ip50d_d5.dcp
File Copy: C:\Arquivos de programas\Borland\Delphi5\lib\ip50word_d5.dcp
File Copy: C:\Arquivos de programas\Borland\Delphi5\lib\ip50word2000_d5.dcp
File Copy: C:\Arquivos de programas\Borland\Delphi5\lib\ip50client_d5.dcp
File Copy: C:\Arquivos de programas\Borland\Delphi5\Help\ip50d5.hlp
File Copy: C:\Arquivos de programas\Borland\Delphi5\Help\ip50d5.cnt
RegDB Key: Software\Borland\Delphi\5.0\Palette
RegDB Val: TwwDBGrid;TwwDBNavigator;TwwDBEdit;TwwDBComboBox;TwwDBSpinEdit;TwwDBComboDlg;TwwDBLookupCombo;TwwDBLookupComboDlg;TwwKeyCombo;TwwIncrementalSearch;TwwDBRichEdit;TwwDBRichEditMSWord;TwwDBMonthCalendar;TwwDBDateTimePicker;TwwRecordViewPanel;TwwDataInspector;
RegDB Name: IP Controls
RegDB Root: 1
RegDB Key: SOFTWARE\Microsoft\Windows\Help
RegDB Val: 
RegDB Name: IP50D5.HLP
RegDB Root: 2
RegDB Tree: Software\Borland\Delphi\5.0\Palette\IP Access
RegDB Tree: Software\Borland\Delphi\5.0\Palette\IP Controls
RegDB Tree: Software\Borland\Delphi\5.0\Palette\IP Dialogs
RegDB Root: 1
