|SourceProjectName:Orcamento.hpr
|DestinationProjectName:Orcamento.htm
whhost.js
whmsg.js
whmozemu.js
whproxy.js
whstub.js
whutils.js
whver.js
whform.js
whphost.js
whstart.js
whtopic.js
whframes.js
whlang.js
whskin_info.htm
whskin_blank.htm
whskin_pickup.htm
whskin_homepage.htm
whskin_tw.htm
whnjs.htm
whthost.js
whtdhtml.htm
whihost.js
whibody.htm
whiform.htm
whfhost.js
whfbody.htm
whfform.htm
whghost.js
whgbody.htm
whgdhtml.htm
whgdef.htm
whproj.js
whproj.xml
whproj.htm
whxdata\whtoc.xml
whxdata\whidx.xml
whxdata\whfts.xml
whxdata\whglo.xml
whdata\whtoc.js
whdata\whtoc.htm
whdata\whtdata.js
whdata\whidx.js
whdata\whidx.htm
whdata\whidata.js
whdata\whfts.js
whdata\whfts.htm
whdata\whglo.js
whdata\whglo.htm
whdata\whgdata.js
whdata\whftdata.js
whdata\whfwdata.js
whres.xml
WebHelp.jar
WebHelp.cab
cshdat_webhelp.htm
whcsh_home.htm
whcshdata.htm
cshdat_robohelp.htm
wht_tab0.gif
wht_tab1.gif
wht_tab2.gif
wht_tab3.gif
wht_tab4.gif
wht_tab5.gif
wht_tab6.gif
wht_tab7.gif
wht_tab8.gif
wht_glo_h.gif
wht_glo_n.gif
wht_fts_h.gif
wht_fts_n.gif
wht_idx_h.gif
wht_idx_n.gif
wht_toc_h.gif
wht_toc_n.gif
wht_ws.gif
wht_ws_g.gif
wht_logo1.gif
wht_logo2.gif
wht_abgw.jpg
wht_abgi.jpg
wht_abge.jpg
wht_abtw.jpg
wht_abte.jpg
wht_abti.jpg
wht_spac.gif
wht_next.gif
wht_next_g.gif
wht_prev.gif
wht_prev_g.gif
wht_sync.gif
wht_hide.gif
wht_go.gif
whstart.ico
whestart.ico
whrstart.ico
whidhtml.htm
whfdhtml.htm
whskin_banner.htm
whtbar.js
whskin_pdhtml.htm
whskin_papplet.htm
whskin_plist.htm
whskin_tbars.htm
whskin_mbars.htm
wht_toc4.gif
wht_toc1.gif
wht_toc2.gif
wht_toc3.gif
whskin_frmset010.htm
whst_topics.xml
whskin_frmset01.htm
whskin_ep_ins.xml
whskin_ep_start.htm
Orcamento_hha.hhk
Orcamento.hhc
Orcamento.hhk
Orcamento\Ajuda2.htm
Orcamento\Ajuda_Como_usar_a_Ajuda.htm
Orcamento\Ajuda_Geral.htm
Orcamento\Ajuda_Historico_de_Alteracoes.htm
Orcamento\Ajuda_Sobre.htm
Orcamento\Ajuda_Topicos_da_Ajuda.htm
Orcamento\Cadastros_Bloqueio_de_Entrada_de_Dados.htm
Orcamento\Cadastros_Cenarios.htm
Orcamento\Cadastros_Contas_Orcamentarias.htm
Orcamento\Cadastros_Contas_Orcamentarias_por_Grupo.htm
Orcamento\Cadastros_Contas_Orcamentarias_por_Grupo_e_Centro_de_Responsabilidade.htm
Orcamento\Cadastros_Copia_Contas_Orcamentarias.htm
Orcamento\Cadastros_Criacao_de_Relatorios_Configuraveis.htm
Orcamento\Cadastros_Criterios_de_Rateio.htm
Orcamento\Cadastros_Criterios_de_Rateio_Por_Empresa.htm
Orcamento\Cadastros_Criterios_de_Rateio_Tipos_de_Criterio.htm
Orcamento\Cadastros_Criterios_de_Rateio_Valores_Bases_para_Rateio.htm
Orcamento\Cadastros_Formulas_para_apurar_o_Orcamento.htm
Orcamento\Cadastros_Formulas_para_apurar_o_Orcamento_Guia_Descricao.htm
Orcamento\Cadastros_Formulas_para_apurar_o_Orcamento_Guia_Formula.htm
Orcamento\Cadastros_Geral.htm
Orcamento\Cadastros_Grupo_de_Contas_Orcamentarias.htm
Orcamento\Cadastros_Layout_de_Relatorios.htm
Orcamento\Cadastros_Periodo_Orcamentario.htm
Orcamento\Cadastros_Plano_de_Trabalho.htm
Orcamento\Cadastros_Plano_Orcamentario.htm
Orcamento\Cadastros_Relatorio_Linhas_x_Colunas.htm
Orcamento\Cadastros_Usuarios_x_Centro_de_Responsabilidade.htm
Orcamento\Cenario-Geral.htm
Orcamento\Cenario_Entrada_de_Dados_Especial.htm
Orcamento\Configuracao_dos_Parametros_de_Registro_do_Orcamento.htm
Orcamento\Consulta_Orcado_X_Realizado_por_Semestre.htm
Orcamento\Consultas_Business_Intelligence.htm
Orcamento\Consultas_Demonstrativos_Multipla_Selecao.htm
Orcamento\Consultas_Gerais.htm
Orcamento\Consultas_Geral.htm
Orcamento\Consultas_Geral_de_Pessoas.htm
Orcamento\Consultas_Graficos.htm
Orcamento\Consultas_Informacoes_Gerenciais.htm
Orcamento\Consultas_Log_de_Cenario.htm
Orcamento\Consultas_Log_de_Operacoes.htm
Orcamento\Consultas_Relatorios.htm
Orcamento\Consultas_Relatorios_Cadastrais.htm
Orcamento\Consultas_Relatorios_Cadastrais_Composicao_das_Contas_Orcamentarias.htm
Orcamento\Consultas_Relatorios_Cadastrais_Listagem_de_Contas_Orcamentarias.htm
Orcamento\Consultas_Relatorios_Configuraveis.htm
Orcamento\Consultas_Relatorios_Configuraveis_Demonstrativo_Colunado_Diario.htm
Orcamento\Consultas_Relatorios_Configuraveis_Demonstrativo_Elementos_Coluna_Linha.htm
Orcamento\Consultas_Relatorios_Configuraveis_Demonstrativo_Orcamentario.htm
Orcamento\Consultas_Relatorios_Emissoes_Diversas.htm
Orcamento\Consultas_Relatorios_Emissoes_Diversas_Emissao_da_Reserva_Orcamentaria.htm
Orcamento\Consultas_Relatorios_Gerenciais.htm
Orcamento\Consultas_Relatorios_Gerenciais_Composicao_dos_Demonstrativos_Orcamentarios.htm
Orcamento\Consultas_Relatorios_Gerenciais_Distribuicao_de_Saldos_por_Grupos_Orcamentarios.htm
Orcamento\Consultas_Relatorios_Gerenciais_Distribuicao_de_Saldos_por_Grupos_Orcamentarios_Modelo_II.htm
Orcamento\Consultas_Relatorios_Gerenciais_Orcado_Realizado_por_Conta.htm
Orcamento\Consultas_Relatorios_Gerenciais_Orcado_Realizado_por_Grupo.htm
Orcamento\Consultas_Relatorios_Gerenciais_Orcado_Realizado_por_Grupo_Centro_de_Custo.htm
Orcamento\Consultas_Relatorios_Gerenciais_Orcado_Realizado_por_Grupo_Centro_de_Responsabilidade.htm
Orcamento\Consultas_Relatorios_Gerenciais_Plano_de_Trabalho.htm
Orcamento\Consultas_Relatorios_Gerenciais_Rateio_por_Plano_de_Trabalho.htm
Orcamento\Consultas_Relatorios_Gerenciais_Valores_por_Grupo.htm
Orcamento\Consultas_Relatorios_Graficos.htm
Orcamento\Consultas_Relatorios_Graficos_Comparativo_Orcado_Realizado.htm
Orcamento\Consultas_Relatorios_Graficos_Distribuicao_por_Centro_de_Responsabilidade.htm
Orcamento\Consultas_Relatorios_Graficos_Distribuicao_por_Grupos_de_Contas.htm
Orcamento\Consultas_Relatorios_Operacionais.htm
Orcamento\Consultas_Relatorios_Operacionais_Listagem_de_Compromissos.htm
Orcamento\Consultas_Relatorios_Operacionais_Listagem_de_Reservas.htm
Orcamento\Consultas_Relatorios_Operacionais_Listagem_de_Retornos.htm
Orcamento\Consultas_Relatorios_Operacionais_Listagem_de_Suplementacoes.htm
Orcamento\Consultas_Relatorios_Operacionais_Listagem_de_Transferencias.htm
Orcamento\Consultas_Relatorios_Operacionais_Posicao_de_Saldos_Orcamentarios_Analitico.htm
Orcamento\Consultas_Relatorios_Operacionais_Posicao_de_Saldos_Orcamentarios_Sintetico.htm
Orcamento\Consultas_Relatorios_Operacionais_Totalizacao_de_Saldos_por_Centro_de_Responsabilidade.htm
Orcamento\Consultas_Uso_Pessoal.htm
Orcamento\Consultas_Variacao_de_Indices.htm
Orcamento\Editar_Colar.htm
Orcamento\Editar_Copiar.htm
Orcamento\Editar_Deletar.htm
Orcamento\Editar_Desfazer.htm
Orcamento\Editar_Geral.htm
Orcamento\Editar_Recortar.htm
Orcamento\Editar_Selecionar_Todas.htm
Orcamento\Entrada_de_Dados_Cenarios.htm
Orcamento\Entrada_de_Dados_Centro_de_Responsabilidade.htm
Orcamento\Entrada_de_Dados_Diaria.htm
Orcamento\Entrada_de_Dados_Especial.htm
Orcamento\Entrada_de_Dados_Especial_com_Cenario.htm
Orcamento\Entrada_de_Dados_Execucao_de_Formulas_de_Apuracao.htm
Orcamento\Entrada_de_Dados_Geral.htm
Orcamento\Entrada_de_Dados_Por_Periodo.htm
Orcamento\Filtra_Consulta.htm
Orcamento\Finalizar_Etapa.htm
Orcamento\Geracao_dos_Dados_Com_Rateio_por_Empresa.htm
Orcamento\Geracao_Dos_Dados_Consolidados.htm
Orcamento\Geracao_dos_Dados_Da_Empresa.htm
Orcamento\Geracao_dos_Dados_Geral.htm
Orcamento\Geracao_dos_Dados_Orcado_Cenario.htm
Orcamento\Grupos_Centro_de_Custo_x_Cargo_x_Funcao_x_Grupo.htm
Orcamento\Grupos_Direitos.htm
Orcamento\Grupos_Excluir.htm
Orcamento\Grupos_Novo.htm
Orcamento\Grupos_Propriedades.htm
Orcamento\Grupos_Tabelas.htm
Orcamento\Grupos_Visoes.htm
Orcamento\Guia_Arquivos_Genericos.htm
Orcamento\Guia_Atividade_Projeto.htm
Orcamento\Guia_Caixa_de_Entrada.htm
Orcamento\Guia_Campos.htm
Orcamento\Guia_Centro_de_Custo.htm
Orcamento\Guia_Codigo.htm
Orcamento\Guia_Compromisso.htm
Orcamento\Guia_Condicionais.htm
Orcamento\Guia_Condicionais_Por_Grupo.htm
Orcamento\Guia_Conta.htm
Orcamento\Guia_Contabilidade.htm
Orcamento\Guia_Contas_Orcado.htm
Orcamento\Guia_Contas_Orcado_Por_Grupo.htm
Orcamento\Guia_Contas_Realizado.htm
Orcamento\Guia_Contas_Realizado_Por_Grupo.htm
Orcamento\Guia_Detalhe.htm
Orcamento\Guia_Fluxo_de_Caixa.htm
Orcamento\Guia_Formulas_Acumulado.htm
Orcamento\Guia_Formulas_Acumulado_Por_Grupo.htm
Orcamento\Guia_Geral.htm
Orcamento\Guia_Grupo_Orcamentario.htm
Orcamento\Guia_Importar.htm
Orcamento\Guia_Mensagens_Enviadas.htm
Orcamento\Guia_Nome_por_Empresa.htm
Orcamento\Guia_Nomes_por_Empresa.htm
Orcamento\Guia_Observacoes.htm
Orcamento\Guia_Parametros_da_Conta.htm
Orcamento\Guia_Parametros_da_Conta_Por_Grupo.htm
Orcamento\Guia_Parametros_da_Conta_Por_Grupo_e_CR.htm
Orcamento\Guia_Permissoes.htm
Orcamento\Guia_Rateio_por_Empresa.htm
Orcamento\Guia_Relacionamentos_do_Grupo.htm
Orcamento\Guia_Relatorios_Fluxo.htm
Orcamento\Guia_Reservas_Disponiveis.htm
Orcamento\Guia_Reservas_que_compoem_o_Compromisso.htm
Orcamento\Guia_Sequencia.htm
Orcamento\Guia_Status.htm
Orcamento\Guia_Usuarios_Habilitados.htm
Orcamento\Guia_Valor_Fixo_Informado.htm
Orcamento\Idioma_Ativo.htm
Orcamento\Janela_Em_Cascata.htm
Orcamento\Janela_Geral.htm
Orcamento\Janela_Lado_a_Lado_Horizontal.htm
Orcamento\Janela_Lado_a_Lado_Vertical.htm
Orcamento\Janela_Minimizar_Todas.htm
Orcamento\Janela_Organizar_Icones.htm
Orcamento\Parametros_para_Conexao_com_o_Banco.htm
Orcamento\Parametros_para_Conexao_com_o_Servidor_de_Aplicacoes.htm
Orcamento\Planejamento_e_Orcamento.htm
Orcamento\Processos_Ajuste_Orcamentario.htm
Orcamento\Processos_Ajuste_Orcamentario_Especial.htm
Orcamento\Processos_Ajuste_Orcamentario_Retorno.htm
Orcamento\Processos_Ajuste_Orcamentario_Suplementacao.htm
Orcamento\Processos_Compromisso_Especial.htm
Orcamento\Processos_Compromisso_Orcamentario.htm
Orcamento\Processos_Efetivacao_de_Reservas.htm
Orcamento\Processos_Encerramento_do_Exercicio.htm
Orcamento\Processos_Geral.htm
Orcamento\Processos_Justificativa_de_divergencias_de_saldos.htm
Orcamento\Processos_Reserva_Orcamentaria.htm
Orcamento\Processos_Reserva_Orcamentaria_Especial.htm
Orcamento\Processos_Transferencia_Orcamentaria.htm
Orcamento\Processos_Transferencia_Orcamentaria_Especial.htm
Orcamento\RAD_Consultar_Processo.htm
Orcamento\RAD_Executar_Etapa.htm
Orcamento\RAD_Executar_Etapa_Express.htm
Orcamento\RAD_Geral.htm
Orcamento\RAD_Gerar_Processo.htm
Orcamento\Sistema-Configuracao-Parametros_do_Sistema-Guia_Contas_Orcamentarias.htm
Orcamento\Sistema-Configuracao-Parametros_do_Sistema-Guia_Geral.htm
Orcamento\Sistema_Alterar_Senha.htm
Orcamento\Sistema_Configuracao.htm
Orcamento\Sistema_Configuracao_Barra_Atalhos.htm
Orcamento\Sistema_Configuracao_Barra_de_Atalhos.htm
Orcamento\Sistema_Configuracao_Barra_de_Status.htm
Orcamento\sistema_configuracao_barra_status.htm
Orcamento\Sistema_Configuracao_Biometric_Service_Provider_BSP.htm
Orcamento\Sistema_Configuracao_Parametros_do_Sistema.htm
Orcamento\Sistema_Configuracao_Parametros_do_Sistema_Guia_Codigos_para_Orcamento.htm
Orcamento\Sistema_Configuracao_Relatorios.htm
Orcamento\Sistema_Fluxo_de_Operacao.htm
Orcamento\Sistema_Fluxo_de_Operacao_Executar.htm
Orcamento\Sistema_Fluxo_de_Operacao_Montar.htm
Orcamento\Sistema_Fluxo_de_Operacao_Montar_Guia_Sequencia.htm
Orcamento\Sistema_Fluxo_de_Operacao_Montar_Guia_Usuarios_Habilitados.htm
Orcamento\Sistema_Fluxo_de_Operacoes.htm
Orcamento\Sistema_Fluxo_de_Operacoes_Executar.htm
Orcamento\Sistema_Geral.htm
Orcamento\Sistema_Grupos.htm
Orcamento\Sistema_Idiomas.htm
Orcamento\Sistema_Login.htm
Orcamento\Sistema_Mudar_Empresa.htm
Orcamento\Sistema_Sair.htm
Orcamento\Sistema_Usuarios.htm
Orcamento\Sistema_Usuarios_Direitos.htm
Orcamento\Sistema_Usuarios_Direitos_Guia_Consultas_Gerais.htm
Orcamento\Sistema_Usuarios_Direitos_Guia_Relatorios.htm
Orcamento\Sistema_Usuarios_Direitos_Guia_Sistema.htm
Orcamento\Sistema_Usuarios_Esconder_Mostrar_Usuarios_Desabilitados.htm
Orcamento\Sistema_Usuarios_Excluir.htm
Orcamento\Sistema_Usuarios_Grupos.htm
Orcamento\Sistema_Usuarios_Novo.htm
Orcamento\Sistema_Usuarios_Propriedades.htm
Orcamento\Sistema_Usuarios_Tabelas.htm
Orcamento\Sistema_Usuarios_Visoes.htm
Orcamento\Sistema_Utilitarios.htm
Orcamento\Sistema_Utilitarios_Acerta_Saldo_da_Reserva_Compromisso.htm
Orcamento\Sistema_Utilitarios_Busca_Dados_Contabeis_para_Orcamento.htm
Orcamento\Sistema_Utilitarios_Cenarios.htm
Orcamento\Sistema_Utilitarios_Cenarios_Efetiva_Cenario.htm
Orcamento\Sistema_Utilitarios_Cenarios_Manipula_Cenarios.htm
Orcamento\Sistema_Utilitarios_Correio_CM.htm
Orcamento\Sistema_Utilitarios_Correio_CM_Envia_Mensagens.htm
Orcamento\Sistema_Utilitarios_Correio_CM_Lista_Mensagens.htm
Orcamento\Sistema_Utilitarios_Correio_CM_Opcoes.htm
Orcamento\Sistema_Utilitarios_DataBase_Trace.htm
Orcamento\Sistema_Utilitarios_DataBase_Trace_Enviar_por_email.htm
Orcamento\Sistema_Utilitarios_DataBase_Trace_Visualizar.htm
Orcamento\Sistema_Utilitarios_Envia_Mensagens.htm
Orcamento\Sistema_Utilitarios_Importacao_Hotal_DOS.htm
Orcamento\Sistema_Utilitarios_Lista_Mensagens.htm
Orcamento\Sistema_Utilitarios_Lista_Mensagens_Guia_Caixa_de_Entrada.htm
Orcamento\Sistema_Utilitarios_Lista_Mensagens_Guia_Mensagens_Enviadas.htm
Orcamento\Uso_Pessoal_Guia_Consulta_Historicos.htm
Orcamento\Uso_Pessoal_Guia_Contas_Bancarias.htm
Orcamento\Uso_Pessoal_Guia_Contatos.htm
Orcamento\Uso_Pessoal_Guia_Cursos_Externos.htm
Orcamento\Uso_Pessoal_Guia_Dados_Pessoais.htm
Orcamento\Uso_Pessoal_Guia_Dependentes.htm
Orcamento\Uso_Pessoal_Guia_Documentacao.htm
Orcamento\Uso_Pessoal_Guia_Enderecos.htm
Orcamento\Uso_Pessoal_Guia_Opcao_Cargo.htm
Orcamento\Uso_Pessoal_Guia_Outros_Dados.htm
Orcamento\Uso_Pessoal_Guia_Programacao_de_Ferias.htm
Orcamento\Uso_Pessoal_Guia_Situacao_Funcional.htm
Orcamento\Uso_Pessoal_Guia_Telefones.htm
Orcamento\Uso_Pessoal_Guia_Ultimos_Empregos.htm
Orcamento\Uso_Pessoal_Subguia_Avaliacoes.htm
Orcamento\Uso_Pessoal_Subguia_Beneficios.htm
Orcamento\Uso_Pessoal_Subguia_Contracheque.htm
Orcamento\Uso_Pessoal_Subguia_Cursos.htm
Orcamento\Uso_Pessoal_Subguia_Evolucao.htm
Orcamento\Uso_Pessoal_Subguia_Ferias.htm
Orcamento\Uso_Pessoal_Subguia_Prontuario.htm
Orcamento\Usuarios_Atualizacao_de_Email.htm
Orcamento\Usuarios_Direitos.htm
Orcamento\Usuarios_Esconder_Mostrar_Usuarios_Desabilitados.htm
Orcamento\Usuarios_Excluir.htm
Orcamento\Usuarios_Grupos.htm
Orcamento\Usuarios_Novo.htm
Orcamento\Usuarios_Propriedades.htm
Orcamento\Usuarios_Tabelas.htm
Orcamento\Usuarios_Visoes.htm
Orcamento\Utilizando_o_Teclado_ou_o_Mouse.htm
Orcamento\Utilizando_o_Teclado_ou_o_Mouse2.htm
Popup\Atividade_Projeto.htm
Popup\Barra_Rolagem.htm
Popup\Botao_Abrir_Condicao.htm
Popup\Botao_Abrir_Grafico.htm
Popup\Botao_Abrir_Relatorio.htm
Popup\Botao_Acrobat_Reader.htm
Popup\Botao_Add.htm
Popup\Botao_Adiciona.htm
Popup\Botao_Adiciona_Todos.htm
Popup\Botao_Alterar.htm
Popup\botao_Alterar4.htm
Popup\Botao_Alterar_Parametros.htm
Popup\Botao_Alterar_Relatorio.htm
Popup\Botao_Associa.htm
Popup\Botao_Associa_Grupo.htm
Popup\Botao_Associa_Tabela.htm
Popup\Botao_Associa_Tabela_Grupo.htm
Popup\Botao_Associa_Todas_Tabelas.htm
Popup\Botao_Associa_Todas_Tabelas_Grupo.htm
Popup\Botao_Associa_Todas_Visoes.htm
Popup\Botao_Associa_Todos_Grupos.htm
Popup\Botao_Associa_Todos_Usuarios.htm
Popup\Botao_Associa_Usuario.htm
Popup\Botao_Associa_Visao.htm
Popup\Botao_Atualizar.htm
Popup\Botao_AtualizarM.htm
Popup\Botao_Buscar.htm
Popup\Botao_Cancela.htm
Popup\Botao_Colunas.htm
Popup\Botao_Copia.htm
Popup\Botao_Del.htm
Popup\Botao_Devolve_Compromisso_Efetivado.htm
Popup\Botao_Editar_Condicao.htm
Popup\Botao_Efetiva.htm
Popup\Botao_Efetivar.htm
Popup\Botao_Encaminhar.htm
Popup\Botao_Encerra.htm
Popup\Botao_Envia.htm
Popup\Botao_Envia_Rel_Email.htm
Popup\Botao_Exclui_Item_Selecionado.htm
Popup\Botao_Exclui_Reserva.htm
Popup\Botao_Excluir.htm
Popup\Botao_Excluir_Condicao.htm
Popup\Botao_Excluir_Mensagem.htm
Popup\Botao_Exe.htm
Popup\Botao_Executar.htm
Popup\Botao_Expandir_Arvore.htm
Popup\Botao_Fechar.htm
Popup\Botao_Fechar_Arvore.htm
Popup\Botao_Filtra.htm
Popup\Botao_Filtrado.htm
Popup\Botao_Filtrar.htm
Popup\Botao_Filtro.htm
Popup\Botao_Finalizar_Fluxo.htm
Popup\Botao_FIR.htm
Popup\Botao_Gravar_Condicao.htm
Popup\Botao_Importa_da_Contab.htm
Popup\Botao_Imprimir.htm
Popup\Botao_Imprimir_Grafico.htm
Popup\Botao_Inclui_Reserva.htm
Popup\Botao_Iniciar.htm
Popup\Botao_Iniciar_Windows.htm
Popup\Botao_Inserir.htm
Popup\Botao_Inverter_Selecao.htm
Popup\Botao_Ir_Pagina.htm
Popup\Botao_Lida.htm
Popup\Botao_Login.htm
Popup\Botao_Marcar_Todas.htm
Popup\Botao_Mensagem_Anterior.htm
Popup\Botao_Mudar_Empresa.htm
Popup\Botao_Nao_Lida.htm
Popup\botao_Nova.htm
Popup\Botao_Ok.htm
Popup\Botao_Pesquisar.htm
Popup\Botao_Processo.htm
Popup\Botao_Procurar.htm
Popup\botao_procurar4.htm
Popup\Botao_Procurar_Processo.htm
Popup\Botao_Proxima_Mensagem.htm
Popup\Botao_Remove.htm
Popup\Botao_Remove_Grupo.htm
Popup\Botao_Remove_Tabela.htm
Popup\Botao_Remove_Tabela_Grupo.htm
Popup\Botao_Remove_Todas_Tabelas.htm
Popup\Botao_Remove_Todas_Tabelas_Grupo.htm
Popup\Botao_Remove_Todas_Visoes.htm
Popup\Botao_Remove_Todos.htm
Popup\Botao_Remove_Todos_Grupos.htm
Popup\Botao_Remove_Todos_Usuarios.htm
Popup\Botao_Remove_Usuario.htm
Popup\Botao_Remove_Visao.htm
Popup\Botao_Replicar.htm
Popup\Botao_Responder.htm
Popup\Botao_Restaurar.htm
Popup\Botao_Sair.htm
Popup\Botao_Salvar_Grafico.htm
Popup\Botao_Seleciona.htm
Popup\Botao_Seleciona_Conta.htm
Popup\Botao_Seleciona_Grupos.htm
Popup\Botao_Seleciona_Usuarios.htm
Popup\Botao_Selecionar_com_Pinceis.htm
Popup\Botao_Tela_Anterior.htm
Popup\Botao_Tela_Seguinte.htm
Popup\Botao_Tela_Unica.htm
Popup\Botao_Visu_Natural.htm
Popup\Botao_Visualizar.htm
Popup\Botao_Visualizar_Grafico.htm
Popup\BotaoAbrir.htm
Popup\BotaoAlterar.htm
Popup\BotaoAnterior.htm
Popup\BotaoBusca2.htm
Popup\BotaoDevolveSaldo.htm
Popup\BotaoImprimir.htm
Popup\BotaoInserir.htm
Popup\BotaoLargura.htm
Popup\BotaoPrimeiro.htm
Popup\BotaoProximo.htm
Popup\BotaoSalvar.htm
Popup\BotaoUltimo.htm
Popup\BotaoUma.htm
Popup\BotaoVisuNatural.htm
Popup\BotaoZoom.htm
Popup\Caixa_Mensagem.htm
Popup\Calendario.htm
Popup\Centro_de_Custo.htm
Popup\Centro_de_Responsabilidade.htm
Popup\Comando_Zoom.htm
Popup\ComandoZoom.htm
Popup\consulta.htm
Popup\consultar2.htm
Popup\Item_Fechar.htm
Popup\Item_Login.htm
Popup\Item_Mudar_Empresa.htm
Popup\Item_Sair.htm
Popup\Item_Sair_Relatorio.htm
Popup\Legenda.htm
Popup\Medidas_Indicadores.htm
Popup\Menu_Param.htm
Popup\MudeSuaSenha.htm
Popup\Primeiras_Letras.htm
Popup\SenhaSistema.htm
Popup\titular.htm
RoboHHRE.lng
Orcamento.glo
Orcamento.css
Orcamento2.css
HtmlBack_Estilo.css
RADG.css
Html_Back_Estilo_2.css
image\BotaoGravarCondicao.jpg
Orange_Page.gif
image\BotaoSelecionaUsuarios.jpg
image\BotaoExe.jpg
image\BotaoSeleciona.jpg
image\BotaoLogin.jpg
BotaoImprimirGrafico.jpg
image\BotaoEncerra.jpg
image\BotaoResponder.jpg
image\BotaoExcluiReserva.jpg
image\BotaoAlterarRelatorio.jpg
image\BotaoInserir.jpg
image\BotAlterar.jpg
image\BotaoIrPagina.jpg
image\BotaoTamanhoNatural.jpg
image\BotaoEfetivacao.jpg
image\BotaoEditarCondicao.jpg
image\BotaoFiltrado.jpg
BotaoSalvarGrafico.jpg
image\BotaoEfetiva.jpg
image\BotaoImportadaContab.jpg
image\BotaoFiltra.jpg
image\BotaoVisualizar.jpg
image\ItemFechar.jpg
image\BotaoEncaminhar.jpg
image\BotaoExcluir.jpg
image\CaixaMensagemSenha.jpg
image\BotaoListaMensagens.jpg
image\BotaoProcurar4.jpg
BotaoVisualizarGrafico.jpg
image\BotaoFechar.jpg
image\Consulta.JPG
image\BotaoAbrir.jpg
orange_right.gif
image\BotaoProcurarProcesso.jpg
image\BotaoProximaMensagem.jpg
image\BotaoAnterior.jpg
BotaoAbrirGrafico.jpg
Orange_Browse_Right.gif
image\BotaoExcluirMensagem.jpg
image\BotaoSelecionarPincel.jpg
image\BotaoFinalizar.jpg
image\BotaoExpandirArvore.jpg
image\BotaoImprimir.jpg
image\BotaoAdicionaTodos.jpg
image\BotaoAlterar.jpg
image\BotaoBuscar.jpg
image\BotaoImprimirRelatorio.jpg
image\BotaoEntradaPorPeriodo.jpg
image\MenuParam.jpg
image\BotaoExcluirCondicao.jpg
BotaoReplicar.jpg
horiz_shadow_orange_sm.jpg
image\BotaoCopia.jpg
image\BotaoIncluiReserva.jpg
image\BotaoOk.jpg
image\BotaoRestaurar.jpg
image\ItemSair.jpg
image\BotaoAcrobatReader.jpg
image\BotaoRetorno.jpg
image\BotaoConsultar2.jpg
button_bev_gray_sm.gif
image\BotaoTelaSeguinte.jpg
image\BotaoSelecionaConta.jpg
image\BotaoIniciar.jpg
image\BotaoProcurar.jpg
image\BotaoPesquisar.jpg
image\BotaoAssociaGrupo.jpg
image\BotaoFecharArvore.jpg
image\BotaoAtualizar.jpg
image\BotaoExecutar.jpg
image\BotaoProcesso.jpg
image\botaonova.jpg
image\BotaoEnviaRelEmail.jpg
image\BotaoGeracao.jpg
image\BotaoMudarEmpresa.jpg
image\BotaoAjuda.jpg
image\BotaoSair.jpg
BotaoAbrirRelatorio.jpg
horiz_shadow_orange_thin.jpg
image\BotaoTelaAnterior.jpg
image\BotaoAlterarParametros.jpg
image\BotaoRemove.jpg
image\BotaoUltima.jpg
image\BotaoPrimeira.jpg
image\BotaoPaginaInteira.jpg
image\BotaoCriaLayout.jpg
image\BotaoUsuarioCentro.jpg
image\BotaoTransferencia.jpg
GuiaFechada.jpg
smallorange.jpg
image\BotaoIniciarWindows.jpg
image\BotaoMensagemAnterior.jpg
image\BotaoLida.jpg
image\Calendario.jpg
image\BotaoSalvar.jpg
image\GuiaFechada.jpg
image\BotaoSuplementacao.jpg
orange_left.gif
image\BotaoTelaUnica.jpg
image\BotaoAlterar2.jpg
image\BotaoEfetivar.jpg
image\ItemSairRelatorio.jpg
image\BarraRolagem.jpg
image\BotaoInverterTodas.jpg
image\BotaoCriaRel.jpg
image\BotaoConta.jpg
image\BotaoTitular.jpg
orange_up.gif
image\BotaoExcluiItemSelecionado.jpg
image\BotaoDevolveCompromissoOrca.jpg
image\BotaoLargura.jpg
image\BotaoPeriodo.jpg
image\BotaoReserva.jpg
image\BotaAbrirCondicao.jpg
image\BotaoFiltrar.jpg
smallorange.gif
image\BotaoColunas.jpg
image\BotaoDevolveSaldo.jpg
image\BotaoCancela.jpg
image\BotaoRemovetodos.jpg
image\BotaoAdiciona.jpg
image\PrimeirasLetras.jpg
image\BotInserir.jpg
image\BotaoCompromisso.jpg
orange_down.gif
LogoCAF.jpg
image\BotaoNaoLida.jpg
image\ItemMudarEmpresa.jpg
image\ItemLogin.jpg
image\BotaoEntradaDiaria.jpg
image\BotaoFluxo.jpg
image\BotaoExecutarEtapa.jpg
image\BotaoFIR.bmp
image\BotaoFiltro.jpg
image\BotaoSelecionaGrupos.jpg
image\BotaoMarcarTodas.jpg
image\BotaoEnviar.jpg
image\BotaoProxima.jpg
image\BotaoZoom.jpg
image\BotaoEnvia.jpg
HtmlBack_Estilo_ns.css
Orcamento_ns.css
RADG_ns.css
Orcamento2_ns.css
Html_Back_Estilo_2_ns.css
whxdata\whtdata0.xml
whxdata\whidata0.xml
whxdata\whftdata0.xml
whxdata\whfwdata0.xml
whdata\whtdata0.htm
whdata\whidata0.htm
whdata\whftdata0.htm
whdata\whfwdata0.htm
Orcamento.htm
Orcamento_csh.htm
Orcamento_rhc.htm
