Start scanning...
e:\projetoscm5\almox&compras\fontes\fapagaitemsci.dfm, OK
e:\projetoscm5\almox&compras\fontes\fatendprepronta.dfm, OK
e:\projetoscm5\almox&compras\fontes\fcadalmox.dfm, OK
e:\projetoscm5\almox&compras\fontes\fcadcontrato.dfm, OK
e:\projetoscm5\almox&compras\fontes\fcadcores.dfm, OK
e:\projetoscm5\almox&compras\fontes\fcadgrupoprod.dfm, OK
e:\projetoscm5\almox&compras\fontes\fcadinsumos.dfm, OK
e:\projetoscm5\almox&compras\fontes\fcaditempdv.dfm, OK
e:\projetoscm5\almox&compras\fontes\fcaditemvenda.dfm, OK
e:\projetoscm5\almox&compras\fontes\fcadoutros.dfm, OK
e:\projetoscm5\almox&compras\fontes\fcadproduto.dfm, OK
e:\projetoscm5\almox&compras\fontes\fcadtamanho.dfm, OK
e:\projetoscm5\almox&compras\fontes\fcadtipoagre.dfm, OK
e:\projetoscm5\almox&compras\fontes\fcaduncusteio.dfm, OK
e:\projetoscm5\almox&compras\fontes\fcadunmedida.dfm, OK
e:\projetoscm5\almox&compras\fontes\fcadusuxalmox.dfm, OK
e:\projetoscm5\almox&compras\fontes\fcadusuxgrpprod.dfm, OK
e:\projetoscm5\almox&compras\fontes\flogccusto.dfm, OK
e:\projetoscm5\almox&compras\fontes\fsolicomp2.dfm, OK
e:\projetoscm5\almox&compras\fontes\fsoliprepronta.dfm, OK
e:\projetoscm5\almox&compras\fontes\fusuxccusto.dfm, OK
e:\projetoscm5\almox&compras\fontes\fviewcontrato.dfm, OK
e:\projetoscm5\almox&compras\fontesmt\fcadalmoxarifado.dfm, OK
e:\projetoscm5\almox&compras\fontesmt\fcadartigo.dfm, OK
e:\projetoscm5\almox&compras\fontesmt\fcadunidcusteio.dfm, OK
e:\projetoscm5\almox&compras\fontesmt\fcadunidmedida.dfm, OK
e:\projetoscm5\almox&compras\fontesmt\fmtacompsci.dfm, OK
e:\projetoscm5\almox&compras\fontesmt\fmtapagaitemsci.dfm, OK
e:\projetoscm5\almox&compras\fontesmt\fmtatendprepronta.dfm, OK
e:\projetoscm5\almox&compras\fontesmt\fmtcadalmoxarifado.dfm, OK
e:\projetoscm5\almox&compras\fontesmt\fmtcadartigo.dfm, OK
e:\projetoscm5\almox&compras\fontesmt\fmtcadcontratoprod.dfm, OK
e:\projetoscm5\almox&compras\fontesmt\fmtcadcor.dfm, OK
e:\projetoscm5\almox&compras\fontesmt\fmtcadcustagregado.dfm, OK
e:\projetoscm5\almox&compras\fontesmt\fmtcadgrupoprod.dfm, OK
e:\projetoscm5\almox&compras\fontesmt\fmtcadscprepronta.dfm, OK
e:\projetoscm5\almox&compras\fontesmt\fmtcadtamanho.dfm, OK
e:\projetoscm5\almox&compras\fontesmt\fmtcadunidcusteio.dfm, OK
e:\projetoscm5\almox&compras\fontesmt\fmtcadunidmedida.dfm, OK
e:\projetoscm5\almox&compras\fontesmt\fmtcadusuxalmox.dfm, OK
e:\projetoscm5\almox&compras\fontesmt\fmtcadusuxgrpprod.dfm, OK
e:\projetoscm5\almox&compras\fontesmt\fmtloginccusto.dfm, OK
e:\projetoscm5\almox&compras\fontesmt\fmtsolicompra.dfm, OK
e:\projetoscm5\almox&compras\fontesmt\fmttransfalmox.dfm, OK
e:\projetoscm5\almox&compras\fontesmt\fmtviewcontrato.dfm, OK
e:\projetoscm5\almox&compras\fontesmt\fragregados.dfm, OK
e:\projetoscm5\almoxarifado\fontes\dalmoxcaf.dfm, OK
e:\projetoscm5\almoxarifado\fontes\dmoviment.dfm, OK
e:\projetoscm5\almoxarifado\fontes\drelatoriosalmox.dfm, OK
e:\projetoscm5\almoxarifado\fontes\drptrelats.dfm, OK
e:\projetoscm5\almoxarifado\fontes\facertaentrada.dfm, OK
e:\projetoscm5\almoxarifado\fontes\facertafuncef.dfm, OK
e:\projetoscm5\almoxarifado\fontes\facompreqcad.dfm, OK
e:\projetoscm5\almoxarifado\fontes\fajustaconv.dfm, OK
e:\projetoscm5\almoxarifado\fontes\fajustasci.dfm, OK
e:\projetoscm5\almoxarifado\fontes\falteracustomed.dfm, OK
e:\projetoscm5\almoxarifado\fontes\faltvalidade.dfm, OK
e:\projetoscm5\almoxarifado\fontes\fanalestoque.dfm, OK
e:\projetoscm5\almoxarifado\fontes\fanaliseinv.dfm, OK
e:\projetoscm5\almoxarifado\fontes\fanalsug.dfm, OK
e:\projetoscm5\almoxarifado\fontes\fapagaprodmov.dfm, OK
e:\projetoscm5\almoxarifado\fontes\fatendreqcad.dfm, OK
e:\projetoscm5\almoxarifado\fontes\fatualizamov.dfm, OK
e:\projetoscm5\almoxarifado\fontes\fatuultcompra.dfm, OK
e:\projetoscm5\almoxarifado\fontes\favaliacao.dfm, OK
e:\projetoscm5\almoxarifado\fontes\fbaixadir.dfm, OK
e:\projetoscm5\almoxarifado\fontes\fbaixaperda.dfm, OK
e:\projetoscm5\almoxarifado\fontes\fcadbemativo.dfm, OK
e:\projetoscm5\almoxarifado\fontes\fcadconjunto.dfm, OK
e:\projetoscm5\almoxarifado\fontes\fcadlocal.dfm, OK
e:\projetoscm5\almoxarifado\fontes\fcadpremigestest.dfm, OK
e:\projetoscm5\almoxarifado\fontes\fcadreq.dfm, OK
e:\projetoscm5\almoxarifado\fontes\fcadtermo.dfm, OK
e:\projetoscm5\almoxarifado\fontes\fcadtipoperda.dfm, OK
e:\projetoscm5\almoxarifado\fontes\fconfatend.dfm, OK
e:\projetoscm5\almoxarifado\fontes\fconfignfdevol.dfm, OK
e:\projetoscm5\almoxarifado\fontes\fconsdifinvent.dfm, OK
e:\projetoscm5\almoxarifado\fontes\fconsultasaldo.dfm, OK
e:\projetoscm5\almoxarifado\fontes\fcontagem.dfm, OK
e:\projetoscm5\almoxarifado\fontes\fdatarepresa.dfm, OK
e:\projetoscm5\almoxarifado\fontes\fdevolmerc.dfm, OK
e:\projetoscm5\almoxarifado\fontes\fetqproduto.dfm, OK
e:\projetoscm5\almoxarifado\fontes\fextornaintcontab.dfm, OK
e:\projetoscm5\almoxarifado\fontes\fgerasciauto.dfm, OK
e:\projetoscm5\almoxarifado\fontes\fimpnfdevol.dfm, OK
e:\projetoscm5\almoxarifado\fontes\fimpsaldo.dfm, OK
e:\projetoscm5\almoxarifado\fontes\finicontagem.dfm, OK
e:\projetoscm5\almoxarifado\fontes\fintcontabcusto.dfm, OK
e:\projetoscm5\almoxarifado\fontes\fintentnotacont.dfm, OK
e:\projetoscm5\almoxarifado\fontes\fmudaun.dfm, OK
e:\projetoscm5\almoxarifado\fontes\fnotaagreg.dfm, OK
e:\projetoscm5\almoxarifado\fontes\focxforn.dfm, OK
e:\projetoscm5\almoxarifado\fontes\fparamabc.dfm, OK
e:\projetoscm5\almoxarifado\fontes\fparamabccomp.dfm, OK
e:\projetoscm5\almoxarifado\fontes\fparamajustfinanc.dfm, OK
e:\projetoscm5\almoxarifado\fontes\fparamalmox.dfm, OK
e:\projetoscm5\almoxarifado\fontes\fparamartsemmov.dfm, OK
e:\projetoscm5\almoxarifado\fontes\fparamartxconta.dfm, OK
e:\projetoscm5\almoxarifado\fontes\fparamcadsolprepronta.dfm, OK
e:\projetoscm5\almoxarifado\fontes\fparamconalmoxcontab.dfm, OK
e:\projetoscm5\almoxarifado\fontes\fparamconsmed.dfm, OK
e:\projetoscm5\almoxarifado\fontes\fparamcontinvent.dfm, OK
e:\projetoscm5\almoxarifado\fontes\fparamcurvaaltcustomed.dfm, OK
e:\projetoscm5\almoxarifado\fontes\fparamcustanali.dfm, OK
e:\projetoscm5\almoxarifado\fontes\fparamcustcontab.dfm, OK
e:\projetoscm5\almoxarifado\fontes\fparamcustcontabsint.dfm, OK
e:\projetoscm5\almoxarifado\fontes\fparamdevolucao.dfm, OK
e:\projetoscm5\almoxarifado\fontes\fparametqproduto.dfm, OK
e:\projetoscm5\almoxarifado\fontes\fparamextmov.dfm, OK
e:\projetoscm5\almoxarifado\fontes\fparamextmovsint.dfm, OK
e:\projetoscm5\almoxarifado\fontes\fparamextmovuc.dfm, OK
e:\projetoscm5\almoxarifado\fontes\fparamgiroprod.dfm, OK
e:\projetoscm5\almoxarifado\fontes\fparaminventff.dfm, OK
e:\projetoscm5\almoxarifado\fontes\fparaminventffdata.dfm, OK
e:\projetoscm5\almoxarifado\fontes\fparaminventffhoje.dfm, OK
e:\projetoscm5\almoxarifado\fontes\fparamlivroinvet.dfm, OK
e:\projetoscm5\almoxarifado\fontes\fparamnfxcustagreg.dfm, OK
e:\projetoscm5\almoxarifado\fontes\fparamnotadifoc.dfm, OK
e:\projetoscm5\almoxarifado\fontes\fparamplaninvent.dfm, OK
e:\projetoscm5\almoxarifado\fontes\fparamplaninventgrp.dfm, OK
e:\projetoscm5\almoxarifado\fontes\fparamplanprod.dfm, OK
e:\projetoscm5\almoxarifado\fontes\fparamrecebimento.dfm, OK
e:\projetoscm5\almoxarifado\fontes\fparamrecmercdesemb.dfm, OK
e:\projetoscm5\almoxarifado\fontes\fparamrecmercsint.dfm, OK
e:\projetoscm5\almoxarifado\fontes\fparamrecon.dfm, OK
e:\projetoscm5\almoxarifado\fontes\fparamreconest.dfm, OK
e:\projetoscm5\almoxarifado\fontes\fparamreconsaldo.dfm, OK
e:\projetoscm5\almoxarifado\fontes\fparamreqcad.dfm, OK
e:\projetoscm5\almoxarifado\fontes\fparamreqlancsint.dfm, OK
e:\projetoscm5\almoxarifado\fontes\fparamrequisicao.dfm, OK
e:\projetoscm5\almoxarifado\fontes\fparamresfinancc.dfm, OK
e:\projetoscm5\almoxarifado\fontes\fparamresfinanual.dfm, OK
e:\projetoscm5\almoxarifado\fontes\fparamsalestmin.dfm, OK
e:\projetoscm5\almoxarifado\fontes\fparamsolicomp.dfm, OK
e:\projetoscm5\almoxarifado\fontes\fparamsolprepronta.dfm, OK
e:\projetoscm5\almoxarifado\fontes\fparamsugestcomp.dfm, OK
e:\projetoscm5\almoxarifado\fontes\fparamtermoinvet.dfm, OK
e:\projetoscm5\almoxarifado\fontes\fparamtotfinanc.dfm, OK
e:\projetoscm5\almoxarifado\fontes\fparamultmovart.dfm, OK
e:\projetoscm5\almoxarifado\fontes\fparamvalidade.dfm, OK
e:\projetoscm5\almoxarifado\fontes\fprincipal.dfm, OK
e:\projetoscm5\almoxarifado\fontes\fprodcasa.dfm, OK
e:\projetoscm5\almoxarifado\fontes\frecmerccomsemoc.dfm, OK
e:\projetoscm5\almoxarifado\fontes\frequiscao.dfm, OK
e:\projetoscm5\almoxarifado\fontes\fsenac.dfm, OK
e:\projetoscm5\almoxarifado\fontes\ftransfalmox.dfm, OK
e:\projetoscm5\almoxarifado\fontes\fvaltotagreg.dfm, OK
e:\projetoscm5\almoxarifado\fontes\fviewatend.dfm, OK
e:\projetoscm5\almoxarifado\fontes\fviewconsumo.dfm, OK
e:\projetoscm5\almoxarifado\fontesmt\fmtacompreqcad.dfm, OK
e:\projetoscm5\almoxarifado\fontesmt\fmtalteracustomed.dfm, OK
e:\projetoscm5\almoxarifado\fontesmt\fmtaltvalidade.dfm, OK
e:\projetoscm5\almoxarifado\fontesmt\fmtanaliseinvent.dfm, OK
e:\projetoscm5\almoxarifado\fontesmt\fmtatendreqcad.dfm, OK
e:\projetoscm5\almoxarifado\fontesmt\fmtatualizamov.dfm, OK
e:\projetoscm5\almoxarifado\fontesmt\fmtatuultcompra.dfm, OK
e:\projetoscm5\almoxarifado\fontesmt\fmtbaixaperda.dfm, OK
e:\projetoscm5\almoxarifado\fontesmt\fmtcadlocal.dfm, OK
e:\projetoscm5\almoxarifado\fontesmt\fmtcadpremigestest.dfm, OK
e:\projetoscm5\almoxarifado\fontesmt\fmtcadreq.dfm, OK
e:\projetoscm5\almoxarifado\fontesmt\fmtcadtermo.dfm, OK
e:\projetoscm5\almoxarifado\fontesmt\fmtcadtipoperda.dfm, OK
e:\projetoscm5\almoxarifado\fontesmt\fmtconfatend.dfm, OK
e:\projetoscm5\almoxarifado\fontesmt\fmtconsdifinvent.dfm, OK
e:\projetoscm5\almoxarifado\fontesmt\fmtconsultasaldo.dfm, OK
e:\projetoscm5\almoxarifado\fontesmt\fmtcontagem.dfm, OK
e:\projetoscm5\almoxarifado\fontesmt\fmtdatarepresa.dfm, OK
e:\projetoscm5\almoxarifado\fontesmt\fmtexportarqinvent.dfm, OK
e:\projetoscm5\almoxarifado\fontesmt\fmtextornaintcontab.dfm, OK
e:\projetoscm5\almoxarifado\fontesmt\fmtgerasciauto.dfm, OK
e:\projetoscm5\almoxarifado\fontesmt\fmtimportarqinvent.dfm, OK
e:\projetoscm5\almoxarifado\fontesmt\fmtimpsaldo.dfm, OK
e:\projetoscm5\almoxarifado\fontesmt\fmtinicontagem.dfm, OK
e:\projetoscm5\almoxarifado\fontesmt\fmtintegracontab.dfm, OK
e:\projetoscm5\almoxarifado\fontesmt\fmtmudaun.dfm, OK
e:\projetoscm5\almoxarifado\fontesmt\fmtparamalmox.dfm, OK
e:\projetoscm5\almoxarifado\fontesmt\fmtprodcasa.dfm, OK
e:\projetoscm5\almoxarifado\fontesmt\fmtrecebmerc.dfm, OK
e:\projetoscm5\almoxarifado\fontesmt\fmtreqmanual.dfm, OK
e:\projetoscm5\almoxarifado\fontesmt\fmtsenac.dfm, OK
e:\projetoscm5\almoxarifado\fontesmt\fmtviewconsumo.dfm, OK
e:\projetoscm5\almoxarifado\fontesmt\fnotafiscal.dfm, OK
e:\projetoscm5\compras2000\fontes\dcompras.dfm, OK
e:\projetoscm5\compras2000\fontes\drelcompras.dfm, OK
e:\projetoscm5\compras2000\fontes\fadicionaforn.dfm, OK
e:\projetoscm5\compras2000\fontes\fatrcomprador.dfm, OK
e:\projetoscm5\compras2000\fontes\fcadartxforn.dfm, OK
e:\projetoscm5\compras2000\fontes\fcadcaixapeq.dfm, OK
e:\projetoscm5\compras2000\fontes\fcadcomprador.dfm, OK
e:\projetoscm5\compras2000\fontes\fcadocsemcot.dfm, OK
e:\projetoscm5\compras2000\fontes\fcancelaoc.dfm, OK
e:\projetoscm5\compras2000\fontes\fconscaixapeq.dfm, OK
e:\projetoscm5\compras2000\fontes\fcotacao.dfm, OK
e:\projetoscm5\compras2000\fontes\fefetivcaixapeq.dfm, OK
e:\projetoscm5\compras2000\fontes\fjustif.dfm, OK
e:\projetoscm5\compras2000\fontes\flanccaixapeq.dfm, OK
e:\projetoscm5\compras2000\fontes\fmontaprocesso.dfm, OK
e:\projetoscm5\compras2000\fontes\fparamacompproc.dfm, OK
e:\projetoscm5\compras2000\fontes\fparamcadsolprepronta.dfm, OK
e:\projetoscm5\compras2000\fontes\fparamcoleta.dfm, OK
e:\projetoscm5\compras2000\fontes\fparamcompras.dfm, OK
e:\projetoscm5\compras2000\fontes\fparamcontroleoc.dfm, OK
e:\projetoscm5\compras2000\fontes\fparamcotforn.dfm, OK
e:\projetoscm5\compras2000\fontes\fparamcotprod.dfm, OK
e:\projetoscm5\compras2000\fontes\fparamcotprodxforn.dfm, OK
e:\projetoscm5\compras2000\fontes\fparamfornsemcomp.dfm, OK
e:\projetoscm5\compras2000\fontes\fparamimpcxpeq.dfm, OK
e:\projetoscm5\compras2000\fontes\fparamimpcxpeqr.dfm, OK
e:\projetoscm5\compras2000\fontes\fparamimpoc.dfm, OK
e:\projetoscm5\compras2000\fontes\fparamsolicomp.dfm, OK
e:\projetoscm5\compras2000\fontes\fparamsolprepronta.dfm, OK
e:\projetoscm5\compras2000\fontes\fprincipal.dfm, OK
e:\projetoscm5\compras2000\fontes\fresumocot.dfm, OK
e:\projetoscm5\compras2000\fontes\fsumariocot.dfm, OK
e:\projetoscm5\compras2000\fontes\fusuxcaixapeq.dfm, OK
e:\projetoscm5\compras2000\fontes\fviewcotacao.dfm, OK
e:\projetoscm5\compras2000\fontes\fviewsci.dfm, OK
e:\projetoscm5\compras2000\fontes\fviewultcomp.dfm, OK
e:\projetoscm5\compras2000\fontes\rcontroleoc.dfm, OK
e:\projetoscm5\compras2000\fontes\rcotprodxforn.dfm, OK
e:\projetoscm5\compras2000\fontes\rcxpeqr.dfm, OK
e:\projetoscm5\compras2000\fontesmt\fmtadicionaforn.dfm, OK
e:\projetoscm5\compras2000\fontesmt\fmtatribcomprador.dfm, OK
e:\projetoscm5\compras2000\fontesmt\fmtcadartxforn.dfm, OK
e:\projetoscm5\compras2000\fontesmt\fmtcadcomprador.dfm, OK
e:\projetoscm5\compras2000\fontesmt\fmtcadocsemcot.dfm, OK
e:\projetoscm5\compras2000\fontesmt\fmtcancelaoc.dfm, OK
e:\projetoscm5\compras2000\fontesmt\fmtcotacao.dfm, OK
e:\projetoscm5\compras2000\fontesmt\fmtjustif.dfm, OK
e:\projetoscm5\compras2000\fontesmt\fmtmontaprocesso.dfm, OK
e:\projetoscm5\compras2000\fontesmt\fmtparamcompras.dfm, OK
e:\projetoscm5\compras2000\fontesmt\fmtsumariocot.dfm, OK
e:\projetoscm5\compras2000\fontesmt\fmtviewcotacao.dfm, OK
e:\projetoscm5\compras2000\fontesmt\fmtviewsci.dfm, OK
e:\projetoscm5\compras2000\fontesmt\fmtviewultcompra.dfm, OK
e:\projetoscm5\frontoffice\fontes\faguardares.dfm, OK
e:\projetoscm5\frontoffice\fontes\falterarres.dfm, OK
e:\projetoscm5\frontoffice\fontes\falterarreservadlg.dfm, OK
e:\projetoscm5\frontoffice\fontes\faltpercdi.dfm, OK
e:\projetoscm5\frontoffice\fontes\fanalisediscrepancia.dfm, OK
e:\projetoscm5\frontoffice\fontes\faniversario.dfm, OK
e:\projetoscm5\frontoffice\fontes\fatuallot.dfm, OK
e:\projetoscm5\frontoffice\fontes\fbloqueiouh.dfm, OK
e:\projetoscm5\frontoffice\fontes\fbuscares.dfm, OK
e:\projetoscm5\frontoffice\fontes\fcadachadosperdidos.dfm, OK
e:\projetoscm5\frontoffice\fontes\fcadagendatel.dfm, OK
e:\projetoscm5\frontoffice\fontes\fcadagentefiel.dfm, OK
e:\projetoscm5\frontoffice\fontes\fcadatribuh.dfm, OK
e:\projetoscm5\frontoffice\fontes\fcadcambiohotel.dfm, OK
e:\projetoscm5\frontoffice\fontes\fcadcargo.dfm, OK
e:\projetoscm5\frontoffice\fontes\fcadcattarifhotel.dfm, OK
e:\projetoscm5\frontoffice\fontes\fcadclasfiscal.dfm, OK
e:\projetoscm5\frontoffice\fontes\fcadclasseuh.dfm, OK
e:\projetoscm5\frontoffice\fontes\fcadcontrato.dfm, OK
e:\projetoscm5\frontoffice\fontes\fcadcontratoall.dfm, OK
e:\projetoscm5\frontoffice\fontes\fcadcontratoperm.dfm, OK
e:\projetoscm5\frontoffice\fontes\fcadcontratopermuta.dfm, OK
e:\projetoscm5\frontoffice\fontes\fcaddiscrep.dfm, OK
e:\projetoscm5\frontoffice\fontes\fcaddiscrepancia.dfm, OK
e:\projetoscm5\frontoffice\fontes\fcaddocconf.dfm, OK
e:\projetoscm5\frontoffice\fontes\fcaddocconfhtl.dfm, OK
e:\projetoscm5\frontoffice\fontes\fcademprestimo.dfm, OK
e:\projetoscm5\frontoffice\fontes\fcadestadouh.dfm, OK
e:\projetoscm5\frontoffice\fontes\fcadesttermtef.dfm, OK
e:\projetoscm5\frontoffice\fontes\fcadfaixaetaria.dfm, OK
e:\projetoscm5\frontoffice\fontes\fcadfracaouh.dfm, OK
e:\projetoscm5\frontoffice\fontes\fcadfuncionario.dfm, OK
e:\projetoscm5\frontoffice\fontes\fcadgrupodc.dfm, OK
e:\projetoscm5\frontoffice\fontes\fcadgrupouh.dfm, OK
e:\projetoscm5\frontoffice\fontes\fcadhospede.dfm, OK
e:\projetoscm5\frontoffice\fontes\fcadhospedemt.dfm, OK
e:\projetoscm5\frontoffice\fontes\fcadidiomas.dfm, OK
e:\projetoscm5\frontoffice\fontes\fcadimpostos.dfm, OK
e:\projetoscm5\frontoffice\fontes\fcadinstrutivo.dfm, OK
e:\projetoscm5\frontoffice\fontes\fcadlocaluh.dfm, OK
e:\projetoscm5\frontoffice\fontes\fcadmeiocomu.dfm, OK
e:\projetoscm5\frontoffice\fontes\fcadmeiovisita.dfm, OK
e:\projetoscm5\frontoffice\fontes\fcadmeiovisitamt.dfm, OK
e:\projetoscm5\frontoffice\fontes\fcadmodelosnf.dfm, OK
e:\projetoscm5\frontoffice\fontes\fcadmontafluxo.dfm, OK
e:\projetoscm5\frontoffice\fontes\fcadmotivos.dfm, OK
e:\projetoscm5\frontoffice\fontes\fcadmotrejeicao.dfm, OK
e:\projetoscm5\frontoffice\fontes\fcadobjemprestado.dfm, OK
e:\projetoscm5\frontoffice\fontes\fcadobjemprestimo.dfm, OK
e:\projetoscm5\frontoffice\fontes\fcadorigem.dfm, OK
e:\projetoscm5\frontoffice\fontes\fcadorigemmt.dfm, OK
e:\projetoscm5\frontoffice\fontes\fcadprofissao.dfm, OK
e:\projetoscm5\frontoffice\fontes\fcadpropuh.dfm, OK
e:\projetoscm5\frontoffice\fontes\fcadproximidadesmt.dfm, OK
e:\projetoscm5\frontoffice\fontes\fcadredehotelmt.dfm, OK
e:\projetoscm5\frontoffice\fontes\fcadrepres.dfm, OK
e:\projetoscm5\frontoffice\fontes\fcadsegmento.dfm, OK
e:\projetoscm5\frontoffice\fontes\fcadstatusgov.dfm, OK
e:\projetoscm5\frontoffice\fontes\fcadstatusres.dfm, OK
e:\projetoscm5\frontoffice\fontes\fcadstatusuh.dfm, OK
e:\projetoscm5\frontoffice\fontes\fcadsubttotnota.dfm, OK
e:\projetoscm5\frontoffice\fontes\fcadtarifahotel.dfm, OK
e:\projetoscm5\frontoffice\fontes\fcadtipocli.dfm, OK
e:\projetoscm5\frontoffice\fontes\fcadtipocliente.dfm, OK
e:\projetoscm5\frontoffice\fontes\fcadtipoconta.dfm, OK
e:\projetoscm5\frontoffice\fontes\fcadtipocontahotel.dfm, OK
e:\projetoscm5\frontoffice\fontes\fcadtipocontas.dfm, OK
e:\projetoscm5\frontoffice\fontes\fcadtipodc.dfm, OK
e:\projetoscm5\frontoffice\fontes\fcadtipogrupo.dfm, OK
e:\projetoscm5\frontoffice\fontes\fcadtipohospede.dfm, OK
e:\projetoscm5\frontoffice\fontes\fcadtipopontos.dfm, OK
e:\projetoscm5\frontoffice\fontes\fcadtiposdedias.dfm, OK
e:\projetoscm5\frontoffice\fontes\fcadtiposervico.dfm, OK
e:\projetoscm5\frontoffice\fontes\fcadtipouh.dfm, OK
e:\projetoscm5\frontoffice\fontes\fcadtipovisita.dfm, OK
e:\projetoscm5\frontoffice\fontes\fcadtipovisitamt.dfm, OK
e:\projetoscm5\frontoffice\fontes\fcadtratamento.dfm, OK
e:\projetoscm5\frontoffice\fontes\fcaduh.dfm, OK
e:\projetoscm5\frontoffice\fontes\fcadveicomu.dfm, OK
e:\projetoscm5\frontoffice\fontes\fccheck_in.dfm, OK
e:\projetoscm5\frontoffice\fontes\fcheckin.dfm, OK
e:\projetoscm5\frontoffice\fontes\fconfforms.dfm, OK
e:\projetoscm5\frontoffice\fontes\fconfignota.dfm, OK
e:\projetoscm5\frontoffice\fontes\fconfigrds.dfm, OK
e:\projetoscm5\frontoffice\fontes\fconfigrds_1312.dfm, OK
e:\projetoscm5\frontoffice\fontes\fconfiguraslip.dfm, OK
e:\projetoscm5\frontoffice\fontes\fconscotacao.dfm, OK
e:\projetoscm5\frontoffice\fontes\fconsgeral.dfm, OK
e:\projetoscm5\frontoffice\fontes\fconsgeralmt.dfm, OK
e:\projetoscm5\frontoffice\fontes\fconsprogfid.dfm, OK
e:\projetoscm5\frontoffice\fontes\fdesbloqueiouh_sg.dfm, OK
e:\projetoscm5\frontoffice\fontes\femprestimoobjeto.dfm, OK
e:\projetoscm5\frontoffice\fontes\festrategiatarifaria.dfm, OK
e:\projetoscm5\frontoffice\fontes\feventosprog.dfm, OK
e:\projetoscm5\frontoffice\fontes\ffiltromaladireta.dfm, OK
e:\projetoscm5\frontoffice\fontes\fgeradbfcli.dfm, OK
e:\projetoscm5\frontoffice\fontes\fhisthospede.dfm, OK
e:\projetoscm5\frontoffice\fontes\fhotel.dfm, OK
e:\projetoscm5\frontoffice\fontes\floguh.dfm, OK
e:\projetoscm5\frontoffice\fontes\fmaladireta.dfm, OK
e:\projetoscm5\frontoffice\fontes\fmesclahospede.dfm, OK
e:\projetoscm5\frontoffice\fontes\fmostradatasfrac.dfm, OK
e:\projetoscm5\frontoffice\fontes\fmotivos.dfm, OK
e:\projetoscm5\frontoffice\fontes\fnewcontrato.dfm, OK
e:\projetoscm5\frontoffice\fontes\fobjetosemprestados.dfm, OK
e:\projetoscm5\frontoffice\fontes\focupacaoreceita.dfm, OK
e:\projetoscm5\frontoffice\fontes\foperacaomilhagem.dfm, OK
e:\projetoscm5\frontoffice\fontes\foutroshoteis.dfm, OK
e:\projetoscm5\frontoffice\fontes\fpacotehotel.dfm, OK
e:\projetoscm5\frontoffice\fontes\fparamhotel.dfm, OK
e:\projetoscm5\frontoffice\fontes\fprincipal.dfm, OK
e:\projetoscm5\frontoffice\fontes\freservcontdlg.dfm, OK
e:\projetoscm5\frontoffice\fontes\fresumo.dfm, OK
e:\projetoscm5\frontoffice\fontes\fselcliente.dfm, OK
e:\projetoscm5\frontoffice\fontes\fselecionacodigosnf.dfm, OK
e:\projetoscm5\frontoffice\fontes\fstatusgov.dfm, OK
e:\projetoscm5\frontoffice\fontes\fstatusgovernanca.dfm, OK
e:\projetoscm5\frontoffice\fontes\ftiposresgate.dfm, OK
e:\projetoscm5\frontoffice\fontes\fuhbloqueio.dfm, OK
e:\projetoscm5\frontoffice\fontes\fvisitas.dfm, OK
e:\projetoscm5\frontoffice\fontes\fvisitasmt.dfm, OK
e:\projetoscm5\frontoffice\fontes\fwalkin.dfm, OK
e:\projetoscm5\frontoffice\fontes\umain.dfm, OK
e:\projetoscm5\frontoffice\objetosqry\controle\fimp.dfm, OK
e:\projetoscm5\frontoffice\objetosqry\controle\unit1.dfm, OK
e:\projetoscm5\frontoffice\objetosqry\dominio\dcontrlancpdv.dfm, OK
e:\projetoscm5\frontoffice\objetosqry\dominio\dquery.dfm, OK
e:\projetoscm5\frontoffice\objetosqry\dominio\unit1.dfm, OK
e:\projetoscm5\frontoffice\objetosqry\interface\cópia de fagendares.dfm, OK
e:\projetoscm5\frontoffice\objetosqry\interface\cópia de fcxoperacaoimpextrato.dfm, OK
e:\projetoscm5\frontoffice\objetosqry\interface\ddisp.dfm, OK
e:\projetoscm5\frontoffice\objetosqry\interface\fagendares.dfm, OK
e:\projetoscm5\frontoffice\objetosqry\interface\fagendareserva.dfm, OK
e:\projetoscm5\frontoffice\objetosqry\interface\falteradiaria.dfm, OK
e:\projetoscm5\frontoffice\objetosqry\interface\falterauh.dfm, OK
e:\projetoscm5\frontoffice\objetosqry\interface\faltpercdiariadlg.dfm, OK
e:\projetoscm5\frontoffice\objetosqry\interface\fatendnefetiv.dfm, OK
e:\projetoscm5\frontoffice\objetosqry\interface\fauditorianoturna.dfm, OK
e:\projetoscm5\frontoffice\objetosqry\interface\fbloqueiouh_sg.dfm, OK
e:\projetoscm5\frontoffice\objetosqry\interface\fbuscauh.dfm, OK
e:\projetoscm5\frontoffice\objetosqry\interface\fcadhospede.dfm, OK
e:\projetoscm5\frontoffice\objetosqry\interface\fcalendariotarifa.dfm, OK
e:\projetoscm5\frontoffice\objetosqry\interface\fcheckin.dfm, OK
e:\projetoscm5\frontoffice\objetosqry\interface\fcontascomproblema.dfm, OK
e:\projetoscm5\frontoffice\objetosqry\interface\fcontato.dfm, OK
e:\projetoscm5\frontoffice\objetosqry\interface\fcxcontas.dfm, OK
e:\projetoscm5\frontoffice\objetosqry\interface\fcxdirecionadesp.dfm, OK
e:\projetoscm5\frontoffice\objetosqry\interface\fcxdirecionadespgrp.dfm, OK
e:\projetoscm5\frontoffice\objetosqry\interface\fcxoperacao.dfm, OK
e:\projetoscm5\frontoffice\objetosqry\interface\fcxoperacaocabnota.dfm, OK
e:\projetoscm5\frontoffice\objetosqry\interface\fcxoperacaocancnota.dfm, OK
e:\projetoscm5\frontoffice\objetosqry\interface\fcxoperacaoencconta.dfm, OK
e:\projetoscm5\frontoffice\objetosqry\interface\fcxoperacaoimpextrato.dfm, OK
e:\projetoscm5\frontoffice\objetosqry\interface\fcxoperacaoimpnota.dfm, OK
e:\projetoscm5\frontoffice\objetosqry\interface\fcxoperacaoimpnotacabecalho.dfm, OK
e:\projetoscm5\frontoffice\objetosqry\interface\fcxoperacaolancencerra.dfm, OK
e:\projetoscm5\frontoffice\objetosqry\interface\fcxoperacaonovaconta.dfm, OK
e:\projetoscm5\frontoffice\objetosqry\interface\fdesposito.dfm, OK
e:\projetoscm5\frontoffice\objetosqry\interface\fdetalhelancamentopdv.dfm, OK
e:\projetoscm5\frontoffice\objetosqry\interface\fdispuh.dfm, OK
e:\projetoscm5\frontoffice\objetosqry\interface\fdoublebook.dfm, OK
e:\projetoscm5\frontoffice\objetosqry\interface\feditarinstrutivo.dfm, OK
e:\projetoscm5\frontoffice\objetosqry\interface\fentradahosp.dfm, OK
e:\projetoscm5\frontoffice\objetosqry\interface\fevprogramados.dfm, OK
e:\projetoscm5\frontoffice\objetosqry\interface\ffiltrohotel.dfm, OK
e:\projetoscm5\frontoffice\objetosqry\interface\fimpfichahospede.dfm, OK
e:\projetoscm5\frontoffice\objetosqry\interface\fimpfichahospedemes.dfm, OK
e:\projetoscm5\frontoffice\objetosqry\interface\finfotarifa.dfm, OK
e:\projetoscm5\frontoffice\objetosqry\interface\finserecartao.dfm, OK
e:\projetoscm5\frontoffice\objetosqry\interface\finsresindgrp.dfm, OK
e:\projetoscm5\frontoffice\objetosqry\interface\finstgrupo.dfm, OK
e:\projetoscm5\frontoffice\objetosqry\interface\flancadiaria.dfm, OK
e:\projetoscm5\frontoffice\objetosqry\interface\flancafrigcaixa.dfm, OK
e:\projetoscm5\frontoffice\objetosqry\interface\flegendadispuh.dfm, OK
e:\projetoscm5\frontoffice\objetosqry\interface\flegendastatus.dfm, OK
e:\projetoscm5\frontoffice\objetosqry\interface\flogcheckingrp.dfm, OK
e:\projetoscm5\frontoffice\objetosqry\interface\flogreserva.dfm, OK
e:\projetoscm5\frontoffice\objetosqry\interface\fmensagemhospede.dfm, OK
e:\projetoscm5\frontoffice\objetosqry\interface\fmensagens.dfm, OK
e:\projetoscm5\frontoffice\objetosqry\interface\fmostracontratos.dfm, OK
e:\projetoscm5\frontoffice\objetosqry\interface\fmostradiaria.dfm, OK
e:\projetoscm5\frontoffice\objetosqry\interface\fmotivos.dfm, OK
e:\projetoscm5\frontoffice\objetosqry\interface\fmudarstatus.dfm, OK
e:\projetoscm5\frontoffice\objetosqry\interface\fnovares.dfm, OK
e:\projetoscm5\frontoffice\objetosqry\interface\fobs.dfm, OK
e:\projetoscm5\frontoffice\objetosqry\interface\foperacaodispuh.dfm, OK
e:\projetoscm5\frontoffice\objetosqry\interface\fpinpassword.dfm, OK
e:\projetoscm5\frontoffice\objetosqry\interface\frequerimentos.dfm, OK
e:\projetoscm5\frontoffice\objetosqry\interface\fresdisp.dfm, OK
e:\projetoscm5\frontoffice\objetosqry\interface\fresdispbck.dfm, OK
e:\projetoscm5\frontoffice\objetosqry\interface\fresdispcr.dfm, OK
e:\projetoscm5\frontoffice\objetosqry\interface\freserva.dfm, OK
e:\projetoscm5\frontoffice\objetosqry\interface\freservadisp.dfm, OK
e:\projetoscm5\frontoffice\objetosqry\interface\fresgrp.dfm, OK
e:\projetoscm5\frontoffice\objetosqry\interface\frestricaoperiodo.dfm, OK
e:\projetoscm5\frontoffice\objetosqry\interface\froomlist.dfm, OK
e:\projetoscm5\frontoffice\objetosqry\interface\fsaidahosp.dfm, OK
e:\projetoscm5\frontoffice\objetosqry\interface\fselecaogeral.dfm, OK
e:\projetoscm5\frontoffice\objetosqry\interface\fselecaolanc.dfm, OK
e:\projetoscm5\frontoffice\objetosqry\interface\fselecionarhotel.dfm, OK
e:\projetoscm5\frontoffice\objetosqry\interface\fselecionaserienota.dfm, OK
e:\projetoscm5\frontoffice\objetosqry\interface\fselgrupo.dfm, OK
e:\projetoscm5\frontoffice\objetosqry\interface\fselhospchave.dfm, OK
e:\projetoscm5\frontoffice\objetosqry\interface\fselhospchkgrp.dfm, OK
e:\projetoscm5\frontoffice\objetosqry\interface\fselhospede.dfm, OK
e:\projetoscm5\frontoffice\objetosqry\interface\fselhotel.dfm, OK
e:\projetoscm5\frontoffice\objetosqry\interface\fslipdlg.dfm, OK
e:\projetoscm5\frontoffice\objetosqry\interface\fsplitlancamento.dfm, OK
e:\projetoscm5\frontoffice\objetosqry\interface\fsugeretarifa.dfm, OK
e:\projetoscm5\frontoffice\objetosqry\interface\ftiporesgateres.dfm, OK
e:\projetoscm5\frontoffice\objetosqry\interface\fverificachaves.dfm, OK
e:\projetoscm5\frontoffice\objetosqry\interface\fwalkin.dfm, OK
e:\projetoscm5\frontoffice\objetosqry\interface\unit1.dfm, OK
e:\projetoscm5\frontoffice\objetosqry\relatorios\cópia de dtmreportscxoperacao.dfm, OK
e:\projetoscm5\frontoffice\objetosqry\relatorios\drcaixa.dfm, OK
e:\projetoscm5\frontoffice\objetosqry\relatorios\drestatistica.dfm, OK
e:\projetoscm5\frontoffice\objetosqry\relatorios\dreventos.dfm, OK
e:\projetoscm5\frontoffice\objetosqry\relatorios\drfront.dfm, OK
e:\projetoscm5\frontoffice\objetosqry\relatorios\drgeren.dfm, OK
e:\projetoscm5\frontoffice\objetosqry\relatorios\drgov.dfm, OK
e:\projetoscm5\frontoffice\objetosqry\relatorios\drrecep.dfm, OK
e:\projetoscm5\frontoffice\objetosqry\relatorios\drrecep1.dfm, OK
e:\projetoscm5\frontoffice\objetosqry\relatorios\drslip.dfm, OK
e:\projetoscm5\frontoffice\objetosqry\relatorios\drslipgrp.dfm, OK
e:\projetoscm5\frontoffice\objetosqry\relatorios\drslipinstrutivo.dfm, OK
e:\projetoscm5\frontoffice\objetosqry\relatorios\drslipintext.dfm, OK
e:\projetoscm5\frontoffice\objetosqry\relatorios\drvendas.dfm, OK
e:\projetoscm5\frontoffice\objetosqry\relatorios\dtmreportscxoperacao.dfm, OK
e:\projetoscm5\frontoffice\objetosqry\relatorios\fanalise.dfm, OK
e:\projetoscm5\frontoffice\objetosqry\relatorios\fanalisefiltro.dfm, OK
e:\projetoscm5\frontoffice\objetosqry\relatorios\fdecisioncube.dfm, OK
e:\projetoscm5\frontoffice\objetosqry\relatorios\fdxgrid.dfm, OK
e:\projetoscm5\frontoffice\objetosqry\relatorios\fgrafico.dfm, OK
e:\projetoscm5\frontoffice\objetosqry\relatorios\fgraficoocup.dfm, OK
e:\projetoscm5\frontoffice\objetosqry\relatorios\fparamagendadia.dfm, OK
e:\projetoscm5\frontoffice\objetosqry\relatorios\fparamallotment.dfm, OK
e:\projetoscm5\frontoffice\objetosqry\relatorios\fparamanaldiscrep.dfm, OK
e:\projetoscm5\frontoffice\objetosqry\relatorios\fparamanalnota.dfm, OK
e:\projetoscm5\frontoffice\objetosqry\relatorios\fparamborddebcred.dfm, OK
e:\projetoscm5\frontoffice\objetosqry\relatorios\fparamcambio.dfm, OK
e:\projetoscm5\frontoffice\objetosqry\relatorios\fparamcanceladas.dfm, OK
e:\projetoscm5\frontoffice\objetosqry\relatorios\fparamchartgrupo.dfm, OK
e:\projetoscm5\frontoffice\objetosqry\relatorios\fparamchartreservas.dfm, OK
e:\projetoscm5\frontoffice\objetosqry\relatorios\fparamcheckins.dfm, OK
e:\projetoscm5\frontoffice\objetosqry\relatorios\fparamcheckouts.dfm, OK
e:\projetoscm5\frontoffice\objetosqry\relatorios\fparamchegprev.dfm, OK
e:\projetoscm5\frontoffice\objetosqry\relatorios\fparamcidade.dfm, OK
e:\projetoscm5\frontoffice\objetosqry\relatorios\fparamcliente.dfm, OK
e:\projetoscm5\frontoffice\objetosqry\relatorios\fparamclientetarifa.dfm, OK
e:\projetoscm5\frontoffice\objetosqry\relatorios\fparamcomissaofront.dfm, OK
e:\projetoscm5\frontoffice\objetosqry\relatorios\fparamcortesia.dfm, OK
e:\projetoscm5\frontoffice\objetosqry\relatorios\fparamcrosssales.dfm, OK
e:\projetoscm5\frontoffice\objetosqry\relatorios\fparamdecisioncube.dfm, OK
e:\projetoscm5\frontoffice\objetosqry\relatorios\fparamdemoocup.dfm, OK
e:\projetoscm5\frontoffice\objetosqry\relatorios\fparamdiasemana.dfm, OK
e:\projetoscm5\frontoffice\objetosqry\relatorios\fparamdiaspool.dfm, OK
e:\projetoscm5\frontoffice\objetosqry\relatorios\fparamdiscrep.dfm, OK
e:\projetoscm5\frontoffice\objetosqry\relatorios\fparamdxgrid.dfm, OK
e:\projetoscm5\frontoffice\objetosqry\relatorios\fparamestatgrupo.dfm, OK
e:\projetoscm5\frontoffice\objetosqry\relatorios\fparamestcli.dfm, OK
e:\projetoscm5\frontoffice\objetosqry\relatorios\fparamestdesc.dfm, OK
e:\projetoscm5\frontoffice\objetosqry\relatorios\fparamesthot.dfm, OK
e:\projetoscm5\frontoffice\objetosqry\relatorios\fparamestper.dfm, OK
e:\projetoscm5\frontoffice\objetosqry\relatorios\fparamestpro.dfm, OK
e:\projetoscm5\frontoffice\objetosqry\relatorios\fparamhistalt.dfm, OK
e:\projetoscm5\frontoffice\objetosqry\relatorios\fparamhospcasa.dfm, OK
e:\projetoscm5\frontoffice\objetosqry\relatorios\fparamhospcurso.dfm, OK
e:\projetoscm5\frontoffice\objetosqry\relatorios\fparamhospgrupo.dfm, OK
e:\projetoscm5\frontoffice\objetosqry\relatorios\fparamhotel.dfm, OK
e:\projetoscm5\frontoffice\objetosqry\relatorios\fparamlanctransf.dfm, OK
e:\projetoscm5\frontoffice\objetosqry\relatorios\fparamlocalidade.dfm, OK
e:\projetoscm5\frontoffice\objetosqry\relatorios\fparammeiocomunic.dfm, OK
e:\projetoscm5\frontoffice\objetosqry\relatorios\fparamminimapa.dfm, OK
e:\projetoscm5\frontoffice\objetosqry\relatorios\fparamocup.dfm, OK
e:\projetoscm5\frontoffice\objetosqry\relatorios\fparamorigreserva.dfm, OK
e:\projetoscm5\frontoffice\objetosqry\relatorios\fparamoutroshoteis.dfm, OK
e:\projetoscm5\frontoffice\objetosqry\relatorios\fparampoolflutuante.dfm, OK
e:\projetoscm5\frontoffice\objetosqry\relatorios\fparamposto.dfm, OK
e:\projetoscm5\frontoffice\objetosqry\relatorios\fparamprevocup.dfm, OK
e:\projetoscm5\frontoffice\objetosqry\relatorios\fparamprevocup2.dfm, OK
e:\projetoscm5\frontoffice\objetosqry\relatorios\fparampromotor.dfm, OK
e:\projetoscm5\frontoffice\objetosqry\relatorios\fparamrds.dfm, OK
e:\projetoscm5\frontoffice\objetosqry\relatorios\fparamreceitaocup.dfm, OK
e:\projetoscm5\frontoffice\objetosqry\relatorios\fparamrecpag.dfm, OK
e:\projetoscm5\frontoffice\objetosqry\relatorios\fparamresativ.dfm, OK
e:\projetoscm5\frontoffice\objetosqry\relatorios\fparamresativanual.dfm, OK
e:\projetoscm5\frontoffice\objetosqry\relatorios\fparamreservasperiodo.dfm, OK
e:\projetoscm5\frontoffice\objetosqry\relatorios\fparamresidenciaestado.dfm, OK
e:\projetoscm5\frontoffice\objetosqry\relatorios\fparamresidenciapais.dfm, OK
e:\projetoscm5\frontoffice\objetosqry\relatorios\fparamroomlist.dfm, OK
e:\projetoscm5\frontoffice\objetosqry\relatorios\fparamsalcontadc.dfm, OK
e:\projetoscm5\frontoffice\objetosqry\relatorios\fparamsalcontas.dfm, OK
e:\projetoscm5\frontoffice\objetosqry\relatorios\fparamsaldohosp.dfm, OK
e:\projetoscm5\frontoffice\objetosqry\relatorios\fparamsegmento.dfm, OK
e:\projetoscm5\frontoffice\objetosqry\relatorios\fparamsinalreserva.dfm, OK
e:\projetoscm5\frontoffice\objetosqry\relatorios\fparamsintnota.dfm, OK
e:\projetoscm5\frontoffice\objetosqry\relatorios\fparamsituh.dfm, OK
e:\projetoscm5\frontoffice\objetosqry\relatorios\fparamsumdc.dfm, OK
e:\projetoscm5\frontoffice\objetosqry\relatorios\fparamuhbloq.dfm, OK
e:\projetoscm5\frontoffice\objetosqry\relatorios\fparamveiculocomunic.dfm, OK
e:\projetoscm5\frontoffice\objetosqry\relatorios\fparamvisitasdata.dfm, OK
e:\projetoscm5\frontoffice\objetosqry\relatorios\fparamvisitasempresa.dfm, OK
e:\projetoscm5\frontoffice\objetosqry\relatorios\fparamvisitasformulario.dfm, OK
e:\projetoscm5\frontoffice\objetosqry\relatorios\fstatusgovernanca.dfm, OK
e:\projetoscm5\frontoffice\objetosqry\relatorios\prjrelatorios.dfm, OK
e:\projetoscm5\frontoffice\objetosqry\relatorios\unit1.dfm, OK
e:\projetoscm5\frontoffice\objetosqry\relatorios\urelat.dfm, OK
e:\projetoscm5\frontoffice\objetosqry\relatorios\caixa\source\drcaixaanalnota.dfm, OK
e:\projetoscm5\frontoffice\objetosqry\relatorios\caixa\source\drcaixaborddebcred.dfm, OK
e:\projetoscm5\frontoffice\objetosqry\relatorios\caixa\source\drcaixaestdesc.dfm, OK
e:\projetoscm5\frontoffice\objetosqry\relatorios\caixa\source\drcaixahospcurso.dfm, OK
e:\projetoscm5\frontoffice\objetosqry\relatorios\caixa\source\drcaixalanctransf.dfm, OK
e:\projetoscm5\frontoffice\objetosqry\relatorios\caixa\source\drcaixarecpag.dfm, OK
e:\projetoscm5\frontoffice\objetosqry\relatorios\caixa\source\drcaixasalcontasdc.dfm, OK
e:\projetoscm5\frontoffice\objetosqry\relatorios\caixa\source\drcaixasaldodascontas.dfm, OK
e:\projetoscm5\frontoffice\objetosqry\relatorios\caixa\source\drcaixasalhosp.dfm, OK
e:\projetoscm5\frontoffice\objetosqry\relatorios\caixa\source\drcaixasinalreserva.dfm, OK
e:\projetoscm5\frontoffice\objetosqry\relatorios\caixa\source\drsintnota.dfm, OK
e:\projetoscm5\frontoffice\objetosqry\relatorios\estatisticos\source\drestcliente.dfm, OK
e:\projetoscm5\frontoffice\objetosqry\relatorios\estatisticos\source\drestclientemensal.dfm, OK
e:\projetoscm5\frontoffice\objetosqry\relatorios\estatisticos\source\drestmeiocomunic.dfm, OK
e:\projetoscm5\frontoffice\objetosqry\relatorios\estatisticos\source\drestmensal.dfm, OK
e:\projetoscm5\frontoffice\objetosqry\relatorios\estatisticos\source\drestorigemres.dfm, OK
e:\projetoscm5\frontoffice\objetosqry\relatorios\estatisticos\source\drestposto.dfm, OK
e:\projetoscm5\frontoffice\objetosqry\relatorios\estatisticos\source\drestpromotor.dfm, OK
e:\projetoscm5\frontoffice\objetosqry\relatorios\estatisticos\source\drestpromotorposto.dfm, OK
e:\projetoscm5\frontoffice\objetosqry\relatorios\estatisticos\source\drestreshospcidade.dfm, OK
e:\projetoscm5\frontoffice\objetosqry\relatorios\estatisticos\source\drestreshospestado.dfm, OK
e:\projetoscm5\frontoffice\objetosqry\relatorios\estatisticos\source\drestreshosppais.dfm, OK
e:\projetoscm5\frontoffice\objetosqry\relatorios\estatisticos\source\drestsegmento.dfm, OK
e:\projetoscm5\frontoffice\objetosqry\relatorios\estatisticos\source\drestveiculocomunic.dfm, OK
e:\projetoscm5\frontoffice\objetosqry\relatorios\front\source\drfronagendadia.dfm, OK
e:\projetoscm5\frontoffice\objetosqry\relatorios\front\source\drfronatributouh.dfm, OK
e:\projetoscm5\frontoffice\objetosqry\relatorios\front\source\drfroncambiohotel.dfm, OK
e:\projetoscm5\frontoffice\objetosqry\relatorios\front\source\drfronclasseuh.dfm, OK
e:\projetoscm5\frontoffice\objetosqry\relatorios\front\source\drfronclientetarifa.dfm, OK
e:\projetoscm5\frontoffice\objetosqry\relatorios\front\source\drfrondocconfirmahotel.dfm, OK
e:\projetoscm5\frontoffice\objetosqry\relatorios\front\source\drfronfaixaetaria.dfm, OK
e:\projetoscm5\frontoffice\objetosqry\relatorios\front\source\drfrongrupodebcred.dfm, OK
e:\projetoscm5\frontoffice\objetosqry\relatorios\front\source\drfrongrupouh.dfm, OK
e:\projetoscm5\frontoffice\objetosqry\relatorios\front\source\drfronidiomas.dfm, OK
e:\projetoscm5\frontoffice\objetosqry\relatorios\front\source\drfronimpostohotel.dfm, OK
e:\projetoscm5\frontoffice\objetosqry\relatorios\front\source\drfronlocalizacaouh.dfm, OK
e:\projetoscm5\frontoffice\objetosqry\relatorios\front\source\drfronmeiocomunicacao.dfm, OK
e:\projetoscm5\frontoffice\objetosqry\relatorios\front\source\drfronorigemreserva.dfm, OK
e:\projetoscm5\frontoffice\objetosqry\relatorios\front\source\drfronpacotehotel.dfm, OK
e:\projetoscm5\frontoffice\objetosqry\relatorios\front\source\drfronproprietario.dfm, OK
e:\projetoscm5\frontoffice\objetosqry\relatorios\front\source\drfronsegmento.dfm, OK
e:\projetoscm5\frontoffice\objetosqry\relatorios\front\source\drfronservicoshotel.dfm, OK
e:\projetoscm5\frontoffice\objetosqry\relatorios\front\source\drfrontarifahotel.dfm, OK
e:\projetoscm5\frontoffice\objetosqry\relatorios\front\source\drfrontipocliente.dfm, OK
e:\projetoscm5\frontoffice\objetosqry\relatorios\front\source\drfrontipocontahotel.dfm, OK
e:\projetoscm5\frontoffice\objetosqry\relatorios\front\source\drfrontipodebcred.dfm, OK
e:\projetoscm5\frontoffice\objetosqry\relatorios\front\source\drfrontipogrupo.dfm, OK
e:\projetoscm5\frontoffice\objetosqry\relatorios\front\source\drfrontipohospede.dfm, OK
e:\projetoscm5\frontoffice\objetosqry\relatorios\front\source\drfrontipopontos.dfm, OK
e:\projetoscm5\frontoffice\objetosqry\relatorios\front\source\drfrontipouh.dfm, OK
e:\projetoscm5\frontoffice\objetosqry\relatorios\front\source\drfronuh.dfm, OK
e:\projetoscm5\frontoffice\objetosqry\relatorios\front\source\drfronveiculocomunicacao.dfm, OK
e:\projetoscm5\frontoffice\objetosqry\relatorios\gerenciais\source\drgerencomissao.dfm, OK
e:\projetoscm5\frontoffice\objetosqry\relatorios\gerenciais\source\drgerenrds.dfm, OK
e:\projetoscm5\frontoffice\objetosqry\relatorios\gerenciais\source\drgerenreceitaocup.dfm, OK
e:\projetoscm5\frontoffice\objetosqry\relatorios\gerenciais\source\drgerenresativ.dfm, OK
e:\projetoscm5\frontoffice\objetosqry\relatorios\gerenciais\source\drgerenresativanual.dfm, OK
e:\projetoscm5\frontoffice\objetosqry\relatorios\gerenciais\source\drgerenresultcoml.dfm, OK
e:\projetoscm5\frontoffice\objetosqry\relatorios\gerenciais\source\drgerensumdc.dfm, OK
e:\projetoscm5\frontoffice\objetosqry\relatorios\governanca\source\drgovachadoseperdidos.dfm, OK
e:\projetoscm5\frontoffice\objetosqry\relatorios\governanca\source\drgovanaldiscrep.dfm, OK
e:\projetoscm5\frontoffice\objetosqry\relatorios\governanca\source\drgovarrumadeira.dfm, OK
e:\projetoscm5\frontoffice\objetosqry\relatorios\governanca\source\drgovdiscrep.dfm, OK
e:\projetoscm5\frontoffice\objetosqry\relatorios\governanca\source\drgovenxoval.dfm, OK
e:\projetoscm5\frontoffice\objetosqry\relatorios\governanca\source\drgovestadouh.dfm, OK
e:\projetoscm5\frontoffice\objetosqry\relatorios\governanca\source\drgovobjetosparaemprestimo.dfm, OK
e:\projetoscm5\frontoffice\objetosqry\relatorios\governanca\source\drgovroomstatus.dfm, OK
e:\projetoscm5\frontoffice\objetosqry\relatorios\governanca\source\drgovservcod.dfm, OK
e:\projetoscm5\frontoffice\objetosqry\relatorios\governanca\source\drgovstatusgovfull.dfm, OK
e:\projetoscm5\frontoffice\objetosqry\relatorios\governanca\source\drgovtipoenxoval.dfm, OK
e:\projetoscm5\frontoffice\objetosqry\relatorios\governanca\source\drgovuhbloq.dfm, OK
e:\projetoscm5\frontoffice\objetosqry\relatorios\recepcao\source\drrecepallotment.dfm, OK
e:\projetoscm5\frontoffice\objetosqry\relatorios\recepcao\source\drrecepcanceladas.dfm, OK
e:\projetoscm5\frontoffice\objetosqry\relatorios\recepcao\source\drrecepchart.dfm, OK
e:\projetoscm5\frontoffice\objetosqry\relatorios\recepcao\source\drrecepchartgrupo.dfm, OK
e:\projetoscm5\frontoffice\objetosqry\relatorios\recepcao\source\drrecepcheckins.dfm, OK
e:\projetoscm5\frontoffice\objetosqry\relatorios\recepcao\source\drrecepcheckouts.dfm, OK
e:\projetoscm5\frontoffice\objetosqry\relatorios\recepcao\source\drrecepcortesia.dfm, OK
e:\projetoscm5\frontoffice\objetosqry\relatorios\recepcao\source\drrecepdemoocup.dfm, OK
e:\projetoscm5\frontoffice\objetosqry\relatorios\recepcao\source\drrecepdiaspool.dfm, OK
e:\projetoscm5\frontoffice\objetosqry\relatorios\recepcao\source\drrecepextensoes.dfm, OK
e:\projetoscm5\frontoffice\objetosqry\relatorios\recepcao\source\drrecephistalt.dfm, OK
e:\projetoscm5\frontoffice\objetosqry\relatorios\recepcao\source\drrecephospedesnacasa.dfm, OK
e:\projetoscm5\frontoffice\objetosqry\relatorios\recepcao\source\drrecephospgrupo.dfm, OK
e:\projetoscm5\frontoffice\objetosqry\relatorios\recepcao\source\drreceplocalidade.dfm, OK
e:\projetoscm5\frontoffice\objetosqry\relatorios\recepcao\source\drrecepminimapa.dfm, OK
e:\projetoscm5\frontoffice\objetosqry\relatorios\recepcao\source\drrecepmudancauh.dfm, OK
e:\projetoscm5\frontoffice\objetosqry\relatorios\recepcao\source\drrecepocupacao.dfm, OK
e:\projetoscm5\frontoffice\objetosqry\relatorios\recepcao\source\drreceppoolflut.dfm, OK
e:\projetoscm5\frontoffice\objetosqry\relatorios\recepcao\source\drrecepprevocup.dfm, OK
e:\projetoscm5\frontoffice\objetosqry\relatorios\recepcao\source\drrecepprevocup2.dfm, OK
e:\projetoscm5\frontoffice\objetosqry\relatorios\recepcao\source\drrecepreservascheg.dfm, OK
e:\projetoscm5\frontoffice\objetosqry\relatorios\recepcao\source\drrecepreservasper.dfm, OK
e:\projetoscm5\frontoffice\objetosqry\relatorios\recepcao\source\drreceproomlist.dfm, OK
e:\projetoscm5\frontoffice\objetosqry\relatorios\recepcao\source\drrecepsituh.dfm, OK
e:\projetoscm5\frontoffice\objetosqry\relatorios\visita\source\drvisagendatel.dfm, OK
e:\projetoscm5\frontoffice\objetosqry\relatorios\visita\source\drviscrosssales.dfm, OK
e:\projetoscm5\frontoffice\objetosqry\relatorios\visita\source\drvisformulario.dfm, OK
e:\projetoscm5\frontoffice\objetosqry\relatorios\visita\source\drvismaladireta.dfm, OK
e:\projetoscm5\frontoffice\objetosqry\relatorios\visita\source\drvisocuprec.dfm, OK
e:\projetoscm5\frontoffice\objetosqry\relatorios\visita\source\drvisoutroshoteis.dfm, OK
e:\projetoscm5\frontoffice\objetosqry\relatorios\visita\source\drvisvisitasdata.dfm, OK
e:\projetoscm5\frontoffice\objetosqry\relatorios\visita\source\drvisvisitasempresa.dfm, OK
e:\projetoscm5\frontoffice\objetosqry\util\unit1.dfm, OK
e:\projetoscm5\cforms\fontes\dcapcar.dfm, OK
e:\projetoscm5\cforms\fontes\drelatorioscapcar.dfm, OK
e:\projetoscm5\cforms\fontes\drelatorioscapcar2.dfm, OK
e:\projetoscm5\cforms\fontes\drelatorioscapcar3.dfm, OK
e:\projetoscm5\cforms\fontes\fagrupadoc.dfm, OK
e:\projetoscm5\cforms\fontes\fajustesaldolancamento.dfm, OK
e:\projetoscm5\cforms\fontes\faltdadosbancdoc.dfm, OK
e:\projetoscm5\cforms\fontes\falteraagrupadoc.dfm, OK
e:\projetoscm5\cforms\fontes\falteraexcluipagto.dfm, OK
e:\projetoscm5\cforms\fontes\falteraval.dfm, OK
e:\projetoscm5\cforms\fontes\falteravenc.dfm, OK
e:\projetoscm5\cforms\fontes\fatualizaoperacao.dfm, OK
e:\projetoscm5\cforms\fontes\fbaixamanual.dfm, OK
e:\projetoscm5\cforms\fontes\fcadalteradores.dfm, OK
e:\projetoscm5\cforms\fontes\fcadcertifretencao.dfm, OK
e:\projetoscm5\cforms\fontes\fcadcladfisclifor.dfm, OK
e:\projetoscm5\cforms\fontes\fcadimpagreg.dfm, OK
e:\projetoscm5\cforms\fontes\fcadusuxtpdpcto.dfm, OK
e:\projetoscm5\cforms\fontes\fconfigfatnotarecibo.dfm, OK
e:\projetoscm5\cforms\fontes\fconfigrecibo.dfm, OK
e:\projetoscm5\cforms\fontes\fconsforn.dfm, OK
e:\projetoscm5\cforms\fontes\fconsplanprev.dfm, OK
e:\projetoscm5\cforms\fontes\fconsultadoc.dfm, OK
e:\projetoscm5\cforms\fontes\fcontrvalrecpag.dfm, OK
e:\projetoscm5\cforms\fontes\fdocpagoxlotes.dfm, OK
e:\projetoscm5\cforms\fontes\festadiantamento.dfm, OK
e:\projetoscm5\cforms\fontes\festbaixas.dfm, OK
e:\projetoscm5\cforms\fontes\festornocapcar.dfm, OK
e:\projetoscm5\cforms\fontes\ffaixadedatas.dfm, OK
e:\projetoscm5\cforms\fontes\fgeraarqdos.dfm, OK
e:\projetoscm5\cforms\fontes\fgeraarqexportacao.dfm, OK
e:\projetoscm5\cforms\fontes\fgeraarqtransf.dfm, OK
e:\projetoscm5\cforms\fontes\fimportalancamento.dfm, OK
e:\projetoscm5\cforms\fontes\findicadata.dfm, OK
e:\projetoscm5\cforms\fontes\flancalteradores.dfm, OK
e:\projetoscm5\cforms\fontes\flancdoccapcar.dfm, OK
e:\projetoscm5\cforms\fontes\flistaretencoes.dfm, OK
e:\projetoscm5\cforms\fontes\fmensagemcnab.dfm, OK
e:\projetoscm5\cforms\fontes\fparamadiantamento.dfm, OK
e:\projetoscm5\cforms\fontes\fparamapgr.dfm, OK
e:\projetoscm5\cforms\fontes\fparamapgr3.dfm, OK
e:\projetoscm5\cforms\fontes\fparamaprovadocs.dfm, OK
e:\projetoscm5\cforms\fontes\fparamatosgestpag.dfm, OK
e:\projetoscm5\cforms\fontes\fparamcap.dfm, OK
e:\projetoscm5\cforms\fontes\fparamcapcontab.dfm, OK
e:\projetoscm5\cforms\fontes\fparamcartacob.dfm, OK
e:\projetoscm5\cforms\fontes\fparamccforcli.dfm, OK
e:\projetoscm5\cforms\fontes\fparamcontabdia.dfm, OK
e:\projetoscm5\cforms\fontes\fparamcrxdesemb.dfm, OK
e:\projetoscm5\cforms\fontes\fparamdiarioaux.dfm, OK
e:\projetoscm5\cforms\fontes\fparamdocabertos.dfm, OK
e:\projetoscm5\cforms\fontes\fparamdocdataprog.dfm, OK
e:\projetoscm5\cforms\fontes\fparamemischeque.dfm, OK
e:\projetoscm5\cforms\fontes\fparamemisetiq.dfm, OK
e:\projetoscm5\cforms\fontes\fparamemissbordero.dfm, OK
e:\projetoscm5\cforms\fontes\fparamfichapag.dfm, OK
e:\projetoscm5\cforms\fontes\fparamlancalt.dfm, OK
e:\projetoscm5\cforms\fontes\fparamlancap.dfm, OK
e:\projetoscm5\cforms\fontes\fparamlancdoc.dfm, OK
e:\projetoscm5\cforms\fontes\fparamlistaemisscheque.dfm, OK
e:\projetoscm5\cforms\fontes\fparamlote.dfm, OK
e:\projetoscm5\cforms\fontes\fparamlotexbanco.dfm, OK
e:\projetoscm5\cforms\fontes\fparammaioresforncli.dfm, OK
e:\projetoscm5\cforms\fontes\fparamplanprev.dfm, OK
e:\projetoscm5\cforms\fontes\fparamposiforncli.dfm, OK
e:\projetoscm5\cforms\fontes\fparamposisaldos.dfm, OK
e:\projetoscm5\cforms\fontes\fparamprevobra.dfm, OK
e:\projetoscm5\cforms\fontes\fparamrecdesefet.dfm, OK
e:\projetoscm5\cforms\fontes\fparamrecencargos.dfm, OK
e:\projetoscm5\cforms\fontes\fparamrelautpag.dfm, OK
e:\projetoscm5\cforms\fontes\fparamrelemissbloq.dfm, OK
e:\projetoscm5\cforms\fontes\fparamrellanccontab.dfm, OK
e:\projetoscm5\cforms\fontes\fparamslip.dfm, OK
e:\projetoscm5\cforms\fontes\fparamtipodesemb.dfm, OK
e:\projetoscm5\cforms\fontes\fparamtransfcontab.dfm, OK
e:\projetoscm5\cforms\fontes\fparamvaloresrecpag.dfm, OK
e:\projetoscm5\cforms\fontes\fpgrecxpagto.dfm, OK
e:\projetoscm5\cforms\fontes\fpmanual.dfm, OK
e:\projetoscm5\cforms\fontes\fportadorforma.dfm, OK
e:\projetoscm5\cforms\fontes\fposifornxrespon.dfm, OK
e:\projetoscm5\cforms\fontes\fprocuraclifor.dfm, OK
e:\projetoscm5\cforms\fontes\fprocuraclifordlg.dfm, OK
e:\projetoscm5\cforms\fontes\fregadto.dfm, OK
e:\projetoscm5\cforms\fontes\freglancfianc.dfm, OK
e:\projetoscm5\cforms\fontes\fregprevadianto.dfm, OK
e:\projetoscm5\cforms\fontes\fselecionaretorno.dfm, OK
e:\projetoscm5\cforms\fontes\ftransfclass.dfm, OK
e:\projetoscm5\cforms\fontes\ftransfclassaut.dfm, OK
e:\projetoscm5\cforms\fontes\fvisualizaarqretorno.dfm, OK
e:\projetoscm5\cforms\fontesmt\faltdadosbancdocmt.dfm, OK
e:\projetoscm5\cforms\fontesmt\falteravencmt.dfm, OK
e:\projetoscm5\cforms\fontesmt\fatualizaoperacaomt.dfm, OK
e:\projetoscm5\cforms\fontesmt\fcadalteradoresmt.dfm, OK
e:\projetoscm5\cforms\fontesmt\fcadbancosxcodigosmt.dfm, OK
e:\projetoscm5\cforms\fontesmt\fcadcertifretencaomt.dfm, OK
e:\projetoscm5\cforms\fontesmt\fcadcladfiscliformt.dfm, OK
e:\projetoscm5\cforms\fontesmt\fcadclasfisximpostomt.dfm, OK
e:\projetoscm5\cforms\fontesmt\fcadimpagregmt.dfm, OK
e:\projetoscm5\cforms\fontesmt\fcartacobrmt.dfm, OK
e:\projetoscm5\cforms\fontesmt\fconfigfatnotarecibomt.dfm, OK
e:\projetoscm5\cforms\fontesmt\fconfigrecibomt.dfm, OK
e:\projetoscm5\cforms\fontesmt\flancalteradoresmt.dfm, OK
e:\projetoscm5\cforms\fontesmt\fparamcapmt.dfm, OK
e:\projetoscm5\cforms\fontesmt\fparamtransfcontabmt.dfm, OK
e:\projetoscm5\cforms\fontesmt\fportadorformamt.dfm, OK
e:\projetoscm5\cforms\reports\source\frelaprovadocs.dfm, OK
e:\projetoscm5\cforms\reports\source\frelautpag.dfm, OK
e:\projetoscm5\cforms\reports\source\freldemossint.dfm, OK
e:\projetoscm5\cforms\reports\source\frelemischeque.dfm, OK
e:\projetoscm5\cforms\reports\source\frelemisetiq.dfm, OK
e:\projetoscm5\cforms\reports\source\frelfichapag.dfm, OK
e:\projetoscm5\cforms\reports\source\frelordemdepago.dfm, OK
e:\projetoscm5\cforms\reports\source\frelslip.dfm, OK
e:\projetoscm5\cforms\reports\source\radiantamento.dfm, OK
e:\projetoscm5\cforms\reports\source\radiantoregularizado.dfm, OK
e:\projetoscm5\cforms\reports\source\raprovadocs.dfm, OK
e:\projetoscm5\cforms\reports\source\ratosgestpag.dfm, OK
e:\projetoscm5\cforms\reports\source\rautpag.dfm, OK
e:\projetoscm5\cforms\reports\source\rcapcontab.dfm, OK
e:\projetoscm5\cforms\reports\source\rcartacob.dfm, OK
e:\projetoscm5\cforms\reports\source\rccforcli.dfm, OK
e:\projetoscm5\cforms\reports\source\rcheque.dfm, OK
e:\projetoscm5\cforms\reports\source\rcontrvalrecpag.dfm, OK
e:\projetoscm5\cforms\reports\source\rdemissint.dfm, OK
e:\projetoscm5\cforms\reports\source\rdemsintgest.dfm, OK
e:\projetoscm5\cforms\reports\source\rdiario.dfm, OK
e:\projetoscm5\cforms\reports\source\rdocabertos.dfm, OK
e:\projetoscm5\cforms\reports\source\rdocdataprog.dfm, OK
e:\projetoscm5\cforms\reports\source\remisetiq.dfm, OK
e:\projetoscm5\cforms\reports\source\rfichapag.dfm, OK
e:\projetoscm5\cforms\reports\source\rlancalt.dfm, OK
e:\projetoscm5\cforms\reports\source\rlancdoc.dfm, OK
e:\projetoscm5\cforms\reports\source\rlistaemisscheque.dfm, OK
e:\projetoscm5\cforms\reports\source\rlote.dfm, OK
e:\projetoscm5\cforms\reports\source\rlotexbanco.dfm, OK
e:\projetoscm5\cforms\reports\source\rmaiorforncli.dfm, OK
e:\projetoscm5\cforms\reports\source\rordemdepago.dfm, OK
e:\projetoscm5\cforms\reports\source\rplanprev.dfm, OK
e:\projetoscm5\cforms\reports\source\rplanprevsin.dfm, OK
e:\projetoscm5\cforms\reports\source\rposisaldos.dfm, OK
e:\projetoscm5\cforms\reports\source\rposisaldosdoc.dfm, OK
e:\projetoscm5\cforms\reports\source\rposisaldosforn.dfm, OK
e:\projetoscm5\cforms\reports\source\rposisaldosforndoc.dfm, OK
e:\projetoscm5\cforms\reports\source\rprevobra.dfm, OK
e:\projetoscm5\cforms\reports\source\rrecdesefet.dfm, OK
e:\projetoscm5\cforms\reports\source\rrecdesneft.dfm, OK
e:\projetoscm5\cforms\reports\source\rrecencargos.dfm, OK
e:\projetoscm5\cforms\reports\source\rrellccontab.dfm, OK
e:\projetoscm5\cforms\reports\source\rslip.dfm, OK
e:\projetoscm5\cforms\reports\source\rtipodesemb.dfm, OK
e:\projetoscm5\cforms\reports\source\rvaloresrecpag.dfm, OK
e:\projetoscm5\cpagar\fontes\facertabaixa.dfm, OK
e:\projetoscm5\cpagar\fontes\falteracentrespon.dfm, OK
e:\projetoscm5\cpagar\fontes\falteralote.dfm, OK
e:\projetoscm5\cpagar\fontes\fbaixacpmf.dfm, OK
e:\projetoscm5\cpagar\fontes\fcancelalote.dfm, OK
e:\projetoscm5\cpagar\fontes\fconciliacpmf.dfm, OK
e:\projetoscm5\cpagar\fontes\fconsdoctoscpmf.dfm, OK
e:\projetoscm5\cpagar\fontes\fconslote.dfm, OK
e:\projetoscm5\cpagar\fontes\fconsordempago.dfm, OK
e:\projetoscm5\cpagar\fontes\femisscheque.dfm, OK
e:\projetoscm5\cpagar\fontes\fexplancto.dfm, OK
e:\projetoscm5\cpagar\fontes\fgeralotepgto.dfm, OK
e:\projetoscm5\cpagar\fontes\fmensagemcpmf.dfm, OK
e:\projetoscm5\cpagar\fontes\fmensversocheque.dfm, OK
e:\projetoscm5\cpagar\fontes\fpageletronico.dfm, OK
e:\projetoscm5\cpagar\fontes\fparamcpmf.dfm, OK
e:\projetoscm5\cpagar\fontes\fparamdemap.dfm, OK
e:\projetoscm5\cpagar\fontes\fpautomatico.dfm, OK
e:\projetoscm5\cpagar\fontes\fpreenchesubconta.dfm, OK
e:\projetoscm5\cpagar\fontes\fprincipal.dfm, OK
e:\projetoscm5\cpagar\fontes\fprogresscpmf.dfm, OK
e:\projetoscm5\cpagar\fontes\freprogramapagto.dfm, OK
e:\projetoscm5\cpagar\fontes\fseltipoimpressaocpmf.dfm, OK
e:\projetoscm5\cpagar\fontes\fselversoch.dfm, OK
e:\projetoscm5\cpagar\fontes\novo.dfm, OK
e:\projetoscm5\cpagar\fontes\rconsanalcpmf.dfm, OK
e:\projetoscm5\cpagar\fontesmt\falteralotemt.dfm, OK
e:\projetoscm5\cpagar\fontesmt\fatualizaoperacaomt.dfm, OK
e:\projetoscm5\cpagar\fontesmt\fcadramoxdesembmt.dfm, OK
e:\projetoscm5\cpagar\fontesmt\fcadtalaochequemt.dfm, OK
e:\projetoscm5\cpagar\fontesmt\fcancelalotemt.dfm, OK
e:\projetoscm5\cpagar\fontesmt\fconfigcheqmt.dfm, OK
e:\projetoscm5\cpagar\fontesmt\femisschequemt.dfm, OK
e:\projetoscm5\cpagar\fontesmt\fgeralotepgtomt.dfm, OK
e:\projetoscm5\cpagar\fontesmt\fpageletronicomt.dfm, OK
e:\projetoscm5\cpagar\reports\source\fparamemissborderomt.dfm, OK
e:\projetoscm5\cpagar\reports\source\rcrxdesemb.dfm, OK
e:\projetoscm5\cpagar\reports\source\rdemgestautpag.dfm, OK
e:\projetoscm5\cpagar\reports\source\rdocpagoxlotes.dfm, OK
e:\projetoscm5\cpagar\reports\source\remissbdebito.dfm, OK
e:\projetoscm5\cpagar\reports\source\rpagcentrespon.dfm, OK
e:\projetoscm5\cpagar\reports\source\rposiforn.dfm, OK
e:\projetoscm5\cpagar\reports\source\rposifornxrespon.dfm, OK
e:\projetoscm5\creceber\fontes\dbasefront.dfm, OK
e:\projetoscm5\creceber\fontes\falteradadosremessa.dfm, OK
e:\projetoscm5\creceber\fontes\falteradocemitidos.dfm, OK
e:\projetoscm5\creceber\fontes\falteraemiscobr.dfm, OK
e:\projetoscm5\creceber\fontes\fbisbilhota.dfm, OK
e:\projetoscm5\creceber\fontes\fcadcliente.dfm, OK
e:\projetoscm5\creceber\fontes\fcadjurosatuarial.dfm, OK
e:\projetoscm5\creceber\fontes\fcadmenscnab.dfm, OK
e:\projetoscm5\creceber\fontes\fcadrecdesxagreg.dfm, OK
e:\projetoscm5\creceber\fontes\fcadtipodesemb.dfm, OK
e:\projetoscm5\creceber\fontes\fcadtipoxdesemb.dfm, OK
e:\projetoscm5\creceber\fontes\fconfigbarrascm.dfm, OK
e:\projetoscm5\creceber\fontes\fconfigbloq.dfm, OK
e:\projetoscm5\creceber\fontes\fcontabreceita.dfm, OK
e:\projetoscm5\creceber\fontes\festornocapcar.dfm, OK
e:\projetoscm5\creceber\fontes\fimpcartao.dfm, OK
e:\projetoscm5\creceber\fontes\fimpvhl.dfm, OK
e:\projetoscm5\creceber\fontes\fparambloquetecobranca.dfm, OK
e:\projetoscm5\creceber\fontes\fparamcartacob.dfm, OK
e:\projetoscm5\creceber\fontes\fparamrembicbanco.dfm, OK
e:\projetoscm5\creceber\fontes\fpessoa.dfm, OK
e:\projetoscm5\creceber\fontes\fprincip.dfm, OK
e:\projetoscm5\creceber\fontes\fprincipal.dfm, OK
e:\projetoscm5\creceber\fontes\fprincipal2.dfm, OK
e:\projetoscm5\creceber\fontes\fselarqcarga.dfm, OK
e:\projetoscm5\creceber\fontes\fselbloquetocobranca.dfm, OK
e:\projetoscm5\creceber\fontes\ftrdxccxconta.dfm, OK
e:\projetoscm5\creceber\fontes\radiantoaberto.dfm, OK
e:\projetoscm5\creceber\fontes\radiantoregularizado.dfm, OK
e:\projetoscm5\creceber\fontes\ralteradoreslancados.dfm, OK
e:\projetoscm5\creceber\fontes\rdiarioauxiliar.dfm, OK
e:\projetoscm5\creceber\fontes\rdocdataprog.dfm, OK
e:\projetoscm5\creceber\fontes\rdocdataprogramada.dfm, OK
e:\projetoscm5\creceber\fontes\rlancadocum.dfm, OK
e:\projetoscm5\creceber\fontes\rmaioresfornecedoresclientes.dfm, OK
e:\projetoscm5\creceber\fontes\unit1.dfm, OK
e:\projetoscm5\creceber\fontesmt\fagrupacnabmt.dfm, OK
e:\projetoscm5\creceber\fontesmt\fcadmenscnabmt.dfm, OK
e:\projetoscm5\creceber\fontesmt\fcadtipoxdesembmt.dfm, OK
e:\projetoscm5\creceber\fontesmt\fconfigbloqmt.dfm, OK
e:\projetoscm5\creceber\fontesmt\fconfigfatnotarecibomt.dfm, OK
e:\projetoscm5\creceber\fontesmt\fcorrigedocumentomt.dfm, OK
e:\projetoscm5\creceber\fontesmt\fdocxcobrancamt.dfm, OK
e:\projetoscm5\creceber\fontesmt\freimprbloqmt.dfm, OK
e:\projetoscm5\creceber\reports\source\raginglistcliente.dfm, OK
e:\projetoscm5\creceber\reports\source\rpagcentrespon.dfm, OK
e:\projetoscm5\creceber\reports\source\rpossaldosanalitico.dfm, OK
e:\projetoscm5\creceber\reports\source\rtrialbalance.dfm, OK
e:\projetoscm5\cfinan\fontes\drelatdemfinanceiro.dfm, OK
e:\projetoscm5\cfinan\fontes\drelatorioscfinan.dfm, OK
e:\projetoscm5\cfinan\fontes\facertabaixa.dfm, OK
e:\projetoscm5\cfinan\fontes\facertaimposto.dfm, OK
e:\projetoscm5\cfinan\fontes\faplicacaofinanc.dfm, OK
e:\projetoscm5\cfinan\fontes\fatufluxoorc.dfm, OK
e:\projetoscm5\cfinan\fontes\fatufluxoorclp.dfm, OK
e:\projetoscm5\cfinan\fontes\fatufluxoprevisto.dfm, OK
e:\projetoscm5\cfinan\fontes\fatufluxoreal.dfm, OK
e:\projetoscm5\cfinan\fontes\fcadcenarioaplic.dfm, OK
e:\projetoscm5\cfinan\fontes\fcadcrxtiporecdes.dfm, OK
e:\projetoscm5\cfinan\fontes\fcadhistpad.dfm, OK
e:\projetoscm5\cfinan\fontes\fcadmontafluxo.dfm, OK
e:\projetoscm5\cfinan\fontes\fcadtipoaplic.dfm, OK
e:\projetoscm5\cfinan\fontes\fcadtipoaplicacao.dfm, OK
e:\projetoscm5\cfinan\fontes\fconcilia.dfm, OK
e:\projetoscm5\cfinan\fontes\fconferdocregular.dfm, OK
e:\projetoscm5\cfinan\fontes\fconsdisp.dfm, OK
e:\projetoscm5\cfinan\fontes\fconssaldofinanc.dfm, OK
e:\projetoscm5\cfinan\fontes\fconsultafluxo.dfm, OK
e:\projetoscm5\cfinan\fontes\fdata.dfm, OK
e:\projetoscm5\cfinan\fontes\fdispondiverg.dfm, OK
e:\projetoscm5\cfinan\fontes\femitecheque.dfm, OK
e:\projetoscm5\cfinan\fontes\festornofinanc.dfm, OK
e:\projetoscm5\cfinan\fontes\fexcluipgto.dfm, OK
e:\projetoscm5\cfinan\fontes\fexparqju.dfm, OK
e:\projetoscm5\cfinan\fontes\fimportaaplicacoes.dfm, OK
e:\projetoscm5\cfinan\fontes\flancfluxoorc.dfm, OK
e:\projetoscm5\cfinan\fontes\fmarcarecpag.dfm, OK
e:\projetoscm5\cfinan\fontes\fmovimfinanc.dfm, OK
e:\projetoscm5\cfinan\fontes\fmudastatus.dfm, OK
e:\projetoscm5\cfinan\fontes\fmultiatufluxoorc.dfm, OK
e:\projetoscm5\cfinan\fontes\fordenafluxo.dfm, OK
e:\projetoscm5\cfinan\fontes\fparamcomprecpag.dfm, OK
e:\projetoscm5\cfinan\fontes\fparamconferdocreg.dfm, OK
e:\projetoscm5\cfinan\fontes\fparamdemfinanceiro.dfm, OK
e:\projetoscm5\cfinan\fontes\fparamextratoconta.dfm, OK
e:\projetoscm5\cfinan\fontes\fparamfinanc.dfm, OK
e:\projetoscm5\cfinan\fontes\fparamlancamento.dfm, OK
e:\projetoscm5\cfinan\fontes\fparamrcontab.dfm, OK
e:\projetoscm5\cfinan\fontes\fparamsaldo.dfm, OK
e:\projetoscm5\cfinan\fontes\fparamsaldohist.dfm, OK
e:\projetoscm5\cfinan\fontes\fprincipal.dfm, OK
e:\projetoscm5\cfinan\fontes\fregduplicado.dfm, OK
e:\projetoscm5\cfinan\fontes\frparamdispfinanc.dfm, OK
e:\projetoscm5\cfinan\fontes\frparamfluxoana.dfm, OK
e:\projetoscm5\cfinan\fontes\frparamorcxprevisto.dfm, OK
e:\projetoscm5\cfinan\fontes\frparamreaxorc.dfm, OK
e:\projetoscm5\cfinan\fontes\frparamreaxorccr.dfm, OK
e:\projetoscm5\cfinan\fontes\frparamtransf.dfm, OK
e:\projetoscm5\cfinan\fontes\fseledocumentos.dfm, OK
e:\projetoscm5\cfinan\fontes\fsimulaativos.dfm, OK
e:\projetoscm5\cfinan\fontes\ftransffundos.dfm, OK
e:\projetoscm5\cfinan\fontes\fverificafluxo.dfm, OK
e:\projetoscm5\cfinan\fontesmt\facertoimposto.dfm, OK
e:\projetoscm5\cfinan\fontesmt\facertoimpostomt.dfm, OK
e:\projetoscm5\cfinan\fontesmt\faplicfinancmt.dfm, OK
e:\projetoscm5\cfinan\fontesmt\fcadhistpadraomt.dfm, OK
e:\projetoscm5\cfinan\fontesmt\fcadmontafluxomt.dfm, OK
e:\projetoscm5\cfinan\fontesmt\fcadtiposaplicmt.dfm, OK
e:\projetoscm5\cfinan\fontesmt\fcadtrdxcrespon.dfm, OK
e:\projetoscm5\cfinan\fontesmt\fcadtrdxcresponmt.dfm, OK
e:\projetoscm5\cfinan\fontesmt\fconcbancariamt.dfm, OK
e:\projetoscm5\cfinan\fontesmt\fconfdocregmt.dfm, OK
e:\projetoscm5\cfinan\fontesmt\fconsdispfinancmt.dfm, OK
e:\projetoscm5\cfinan\fontesmt\fconsfluxomt.dfm, OK
e:\projetoscm5\cfinan\fontesmt\fconssaldofinancmt.dfm, OK
e:\projetoscm5\cfinan\fontesmt\fconsultafluxomt.dfm, OK
e:\projetoscm5\cfinan\fontesmt\fdispdivergentes.dfm, OK
e:\projetoscm5\cfinan\fontesmt\fdispdivergentesmt.dfm, OK
e:\projetoscm5\cfinan\fontesmt\femitechequemt.dfm, OK
e:\projetoscm5\cfinan\fontesmt\festornofinancmt.dfm, OK
e:\projetoscm5\cfinan\fontesmt\fexparqjureremt.dfm, OK
e:\projetoscm5\cfinan\fontesmt\fformaimpconsfluxomt.dfm, OK
e:\projetoscm5\cfinan\fontesmt\fgerafluxoprev.dfm, OK
e:\projetoscm5\cfinan\fontesmt\fgerafluxoprevmt.dfm, OK
e:\projetoscm5\cfinan\fontesmt\fgerafluxorealmt.dfm, OK
e:\projetoscm5\cfinan\fontesmt\fgeralgoprzorcam.dfm, OK
e:\projetoscm5\cfinan\fontesmt\fgeralgoprzorcammt.dfm, OK
e:\projetoscm5\cfinan\fontesmt\fgercurtopzoprevmt.dfm, OK
e:\projetoscm5\cfinan\fontesmt\fgermedpzoprevmt.dfm, OK
e:\projetoscm5\cfinan\fontesmt\fmontadispfinancmt.dfm, OK
e:\projetoscm5\cfinan\fontesmt\fmovimfinancmt.dfm, OK
e:\projetoscm5\cfinan\fontesmt\fmovimfluxoorcmt.dfm, OK
e:\projetoscm5\cfinan\fontesmt\fmudastatusmt.dfm, OK
e:\projetoscm5\cfinan\fontesmt\fmultigerfluxoorcmt.dfm, OK
e:\projetoscm5\cfinan\fontesmt\fordenafluxomt.dfm, OK
e:\projetoscm5\cfinan\fontesmt\fparamfinancmt.dfm, OK
e:\projetoscm5\cfinan\fontesmt\fregniduplicados.dfm, OK
e:\projetoscm5\cfinan\fontesmt\fregniduplicadosmt.dfm, OK
e:\projetoscm5\cfinan\fontesmt\fregniduplicadosni.dfm, OK
e:\projetoscm5\cfinan\fontesmt\frmmultigerfluxoorcmt.dfm, OK
e:\projetoscm5\cfinan\fontesmt\ftransffundosmt.dfm, OK
e:\projetoscm5\cfinan\fontesmt\fverificafluxomt.dfm, OK
e:\projetoscm5\cfinan\reports\source\rassinaturacheque.dfm, OK
e:\projetoscm5\cfinan\reports\source\rcomprecpag.dfm, OK
e:\projetoscm5\cfinan\reports\source\rconfdocreg.dfm, OK
e:\projetoscm5\cfinan\reports\source\rcontabildiaria.dfm, OK
e:\projetoscm5\cfinan\reports\source\rdemposfinanc.dfm, OK
e:\projetoscm5\cfinan\reports\source\rdocmarcrecpag.dfm, OK
e:\projetoscm5\cfinan\reports\source\rextratocontas.dfm, OK
e:\projetoscm5\cfinan\reports\source\rfluxorealanal.dfm, OK
e:\projetoscm5\cfinan\reports\source\rlancfinanc.dfm, OK
e:\projetoscm5\cfinan\reports\source\rorcado.dfm, OK
e:\projetoscm5\cfinan\reports\source\rorcadoxprevisto.dfm, OK
e:\projetoscm5\cfinan\reports\source\rorcadoxreal.dfm, OK
e:\projetoscm5\cfinan\reports\source\rorcadoxrealcr.dfm, OK
e:\projetoscm5\cfinan\reports\source\rsaldocontas.dfm, OK
e:\projetoscm5\cfinan\reports\source\rsaldohist.dfm, OK
e:\projetoscm5\cfinan\reports\source\rtransffundos.dfm, OK
e:\projetoscm5\contab\appserverdll\dcontabsvr50.dfm, OK
e:\projetoscm5\contab\ctrlobjetos\fexpposadasmt.dfm, OK
e:\projetoscm5\contab\fontes\cópia de drelatorios.dfm, OK
e:\projetoscm5\contab\fontes\cópia de drelatorioscontabil.dfm, OK
e:\projetoscm5\contab\fontes\cópia de drelatorioscontabil2.dfm, OK
e:\projetoscm5\contab\fontes\cópia de fimportadinamica.dfm, OK
e:\projetoscm5\contab\fontes\cópia de fimportasaf.dfm, OK
e:\projetoscm5\contab\fontes\cópia de fimportasrh.dfm, OK
e:\projetoscm5\contab\fontes\cópia de frparamrazaoanal.dfm, OK
e:\projetoscm5\contab\fontes\cópia de frparamrazaoccusto.dfm, OK
e:\projetoscm5\contab\fontes\cópia de frparamrazaosimpl.dfm, OK
e:\projetoscm5\contab\fontes\dcontab.dfm, OK
e:\projetoscm5\contab\fontes\ddemonstrativo.dfm, OK
e:\projetoscm5\contab\fontes\drelatorios.dfm, OK
e:\projetoscm5\contab\fontes\drelatorioscontabil.dfm, OK
e:\projetoscm5\contab\fontes\drelatorioscontabil2.dfm, OK
e:\projetoscm5\contab\fontes\dtabelaexterna.dfm, OK
e:\projetoscm5\contab\fontes\dtmtabelaexterna.dfm, OK
e:\projetoscm5\contab\fontes\facertabaixa.dfm, OK
e:\projetoscm5\contab\fontes\facertabaixa1.dfm, OK
e:\projetoscm5\contab\fontes\facertacodred.dfm, OK
e:\projetoscm5\contab\fontes\facertadepara.dfm, OK
e:\projetoscm5\contab\fontes\facertalanccapcar.dfm, OK
e:\projetoscm5\contab\fontes\facertanumplanilha.dfm, OK
e:\projetoscm5\contab\fontes\falteradata.dfm, OK
e:\projetoscm5\contab\fontes\falteraplanocontabil.dfm, OK
e:\projetoscm5\contab\fontes\fatualizamoeda.dfm, OK
e:\projetoscm5\contab\fontes\fatualizasin.dfm, OK
e:\projetoscm5\contab\fontes\fatusaldoana.dfm, OK
e:\projetoscm5\contab\fontes\fcadcolunasdemo.dfm, OK
e:\projetoscm5\contab\fontes\fcadcontascontab.dfm, OK
e:\projetoscm5\contab\fontes\fcadcontasporperiodo.dfm, OK
e:\projetoscm5\contab\fontes\fcaddemo2colunas.dfm, OK
e:\projetoscm5\contab\fontes\fcaddemonstrativo.dfm, OK
e:\projetoscm5\contab\fontes\fcaddeparacontas.dfm, OK
e:\projetoscm5\contab\fontes\fcadelemdemo.dfm, OK
e:\projetoscm5\contab\fontes\fcadfaixadatas.dfm, OK
e:\projetoscm5\contab\fontes\fcadhistorico.dfm, OK
e:\projetoscm5\contab\fontes\fcadlancamautom.dfm, OK
e:\projetoscm5\contab\fontes\fcadlancamentos.dfm, OK
e:\projetoscm5\contab\fontes\fcadlancprepronta.dfm, OK
e:\projetoscm5\contab\fontes\fcadlancrateio.dfm, OK
e:\projetoscm5\contab\fontes\fcadlayoutdemo.dfm, OK
e:\projetoscm5\contab\fontes\fcadlinhasdemo.dfm, OK
e:\projetoscm5\contab\fontes\fcadmovanterior.dfm, OK
e:\projetoscm5\contab\fontes\fcadorcamentocontabil.dfm, OK
e:\projetoscm5\contab\fontes\fcadorcamentocontabil1.dfm, OK
e:\projetoscm5\contab\fontes\fcadparamcontab.dfm, OK
e:\projetoscm5\contab\fontes\fcadpercentrateioap.dfm, OK
e:\projetoscm5\contab\fontes\fcadperiodocontabil.dfm, OK
e:\projetoscm5\contab\fontes\fcadplanilprepronta.dfm, OK
e:\projetoscm5\contab\fontes\fcadplanilrateio.dfm, OK
e:\projetoscm5\contab\fontes\fcadplanocontas.dfm, OK
e:\projetoscm5\contab\fontes\fcadrateioplanprev.dfm, OK
e:\projetoscm5\contab\fontes\fcadrateioprog.dfm, OK
e:\projetoscm5\contab\fontes\fcadregra.dfm, OK
e:\projetoscm5\contab\fontes\fcadregrascontab.dfm, OK
e:\projetoscm5\contab\fontes\fcadsaldoantativproj.dfm, OK
e:\projetoscm5\contab\fontes\fcadsaldoanterior.dfm, OK
e:\projetoscm5\contab\fontes\fcadsubconta.dfm, OK
e:\projetoscm5\contab\fontes\fcadsubgrupo.dfm, OK
e:\projetoscm5\contab\fontes\fcadtabelascontab.dfm, OK
e:\projetoscm5\contab\fontes\fcadtermo.dfm, OK
e:\projetoscm5\contab\fontes\fconfereregra.dfm, OK
e:\projetoscm5\contab\fontes\fconfereregrascontab.dfm, OK
e:\projetoscm5\contab\fontes\fconslogopcao.dfm, OK
e:\projetoscm5\contab\fontes\fconsrazao.dfm, OK
e:\projetoscm5\contab\fontes\fcopiademonstrativo.dfm, OK
e:\projetoscm5\contab\fontes\fdata.dfm, OK
e:\projetoscm5\contab\fontes\fdeficitsuperavit.dfm, OK
e:\projetoscm5\contab\fontes\fduplicardemonstrativo.dfm, OK
e:\projetoscm5\contab\fontes\fencerraexercicio.dfm, OK
e:\projetoscm5\contab\fontes\fencerraperiodo.dfm, OK
e:\projetoscm5\contab\fontes\fencerraresultados.dfm, OK
e:\projetoscm5\contab\fontes\fexcluiplanilhafaixa.dfm, OK
e:\projetoscm5\contab\fontes\fexpdadoslage.dfm, OK
e:\projetoscm5\contab\fontes\fgeraconsolidado.dfm, OK
e:\projetoscm5\contab\fontes\fgeralancrateio.dfm, OK
e:\projetoscm5\contab\fontes\fgeralancrateio1.dfm, OK
e:\projetoscm5\contab\fontes\fgeralancrateioadmin.dfm, OK
e:\projetoscm5\contab\fontes\fgerarateioativproj.dfm, OK
e:\projetoscm5\contab\fontes\fgerasalcont.dfm, OK
e:\projetoscm5\contab\fontes\fgerasaldocalc.dfm, OK
e:\projetoscm5\contab\fontes\fimpdbf.dfm, OK
e:\projetoscm5\contab\fontes\fimpfatdos.dfm, OK
e:\projetoscm5\contab\fontes\fimpfatfidelio.dfm, OK
e:\projetoscm5\contab\fontes\fimpfidelio.dfm, OK
e:\projetoscm5\contab\fontes\fimportacorresp.dfm, OK
e:\projetoscm5\contab\fontes\fimportadinamica.dfm, OK
e:\projetoscm5\contab\fontes\fimportaengenho.dfm, OK
e:\projetoscm5\contab\fontes\fimportaexcel.dfm, OK
e:\projetoscm5\contab\fontes\fimportaexcel4.dfm, OK
e:\projetoscm5\contab\fontes\fimportalancamentos.dfm, OK
e:\projetoscm5\contab\fontes\fimportaplanocontas.dfm, OK
e:\projetoscm5\contab\fontes\fimportaplanosaldos.dfm, OK
e:\projetoscm5\contab\fontes\fimportarm.dfm, OK
e:\projetoscm5\contab\fontes\fimportasaf.dfm, OK
e:\projetoscm5\contab\fontes\fimportasimples.dfm, OK
e:\projetoscm5\contab\fontes\fimportasrh.dfm, OK
e:\projetoscm5\contab\fontes\fimportasrhmt.dfm, OK
e:\projetoscm5\contab\fontes\finfosaldos.dfm, OK
e:\projetoscm5\contab\fontes\fintegradias.dfm, OK
e:\projetoscm5\contab\fontes\fintegraplanilhas.dfm, OK
e:\projetoscm5\contab\fontes\flancamento.dfm, OK
e:\projetoscm5\contab\fontes\flanccadautom.dfm, OK
e:\projetoscm5\contab\fontes\flancmeianoite.dfm, OK
e:\projetoscm5\contab\fontes\flancpesq.dfm, OK
e:\projetoscm5\contab\fontes\flancrateio.dfm, OK
e:\projetoscm5\contab\fontes\flancsaldos.dfm, OK
e:\projetoscm5\contab\fontes\fparamintegrados.dfm, OK
e:\projetoscm5\contab\fontes\fparamintegrafatdos.dfm, OK
e:\projetoscm5\contab\fontes\fprincipal.dfm, OK
e:\projetoscm5\contab\fontes\frateioplanoprev.dfm, OK
e:\projetoscm5\contab\fontes\frateioprog.dfm, OK
e:\projetoscm5\contab\fontes\fregdepositovhf.dfm, OK
e:\projetoscm5\contab\fontes\frparamavisolan.dfm, OK
e:\projetoscm5\contab\fontes\frparambalancete.dfm, OK
e:\projetoscm5\contab\fontes\frparambalanceteanalapcc.dfm, OK
e:\projetoscm5\contab\fontes\frparambalanceteanalapsc.dfm, OK
e:\projetoscm5\contab\fontes\frparambalanceteccusto.dfm, OK
e:\projetoscm5\contab\fontes\frparambalancetecol.dfm, OK
e:\projetoscm5\contab\fontes\frparambalancetecolcc.dfm, OK
e:\projetoscm5\contab\fontes\frparambalancetecolmescc.dfm, OK
e:\projetoscm5\contab\fontes\frparambalancetecolmescc1.dfm, OK
e:\projetoscm5\contab\fontes\frparambalancetecxap.dfm, OK
e:\projetoscm5\contab\fontes\frparambalancetecxcc.dfm, OK
e:\projetoscm5\contab\fontes\frparambalancetecxsc.dfm, OK
e:\projetoscm5\contab\fontes\frparambalanco.dfm, OK
e:\projetoscm5\contab\fontes\frparambalconsolid.dfm, OK
e:\projetoscm5\contab\fontes\frparamccconta.dfm, OK
e:\projetoscm5\contab\fontes\frparamconfcotas.dfm, OK
e:\projetoscm5\contab\fontes\frparamconfsubconta.dfm, OK
e:\projetoscm5\contab\fontes\frparamcontacc.dfm, OK
e:\projetoscm5\contab\fontes\frparamdemo1.dfm, OK
e:\projetoscm5\contab\fontes\frparamdemo2.dfm, OK
e:\projetoscm5\contab\fontes\frparamdemo3.dfm, OK
e:\projetoscm5\contab\fontes\frparamdemo6.dfm, OK
e:\projetoscm5\contab\fontes\frparamdemolayout.dfm, OK
e:\projetoscm5\contab\fontes\frparamdemonstrativo.dfm, OK
e:\projetoscm5\contab\fontes\frparamdemonstrativo1.dfm, OK
e:\projetoscm5\contab\fontes\frparamdemonstrativo3.dfm, OK
e:\projetoscm5\contab\fontes\frparamdemonstrativo4.dfm, OK
e:\projetoscm5\contab\fontes\frparamdemonstrativo5.dfm, OK
e:\projetoscm5\contab\fontes\frparamdemonstrativo6.dfm, OK
e:\projetoscm5\contab\fontes\frparamdiario.dfm, OK
e:\projetoscm5\contab\fontes\frparamhistorico.dfm, OK
e:\projetoscm5\contab\fontes\frparamlistademonst.dfm, OK
e:\projetoscm5\contab\fontes\frparammapaevolu.dfm, OK
e:\projetoscm5\contab\fontes\frparammovdiaria.dfm, OK
e:\projetoscm5\contab\fontes\frparamorcamento.dfm, OK
e:\projetoscm5\contab\fontes\frparamorcamentonew.dfm, OK
e:\projetoscm5\contab\fontes\frparamperiodo.dfm, OK
e:\projetoscm5\contab\fontes\frparamplanilhas.dfm, OK
e:\projetoscm5\contab\fontes\frparamplanocontas.dfm, OK
e:\projetoscm5\contab\fontes\frparamrazaoanal.dfm, OK
e:\projetoscm5\contab\fontes\frparamrazaoccusto.dfm, OK
e:\projetoscm5\contab\fontes\frparamrazaosimpl.dfm, OK
e:\projetoscm5\contab\fontes\frparamrazaosint.dfm, OK
e:\projetoscm5\contab\fontes\frparamsaldoinicial.dfm, OK
e:\projetoscm5\contab\fontes\frparamsaldosatuais.dfm, OK
e:\projetoscm5\contab\fontes\frparamsubconta.dfm, OK
e:\projetoscm5\contab\fontes\fsaldospesq.dfm, OK
e:\projetoscm5\contab\fontes\ftotaisplanil.dfm, OK
e:\projetoscm5\contab\fontes\fverificabloqueados.dfm, OK
e:\projetoscm5\contab\fontes\fveriflanc.dfm, OK
e:\projetoscm5\contab\fontes\regularizacaodepositos.dfm, OK
e:\projetoscm5\contab\fontes\unit1.dfm, OK
e:\projetoscm5\contab\fontesmt\cópia (2) de fcadlayoutdemomt.dfm, OK
e:\projetoscm5\contab\fontesmt\cópia de fcadlayoutdemomt.dfm, OK
e:\projetoscm5\contab\fontesmt\dtermodiario.dfm, OK
e:\projetoscm5\contab\fontesmt\facertacodredmt.dfm, OK
e:\projetoscm5\contab\fontesmt\facertanumplanilhamt.dfm, OK
e:\projetoscm5\contab\fontesmt\falteradatamt.dfm, OK
e:\projetoscm5\contab\fontesmt\falteraplanocontabilmt.dfm, OK
e:\projetoscm5\contab\fontesmt\fatualizamoedamt.dfm, OK
e:\projetoscm5\contab\fontesmt\fatualizasinmt.dfm, OK
e:\projetoscm5\contab\fontesmt\fatuintegradiasmt.dfm, OK
e:\projetoscm5\contab\fontesmt\fatusaldoanamt.dfm, OK
e:\projetoscm5\contab\fontesmt\fcadcolunasdemomt.dfm, OK
e:\projetoscm5\contab\fontesmt\fcadcontascontabmt.dfm, OK
e:\projetoscm5\contab\fontesmt\fcadcontasporperiodomt.dfm, OK
e:\projetoscm5\contab\fontesmt\fcaddem2colunasmt.dfm, OK
e:\projetoscm5\contab\fontesmt\fcaddemo2colunasmt.dfm, OK
e:\projetoscm5\contab\fontesmt\fcaddemonstrativomt.dfm, OK
e:\projetoscm5\contab\fontesmt\fcaddeparacontasmt.dfm, OK
e:\projetoscm5\contab\fontesmt\fcadelemdemomt.dfm, OK
e:\projetoscm5\contab\fontesmt\fcadeventosrhmt.dfm, OK
e:\projetoscm5\contab\fontesmt\fcadfaixadatasmt.dfm, OK
e:\projetoscm5\contab\fontesmt\fcadhistoricomt.dfm, OK
e:\projetoscm5\contab\fontesmt\fcadlancamautommt.dfm, OK
e:\projetoscm5\contab\fontesmt\fcadlancpreprontamt.dfm, OK
e:\projetoscm5\contab\fontesmt\fcadlancrateiomt.dfm, OK
e:\projetoscm5\contab\fontesmt\fcadlayoutdemomt.dfm, OK
e:\projetoscm5\contab\fontesmt\fcadlinhasdemomt.dfm, OK
e:\projetoscm5\contab\fontesmt\fcadmovanteriormt.dfm, OK
e:\projetoscm5\contab\fontesmt\fcadorcamentocontabilmt.dfm, OK
e:\projetoscm5\contab\fontesmt\fcadparamcontabmt.dfm, OK
e:\projetoscm5\contab\fontesmt\fcadpercentrateioapmt.dfm, OK
e:\projetoscm5\contab\fontesmt\fcadperiodocontabilmt.dfm, OK
e:\projetoscm5\contab\fontesmt\fcadplanilpreprontamt.dfm, OK
e:\projetoscm5\contab\fontesmt\fcadplanilrateiomt.dfm, OK
e:\projetoscm5\contab\fontesmt\fcadplanocontasmt.dfm, OK
e:\projetoscm5\contab\fontesmt\fcadratadmplanopatromt.dfm, OK
e:\projetoscm5\contab\fontesmt\fcadrateioplanprevmt.dfm, OK
e:\projetoscm5\contab\fontesmt\fcadrateioprogmt.dfm, OK
e:\projetoscm5\contab\fontesmt\fcadregrascontabmt.dfm, OK
e:\projetoscm5\contab\fontesmt\fcadsaldoantativprojmt.dfm, OK
e:\projetoscm5\contab\fontesmt\fcadsaldoanteriomt.dfm, OK
e:\projetoscm5\contab\fontesmt\fcadsaldoanteriormt.dfm, OK
e:\projetoscm5\contab\fontesmt\fcadsaldocotasplanpatromt.dfm, OK
e:\projetoscm5\contab\fontesmt\fcadsubcontamt.dfm, OK
e:\projetoscm5\contab\fontesmt\fcadsubgrupomt.dfm, OK
e:\projetoscm5\contab\fontesmt\fcadtabelascontabmt.dfm, OK
e:\projetoscm5\contab\fontesmt\fcadtermodiariomt.dfm, OK
e:\projetoscm5\contab\fontesmt\fconfereregramt.dfm, OK
e:\projetoscm5\contab\fontesmt\fconfigrelatoriomt.dfm, OK
e:\projetoscm5\contab\fontesmt\fcopiademonstrativomt.dfm, OK
e:\projetoscm5\contab\fontesmt\fdatamt.dfm, OK
e:\projetoscm5\contab\fontesmt\fdeficitsuperavitmt.dfm, OK
e:\projetoscm5\contab\fontesmt\fencerraexerciciomt.dfm, OK
e:\projetoscm5\contab\fontesmt\fencerraperiodomt.dfm, OK
e:\projetoscm5\contab\fontesmt\fencerraresultadosmt.dfm, OK
e:\projetoscm5\contab\fontesmt\fexcluiplanilhafaixamt.dfm, OK
e:\projetoscm5\contab\fontesmt\fexpposadasmt.dfm, OK
e:\projetoscm5\contab\fontesmt\fgeraconsolidadomt.dfm, OK
e:\projetoscm5\contab\fontesmt\fgeracotaplanpatromt.dfm, OK
e:\projetoscm5\contab\fontesmt\fgeralancrateioadminmt.dfm, OK
e:\projetoscm5\contab\fontesmt\fgeralancrateiomt.dfm, OK
e:\projetoscm5\contab\fontesmt\fgeraratadmplanpatromt.dfm, OK
e:\projetoscm5\contab\fontesmt\fgerarateioativprojmt.dfm, OK
e:\projetoscm5\contab\fontesmt\fgerasalcontmt.dfm, OK
e:\projetoscm5\contab\fontesmt\fgerasaldocalcmt.dfm, OK
e:\projetoscm5\contab\fontesmt\fimpfideliomt.dfm, OK
e:\projetoscm5\contab\fontesmt\fimportacorrespmt.dfm, OK
e:\projetoscm5\contab\fontesmt\fimportadinamicamt.dfm, OK
e:\projetoscm5\contab\fontesmt\fimportaexcelmt.dfm, OK
e:\projetoscm5\contab\fontesmt\fimportalancamentosmt.dfm, OK
e:\projetoscm5\contab\fontesmt\fimportaplanocontasmt.dfm, OK
e:\projetoscm5\contab\fontesmt\fimportaplanosaldosmt.dfm, OK
e:\projetoscm5\contab\fontesmt\fimportarmmt.dfm, OK
e:\projetoscm5\contab\fontesmt\fimportasafmt.dfm, OK
e:\projetoscm5\contab\fontesmt\fimportasrhmt.dfm, OK
e:\projetoscm5\contab\fontesmt\fintegradiasmt.dfm, OK
e:\projetoscm5\contab\fontesmt\fintegraplanilhasmt.dfm, OK
e:\projetoscm5\contab\fontesmt\flancacontabmt.dfm, OK
e:\projetoscm5\contab\fontesmt\flanccadautommt.dfm, OK
e:\projetoscm5\contab\fontesmt\flancmeianoitemt.dfm, OK
e:\projetoscm5\contab\fontesmt\flancpesqmt.dfm, OK
e:\projetoscm5\contab\fontesmt\flancsaldosmt.dfm, OK
e:\projetoscm5\contab\fontesmt\frateioplanoprevmt.dfm, OK
e:\projetoscm5\contab\fontesmt\frateioprogmt.dfm, OK
e:\projetoscm5\contab\fontesmt\fregdepositovhfmt.dfm, OK
e:\projetoscm5\contab\fontesmt\fsaldospesqmt.dfm, OK
e:\projetoscm5\contab\fontesmt\fsegregaplanpatromt.dfm, OK
e:\projetoscm5\contab\fontesmt\fverificabloqueadosmt.dfm, OK
e:\projetoscm5\contab\fontesmt\fveriflancmt.dfm, OK
e:\projetoscm5\contab\fontesmt\unit1.dfm, OK
e:\projetoscm5\contab\relatoriosweb\source\rbalancete.dfm, OK
e:\projetoscm5\contab\relatoriosweb\source\rbalancetecolunado.dfm, OK
e:\projetoscm5\contab\relatoriosweb\source\rbalancetecxsc.dfm, OK
e:\projetoscm5\contab\relatoriosweb\source\rbalanco.dfm, OK
e:\projetoscm5\contab\relatoriosweb\source\rcentrocustoxcontas.dfm, OK
e:\projetoscm5\contab\relatoriosweb\source\rcontabdemolayout.dfm, OK
e:\projetoscm5\contab\relatoriosweb\source\rcontabdemonstrativo.dfm, OK
e:\projetoscm5\contab\relatoriosweb\source\rcontabdemonstrativo1.dfm, OK
e:\projetoscm5\contab\relatoriosweb\source\rcontabdemonstrativo3.dfm, OK
e:\projetoscm5\contab\relatoriosweb\source\rcontabdemonstrativo4.dfm, OK
e:\projetoscm5\contab\relatoriosweb\source\rcontasxcentrocusto.dfm, OK
e:\projetoscm5\contab\relatoriosweb\source\rdemonstrativo5.dfm, OK
e:\projetoscm5\contab\relatoriosweb\source\rdemonstrativomodelo6.dfm, OK
e:\projetoscm5\contab\relatoriosweb\source\rdiario.dfm, OK
e:\projetoscm5\contab\relatoriosweb\source\rdiarioresumido.dfm, OK
e:\projetoscm5\contab\relatoriosweb\source\rhistoricopadrao.dfm, OK
e:\projetoscm5\contab\relatoriosweb\source\rorcadorealizado.dfm, OK
e:\projetoscm5\contab\relatoriosweb\source\rperiodos.dfm, OK
e:\projetoscm5\contab\relatoriosweb\source\rplanilhas.dfm, OK
e:\projetoscm5\contab\relatoriosweb\source\rplanocontas.dfm, OK
e:\projetoscm5\contab\relatoriosweb\source\rrazaoanalitico.dfm, OK
e:\projetoscm5\contab\relatoriosweb\source\rrazaoanalsimples.dfm, OK
e:\projetoscm5\contab\relatoriosweb\source\rrelatweb.dfm, OK
e:\projetoscm5\contab\relatoriosweb\source\rsubcontas.dfm, OK
e:\projetoscm5\contab\reports\source\cópia (2) de rrazaoanalitico.dfm, OK
e:\projetoscm5\contab\reports\source\cópia (3) de rrazaoanalitico.dfm, OK
e:\projetoscm5\contab\reports\source\cópia de fparambalancete.dfm, OK
e:\projetoscm5\contab\reports\source\cópia de fparamorcamento.dfm, OK
e:\projetoscm5\contab\reports\source\cópia de fparamrazaoanal.dfm, OK
e:\projetoscm5\contab\reports\source\cópia de rbalancete.dfm, OK
e:\projetoscm5\contab\reports\source\cópia de rorcamento.dfm, OK
e:\projetoscm5\contab\reports\source\cópia de rrazaoanalitico.dfm, OK
e:\projetoscm5\contab\reports\source\cópia de rrazaoanalsimples.dfm, OK
e:\projetoscm5\contab\reports\source\fbalanceteanalapsc.dfm, OK
e:\projetoscm5\contab\reports\source\fbalancetecxsc.dfm, OK
e:\projetoscm5\contab\reports\source\fbalconsolidado.dfm, OK
e:\projetoscm5\contab\reports\source\fparambalancete.dfm, OK
e:\projetoscm5\contab\reports\source\fparambalancetecolmescc.dfm, OK
e:\projetoscm5\contab\reports\source\fparambalancetecxsc.dfm, OK
e:\projetoscm5\contab\reports\source\fparambalanco.dfm, OK
e:\projetoscm5\contab\reports\source\fparambalconsolidado.dfm, OK
e:\projetoscm5\contab\reports\source\fparamconfcotas.dfm, OK
e:\projetoscm5\contab\reports\source\fparamconfsubconta.dfm, OK
e:\projetoscm5\contab\reports\source\fparamdemonstrativo1.dfm, OK
e:\projetoscm5\contab\reports\source\fparamdemonstrativo4.dfm, OK
e:\projetoscm5\contab\reports\source\fparamdemonstrativo5.dfm, OK
e:\projetoscm5\contab\reports\source\fparamdiario.dfm, OK
e:\projetoscm5\contab\reports\source\fparamdiarioresumido.dfm, OK
e:\projetoscm5\contab\reports\source\fparamlistademonst.dfm, OK
e:\projetoscm5\contab\reports\source\fparamorcamento.dfm, OK
e:\projetoscm5\contab\reports\source\fparamorcamentocc.dfm, OK
e:\projetoscm5\contab\reports\source\fparamplanilhas.dfm, OK
e:\projetoscm5\contab\reports\source\fparamrazaoanal.dfm, OK
e:\projetoscm5\contab\reports\source\fparamrazaoanalsimples.dfm, OK
e:\projetoscm5\contab\reports\source\fparamrazaoccusto.dfm, OK
e:\projetoscm5\contab\reports\source\fparamrazaosint.dfm, OK
e:\projetoscm5\contab\reports\source\fparamsaldoinicial.dfm, OK
e:\projetoscm5\contab\reports\source\frmparamdiariomt.dfm, OK
e:\projetoscm5\contab\reports\source\frparamconfdaluguel.dfm, OK
e:\projetoscm5\contab\reports\source\frparamdiariomt.dfm, OK
e:\projetoscm5\contab\reports\source\ravisolan.dfm, OK
e:\projetoscm5\contab\reports\source\rbalancete.dfm, OK
e:\projetoscm5\contab\reports\source\rbalanceteanalapcc.dfm, OK
e:\projetoscm5\contab\reports\source\rbalanceteanalapsc.dfm, OK
e:\projetoscm5\contab\reports\source\rbalanceteccusto.dfm, OK
e:\projetoscm5\contab\reports\source\rbalancetecolmescc.dfm, OK
e:\projetoscm5\contab\reports\source\rbalancetecolunado.dfm, OK
e:\projetoscm5\contab\reports\source\rbalancetecxap.dfm, OK
e:\projetoscm5\contab\reports\source\rbalancetecxcc.dfm, OK
e:\projetoscm5\contab\reports\source\rbalancetecxsc.dfm, OK
e:\projetoscm5\contab\reports\source\rbalanco.dfm, OK
e:\projetoscm5\contab\reports\source\rbalconsolidado.dfm, OK
e:\projetoscm5\contab\reports\source\rcentrocustoxcontas.dfm, OK
e:\projetoscm5\contab\reports\source\rconfcotas.dfm, OK
e:\projetoscm5\contab\reports\source\rconfdaluguel.dfm, OK
e:\projetoscm5\contab\reports\source\rconfsubconta.dfm, OK
e:\projetoscm5\contab\reports\source\rcontasxcentrocusto.dfm, OK
e:\projetoscm5\contab\reports\source\rdemolayout.dfm, OK
e:\projetoscm5\contab\reports\source\rdemonstrativo1.dfm, OK
e:\projetoscm5\contab\reports\source\rdemonstrativo2.dfm, OK
e:\projetoscm5\contab\reports\source\rdemonstrativo3.dfm, OK
e:\projetoscm5\contab\reports\source\rdemonstrativo4.dfm, OK
e:\projetoscm5\contab\reports\source\rdemonstrativo5.dfm, OK
e:\projetoscm5\contab\reports\source\rdemonstrativo6.dfm, OK
e:\projetoscm5\contab\reports\source\rdemonstrativomodelo6.dfm, OK
e:\projetoscm5\contab\reports\source\rdiario.dfm, OK
e:\projetoscm5\contab\reports\source\rdiarioresumido.dfm, OK
e:\projetoscm5\contab\reports\source\rhistoricopadrao.dfm, OK
e:\projetoscm5\contab\reports\source\rinfrendmensal.dfm, OK
e:\projetoscm5\contab\reports\source\rlistademonst.dfm, OK
e:\projetoscm5\contab\reports\source\rmapaevolu.dfm, OK
e:\projetoscm5\contab\reports\source\rorcadorealizado.dfm, OK
e:\projetoscm5\contab\reports\source\rorcadorealizadonew.dfm, OK
e:\projetoscm5\contab\reports\source\rorcamento.dfm, OK
e:\projetoscm5\contab\reports\source\rorcamentocc.dfm, OK
e:\projetoscm5\contab\reports\source\rperiodos.dfm, OK
e:\projetoscm5\contab\reports\source\rplanilhas.dfm, OK
e:\projetoscm5\contab\reports\source\rplanocontas.dfm, OK
e:\projetoscm5\contab\reports\source\rrazaoanalitico.dfm, OK
e:\projetoscm5\contab\reports\source\rrazaoanalsimples.dfm, OK
e:\projetoscm5\contab\reports\source\rrazaoccusto.dfm, OK
e:\projetoscm5\contab\reports\source\rrazaosintetico.dfm, OK
e:\projetoscm5\contab\reports\source\rrelatweb.dfm, OK
e:\projetoscm5\contab\reports\source\rsaldoinicial.dfm, OK
e:\projetoscm5\contab\reports\source\rsaldosatuais.dfm, OK
e:\projetoscm5\contab\reports\source\rsubcontas.dfm, OK
e:\projetoscm5\livroargentina\fontes\drelatlivarg.dfm, OK
e:\projetoscm5\livroargentina\fontes\fcadmodelonota.dfm, OK
e:\projetoscm5\livroargentina\fontes\fgeralivrocompra.dfm, OK
e:\projetoscm5\livroargentina\fontes\fimpexcel.dfm, OK
e:\projetoscm5\livroargentina\fontes\flanclivroarg.dfm, OK
e:\projetoscm5\livroargentina\fontes\fprincipal.dfm, OK
e:\projetoscm5\livroargentina\fontes\frparamlivrocompra.dfm, OK
e:\projetoscm5\livroargentina\fontes\frparamlivrovenda.dfm, OK
e:\projetoscm5\livroargentina\fontes\ftipoagreximpostos.dfm, OK
e:\projetoscm5\livroargentina\fontes\ftipoaltximpostos.dfm, OK
e:\projetoscm5\evento\fontes\devento.dfm, OK
e:\projetoscm5\evento\fontes\dreleventos.dfm, OK
e:\projetoscm5\evento\fontes\falterarreservadlg.dfm, OK
e:\projetoscm5\evento\fontes\faudit.dfm, OK
e:\projetoscm5\evento\fontes\fcadarrumacao.dfm, OK
e:\projetoscm5\evento\fontes\fcaddeptoev.dfm, OK
e:\projetoscm5\evento\fontes\fcadevento.dfm, OK
e:\projetoscm5\evento\fontes\fcadfuncaoevent.dfm, OK
e:\projetoscm5\evento\fontes\fcadreqevento.dfm, OK
e:\projetoscm5\evento\fontes\fcadsalao.dfm, OK
e:\projetoscm5\evento\fontes\fcadtipoabevento.dfm, OK
e:\projetoscm5\evento\fontes\fcadtipoevento.dfm, OK
e:\projetoscm5\evento\fontes\fcancelares.dfm, OK
e:\projetoscm5\evento\fontes\fcheckinevt.dfm, OK
e:\projetoscm5\evento\fontes\fcheckoutevt.dfm, OK
e:\projetoscm5\evento\fontes\fconfigproposta.dfm, OK
e:\projetoscm5\evento\fontes\fdisp1.dfm, OK
e:\projetoscm5\evento\fontes\fdxgrid.dfm, OK
e:\projetoscm5\evento\fontes\fgridres1.dfm, OK
e:\projetoscm5\evento\fontes\flandia.dfm, OK
e:\projetoscm5\evento\fontes\flegenda.dfm, OK
e:\projetoscm5\evento\fontes\fmotivos.dfm, OK
e:\projetoscm5\evento\fontes\fobsaeb.dfm, OK
e:\projetoscm5\evento\fontes\fobsprop.dfm, OK
e:\projetoscm5\evento\fontes\fobsreqmon.dfm, OK
e:\projetoscm5\evento\fontes\fobsres.dfm, OK
e:\projetoscm5\evento\fontes\fparamdxgrid.dfm, OK
e:\projetoscm5\evento\fontes\fparametros.dfm, OK
e:\projetoscm5\evento\fontes\fparcor.dfm, OK
e:\projetoscm5\evento\fontes\fparos.dfm, OK
e:\projetoscm5\evento\fontes\fparprevrec.dfm, OK
e:\projetoscm5\evento\fontes\fparres.dfm, OK
e:\projetoscm5\evento\fontes\fparsala.dfm, OK
e:\projetoscm5\evento\fontes\fpratosabevento.dfm, OK
e:\projetoscm5\evento\fontes\fprincipal.dfm, OK
e:\projetoscm5\evento\fontes\ftest.dfm, OK
e:\projetoscm5\evento\fontes\ftestgrid.dfm, OK
e:\projetoscm5\globalcm\appserver\dglobalsrvr.dfm, OK
e:\projetoscm5\globalcm\fontes\dglobal.dfm, OK
e:\projetoscm5\globalcm\fontes\drelatorios.dfm, OK
e:\projetoscm5\globalcm\fontes\fatualizaftp.dfm, OK
e:\projetoscm5\globalcm\fontes\fatuscript.dfm, OK
e:\projetoscm5\globalcm\fontes\fcadabc.dfm, OK
e:\projetoscm5\globalcm\fontes\fcadccusto.dfm, OK
e:\projetoscm5\globalcm\fontes\fcadcidade.dfm, OK
e:\projetoscm5\globalcm\fontes\fcadcrespon.dfm, OK
e:\projetoscm5\globalcm\fontes\fcadferiados.dfm, OK
e:\projetoscm5\globalcm\fontes\fcadmoedas.dfm, OK
e:\projetoscm5\globalcm\fontes\fcadpais.dfm, OK
e:\projetoscm5\globalcm\fontes\fcadtipodocpessoa.dfm, OK
e:\projetoscm5\globalcm\fontes\fcadtipoper.dfm, OK
e:\projetoscm5\globalcm\fontes\fcaduf.dfm, OK
e:\projetoscm5\globalcm\fontes\fconfigftp.dfm, OK
e:\projetoscm5\globalcm\fontes\fconsultalogaltexc.dfm, OK
e:\projetoscm5\globalcm\fontes\fcotacaomoeda.dfm, OK
e:\projetoscm5\globalcm\fontes\fexcluitabelasistema.dfm, OK
e:\projetoscm5\globalcm\fontes\fimpmunicip.dfm, OK
e:\projetoscm5\globalcm\fontes\fimporta.dfm, OK
e:\projetoscm5\globalcm\fontes\fimportasaldos.dfm, OK
e:\projetoscm5\globalcm\fontes\fimpplanocntas.dfm, OK
e:\projetoscm5\globalcm\fontes\fimpsubconta.dfm, OK
e:\projetoscm5\globalcm\fontes\flearqreports.dfm, OK
e:\projetoscm5\globalcm\fontes\fmostraexcluilog.dfm, OK
e:\projetoscm5\globalcm\fontes\fparamglobal.dfm, OK
e:\projetoscm5\globalcm\fontes\fpracacompmt.dfm, OK
e:\projetoscm5\globalcm\fontes\fprincipal.dfm, OK
e:\projetoscm5\globalcm\fontes\frelacesso.dfm, OK
e:\projetoscm5\globalcm\fontes\frodascript.dfm, OK
e:\projetoscm5\globalcm\fontes\fusuxccusto.dfm, OK
e:\projetoscm5\globalcm\fontesmt\fcadabcmt.dfm, OK
e:\projetoscm5\globalcm\fontesmt\fcadccustomt.dfm, OK
e:\projetoscm5\globalcm\fontesmt\fcadcidademt.dfm, OK
e:\projetoscm5\globalcm\fontesmt\fcadcreponmt.dfm, OK
e:\projetoscm5\globalcm\fontesmt\fcadestadomt.dfm, OK
e:\projetoscm5\globalcm\fontesmt\fcadferiadomt.dfm, OK
e:\projetoscm5\globalcm\fontesmt\fcadmoedamt.dfm, OK
e:\projetoscm5\globalcm\fontesmt\fcadpaismt.dfm, OK
e:\projetoscm5\globalcm\fontesmt\fcadplanprevcontabilmt.dfm, OK
e:\projetoscm5\globalcm\fontesmt\fcadpracacompmt.dfm, OK
e:\projetoscm5\globalcm\fontesmt\fcadprogramamt.dfm, OK
e:\projetoscm5\globalcm\fontesmt\fcadramofornecedormt.dfm, OK
e:\projetoscm5\globalcm\fontesmt\fcadtipoclientemt.dfm, OK
e:\projetoscm5\globalcm\fontesmt\fcadtipodocpessoamt.dfm, OK
e:\projetoscm5\globalcm\fontesmt\fcadtipopermt.dfm, OK
e:\projetoscm5\globalcm\fontesmt\fcadusrxccustomt.dfm, OK
e:\projetoscm5\globalcm\fontesmt\fconsultalogaltexcmt.dfm, OK
e:\projetoscm5\globalcm\fontesmt\fcotacaomoedamt.dfm, OK
e:\projetoscm5\globalcm\fontesmt\fexcluilogtabelasmt.dfm, OK
e:\projetoscm5\globalcm\fontesmt\fmostralogexc.dfm, OK
e:\projetoscm5\globalcm\fontesmt\fmostralogexcmt.dfm, OK
e:\projetoscm5\globalcm\fontesmt\fparamglobalmt.dfm, OK
e:\projetoscm5\globalcm\fontesmt\fpessoaxmoduloresponmt.dfm, OK
e:\projetoscm5\globalcm\reports\rlistagemdeempresas.dfm, OK
e:\projetoscm5\globalcm\reports\source\racessos.dfm, OK
e:\projetoscm5\globalcm\reports\source\rtrialbalance.dfm, OK
e:\projetoscm5\relatorioscm\appserver\drelatoriosrvr.dfm, OK
e:\projetoscm5\relatorioscm\fontes\asistente.dfm, OK
e:\projetoscm5\relatorioscm\fontes\assistenteexpot.dfm, OK
e:\projetoscm5\relatorioscm\fontes\assistenterelats.dfm, OK
e:\projetoscm5\relatorioscm\fontes\faguardeddic.dfm, OK
e:\projetoscm5\relatorioscm\fontes\fcadgruporelatorio.dfm, OK
e:\projetoscm5\relatorioscm\fontes\fcadrelatorios.dfm, OK
e:\projetoscm5\relatorioscm\fontes\fconfigchartcm.dfm, OK
e:\projetoscm5\relatorioscm\fontes\fconsultamanual.dfm, OK
e:\projetoscm5\relatorioscm\fontes\fdatadic.dfm, OK
e:\projetoscm5\relatorioscm\fontes\fdesenhooutlook.dfm, OK
e:\projetoscm5\relatorioscm\fontes\ffiltrasqlrelat.dfm, OK
e:\projetoscm5\relatorioscm\fontes\fprincipal.dfm, OK
e:\projetoscm5\relatorioscm\fontes\ftransfrelats.dfm, OK
e:\projetoscm5\relatorioscm\fontesmt\fassistenteconsultasmt.dfm, OK
e:\projetoscm5\relatorioscm\fontesmt\fassistenteexportamt.dfm, OK
e:\projetoscm5\relatorioscm\fontesmt\fassistenterelatsmt.dfm, OK
e:\projetoscm5\relatorioscm\fontesmt\fcadgruporelatoriomt.dfm, OK
e:\projetoscm5\relatorioscm\fontesmt\fcadrelatoriomt.dfm, OK
e:\projetoscm5\relatorioscm\fontesmt\fconfigchartmt.dfm, OK
e:\projetoscm5\relatorioscm\fontesmt\fconsultamanualmt.dfm, OK
e:\projetoscm5\relatorioscm\fontesmt\fdatadicmt.dfm, OK
e:\projetoscm5\relatorioscm\fontesmt\fdesenhooutlookmt.dfm, OK
e:\projetoscm5\caf\fontes\dalmoxcaf.dfm, OK
e:\projetoscm5\caf\fontes\dativofixo.dfm, OK
e:\projetoscm5\caf\fontes\drelbalcaf.dfm, OK
e:\projetoscm5\caf\fontes\drelcadcaf.dfm, OK
e:\projetoscm5\caf\fontes\drelopercaf.dfm, OK
e:\projetoscm5\caf\fontes\facertasaldo.dfm, OK
e:\projetoscm5\caf\fontes\fajustaimorefer.dfm, OK
e:\projetoscm5\caf\fontes\fajustasaldocontabfuncef.dfm, OK
e:\projetoscm5\caf\fontes\fcadastrodetalhe.dfm, OK
e:\projetoscm5\caf\fontes\fcadbempendente.dfm, OK
e:\projetoscm5\caf\fontes\fcadbens.dfm, OK
e:\projetoscm5\caf\fontes\fcadclasse.dfm, OK
e:\projetoscm5\caf\fontes\fcadconjunto.dfm, OK
e:\projetoscm5\caf\fontes\fcadcontasmovgrupo.dfm, OK
e:\projetoscm5\caf\fontes\fcaddestinobaixa.dfm, OK
e:\projetoscm5\caf\fontes\fcadgrupos.dfm, OK
e:\projetoscm5\caf\fontes\fcadlocali.dfm, OK
e:\projetoscm5\caf\fontes\fcadmotivosbaixa.dfm, OK
e:\projetoscm5\caf\fontes\fcadobra.dfm, OK
e:\projetoscm5\caf\fontes\fcadobratipoetapa.dfm, OK
e:\projetoscm5\caf\fontes\fcadparamcaf.dfm, OK
e:\projetoscm5\caf\fontes\fcadplanopatrobem.dfm, OK
e:\projetoscm5\caf\fontes\fcadplanopatrobem3.dfm, OK
e:\projetoscm5\caf\fontes\fcadplanopatrobens.dfm, OK
e:\projetoscm5\caf\fontes\fcadresponsa.dfm, OK
e:\projetoscm5\caf\fontes\fcadsituacoes.dfm, OK
e:\projetoscm5\caf\fontes\fcadterceiros.dfm, OK
e:\projetoscm5\caf\fontes\fcadtipoarea.dfm, OK
e:\projetoscm5\caf\fontes\fcadtipodespav.dfm, OK
e:\projetoscm5\caf\fontes\fcadtiposaidatemp.dfm, OK
e:\projetoscm5\caf\fontes\fconsparamcontab.dfm, OK
e:\projetoscm5\caf\fontes\fconsultbens.dfm, OK
e:\projetoscm5\caf\fontes\fconsultcafobra.dfm, OK
e:\projetoscm5\caf\fontes\fconsultinvlevant.dfm, OK
e:\projetoscm5\caf\fontes\fconsultmovim.dfm, OK
e:\projetoscm5\caf\fontes\fconsultsldcontab.dfm, OK
e:\projetoscm5\caf\fontes\fconsultsldgrp.dfm, OK
e:\projetoscm5\caf\fontes\festornadepreciacao.dfm, OK
e:\projetoscm5\caf\fontes\festornamovimentacao.dfm, OK
e:\projetoscm5\caf\fontes\festornaobralanc.dfm, OK
e:\projetoscm5\caf\fontes\fexpcadbenssrf.dfm, OK
e:\projetoscm5\caf\fontes\fexpcontab.dfm, OK
e:\projetoscm5\caf\fontes\fgeratxtcontab.dfm, OK
e:\projetoscm5\caf\fontes\fimpfcrt.dfm, OK
e:\projetoscm5\caf\fontes\fimpfuncef.dfm, OK
e:\projetoscm5\caf\fontes\fimpfuncefimoveis3.dfm, OK
e:\projetoscm5\caf\fontes\fimpfuncefimoveiscad99.dfm, OK
e:\projetoscm5\caf\fontes\fimpfuncefimoveisreav99.dfm, OK
e:\projetoscm5\caf\fontes\fimpmovdepreciacao.dfm, OK
e:\projetoscm5\caf\fontes\finvcadresultado.dfm, OK
e:\projetoscm5\caf\fontes\finvcolpdt3100.dfm, OK
e:\projetoscm5\caf\fontes\finvcolpdt3100old.dfm, OK
e:\projetoscm5\caf\fontes\finvcolpdt3100ori.dfm, OK
e:\projetoscm5\caf\fontes\finvcolscwlucas7000.dfm, OK
e:\projetoscm5\caf\fontes\finvgeracao.dfm, OK
e:\projetoscm5\caf\fontes\finvprocessar.dfm, OK
e:\projetoscm5\caf\fontes\finvprocseltermo.dfm, OK
e:\projetoscm5\caf\fontes\finvregnaoencontrados.dfm, OK
e:\projetoscm5\caf\fontes\fmovacrescimo.dfm, OK
e:\projetoscm5\caf\fontes\fmovbaixa.dfm, OK
e:\projetoscm5\caf\fontes\fmovbenspendentes.dfm, OK
e:\projetoscm5\caf\fontes\fmovcontroletotal.dfm, OK
e:\projetoscm5\caf\fontes\fmovdepreciacao.dfm, OK
e:\projetoscm5\caf\fontes\fmovdesmembramento.dfm, OK
e:\projetoscm5\caf\fontes\fmovencerraobra.dfm, OK
e:\projetoscm5\caf\fontes\fmovestorno.dfm, OK
e:\projetoscm5\caf\fontes\fmovexesaidatemp.dfm, OK
e:\projetoscm5\caf\fontes\fmovobralanc.dfm, OK
e:\projetoscm5\caf\fontes\fmovreavaliacao.dfm, OK
e:\projetoscm5\caf\fontes\fmovremembramento.dfm, OK
e:\projetoscm5\caf\fontes\fmovretsaidatemp.dfm, OK
e:\projetoscm5\caf\fontes\fmovsaidatemp.dfm, OK
e:\projetoscm5\caf\fontes\fmovselbaixa.dfm, OK
e:\projetoscm5\caf\fontes\fmovseltransf.dfm, OK
e:\projetoscm5\caf\fontes\fmovtransfbem.dfm, OK
e:\projetoscm5\caf\fontes\fmovtransfplaca.dfm, OK
e:\projetoscm5\caf\fontes\fparamautsaimat.dfm, OK
e:\projetoscm5\caf\fontes\fparambalpatbem.dfm, OK
e:\projetoscm5\caf\fontes\fparambalpatcc.dfm, OK
e:\projetoscm5\caf\fontes\fparambalpatclas.dfm, OK
e:\projetoscm5\caf\fontes\fparambalpatclas2.dfm, OK
e:\projetoscm5\caf\fontes\fparambalpatgrp.dfm, OK
e:\projetoscm5\caf\fontes\fparambalpatgrpanal2.dfm, OK
e:\projetoscm5\caf\fontes\fparambalpatgrpbx.dfm, OK
e:\projetoscm5\caf\fontes\fparambem.dfm, OK
e:\projetoscm5\caf\fontes\fparambemimovel.dfm, OK
e:\projetoscm5\caf\fontes\fparambemimovel2.dfm, OK
e:\projetoscm5\caf\fontes\fparamcadbemcustom.dfm, OK
e:\projetoscm5\caf\fontes\fparamcadconj.dfm, OK
e:\projetoscm5\caf\fontes\fparamcafobra.dfm, OK
e:\projetoscm5\caf\fontes\fparamconjxbens.dfm, OK
e:\projetoscm5\caf\fontes\fparamconscafcontab.dfm, OK
e:\projetoscm5\caf\fontes\fparamcontab.dfm, OK
e:\projetoscm5\caf\fontes\fparamctamovgrp.dfm, OK
e:\projetoscm5\caf\fontes\fparamentradabens.dfm, OK
e:\projetoscm5\caf\fontes\fparamguiatransfbem.dfm, OK
e:\projetoscm5\caf\fontes\fparaminvpat.dfm, OK
e:\projetoscm5\caf\fontes\fparammovanaper.dfm, OK
e:\projetoscm5\caf\fontes\fparammovanaper2.dfm, OK
e:\projetoscm5\caf\fontes\fparammovbem.dfm, OK
e:\projetoscm5\caf\fontes\fparammovpatgrp.dfm, OK
e:\projetoscm5\caf\fontes\fparamreslevinv.dfm, OK
e:\projetoscm5\caf\fontes\fparamselbxbens.dfm, OK
e:\projetoscm5\caf\fontes\fparamsldctbimomestre.dfm, OK
e:\projetoscm5\caf\fontes\fparamsldctbimovel.dfm, OK
e:\projetoscm5\caf\fontes\fparamtermo.dfm, OK
e:\projetoscm5\caf\fontes\fparamtransfpatgrp.dfm, OK
e:\projetoscm5\caf\fontes\fparamtransfpatgrpa.dfm, OK
e:\projetoscm5\caf\fontes\fprincipal.dfm, OK
e:\projetoscm5\caf\fontes\frecondeprec.dfm, OK
e:\projetoscm5\caf\fontes\frecondeprecbem.dfm, OK
e:\projetoscm5\caf\fontes\freconstdeprecbem.dfm, OK
e:\projetoscm5\caf\fontes\freferlancreaval.dfm, OK
e:\projetoscm5\caf\fontes\fresolvefuncef.dfm, OK
e:\projetoscm5\caf\fontes\fselbem.dfm, OK
e:\projetoscm5\caf\fontes\futilexpplacas.dfm, OK
e:\projetoscm5\caf\fontes\rcafbalpatbem.dfm, OK
e:\projetoscm5\caf\fontes\rcafbalpatgrp.dfm, OK
e:\projetoscm5\caf\fontes\rcafcadbem.dfm, OK
e:\projetoscm5\caf\fontes\rcafcadclasse.dfm, OK
e:\projetoscm5\caf\fontes\rcafcadconjunto.dfm, OK
e:\projetoscm5\caf\fontes\rcafcadgrupo.dfm, OK
e:\projetoscm5\caf\fontes\rcafcadlocal.dfm, OK
e:\projetoscm5\caf\fontes\rcafmovpatbem.dfm, OK
e:\projetoscm5\caf\fontes\rcafmovpatgrp.dfm, OK
e:\projetoscm5\caf\fontes\rcafselbxbens.dfm, OK
1stClass Strings strings, OK
Dialog Strings strings, OK
System Strings strings, OK
Language and country names, OK
Project strings, OK
Excluding strings, OK
Synchronizing resource strings, OK
Scanning completed, 3141 new strings added.